Microchip MPLAB XC8 Compiler V2.20

Linker command line:

-W-3 --edf=C:\Program Files\Microchip\xc8\v2.20\pic\dat\en_msgs.txt -cn \
  -h+dist/default/production\A15_Temperature_Sensor__SSD_Display.X.production.sym \
  --cmf=dist/default/production\A15_Temperature_Sensor__SSD_Display.X.production.cmf \
  -z -Q16F877A -oC:\Users\Louda\AppData\Local\Temp\s1ic.2 \
  --defsym=__MPLAB_BUILD=1 \
  -Mdist/default/production/A15_Temperature_Sensor__SSD_Display.X.production.map \
  -E1 -ver=XC8 Compiler --acfsm=1493 -ASTACK=0110h-016Fh -pstack=STACK \
  -ACODE=00h-07FFhx4 -ASTRCODE=00h-01FFFh -ASTRING=00h-0FFhx32 \
  -ACONST=00h-0FFhx32 -AENTRY=00h-0FFhx32 -ACOMMON=070h-07Fh \
  -ABANK0=020h-06Fh -ABANK1=0A0h-0EFh -ABANK2=0110h-016Fh \
  -ABANK3=0190h-01EFh -ARAM=020h-06Fh,0A0h-0EFh,0110h-016Fh,0190h-01EFh \
  -AABS1=020h-07Fh,0A0h-0EFh,0110h-016Fh,0190h-01EFh -ASFR0=00h-01Fh \
  -ASFR1=080h-09Fh -ASFR2=0100h-010Fh -ASFR3=0180h-018Fh \
  -ACONFIG=02007h-02007h -DCONFIG=2 -AIDLOC=02000h-02003h -DIDLOC=2 \
  -preset_vec=00h,intentry,init,end_init -ppowerup=CODE -pcinit=CODE \
  -pfunctab=ENTRY -AEEDATA=00h-0FFh/02100h -peeprom_data=EEDATA -DEEDATA=2 \
  -DCODE=2 -DSTRCODE=2 -DSTRING=2 -DCONST=2 -DENTRY=2 -k \
  C:\Users\Louda\AppData\Local\Temp\s1ic.o \
  dist/default/production\A15_Temperature_Sensor__SSD_Display.X.production.o 

Object code version is 3.11

Machine type is 16F877A



                Name                               Link     Load   Length Selector   Space Scale
C:\Users\Louda\AppData\Local\Temp\s1ic.o
                end_init                              0        0        3        0       0
                config                             2007     2007        1        0       4
dist/default/production\A15_Temperature_Sensor__SSD_Display.X.production.o
                cinit                               7EA      7EA       16      FD4       0
                config                             2007     2007        1        0       4
                text3                               61E      61E       68      C3C       0
                text2                               5C8      5C8       56      B90       0
                text1                               582      582       46      B04       0
                maintext                            686      686      164      D0C       0
                cstackBANK0                          20       20       23       20       1
                cstackCOMMON                         70       70        E       70       1
                inittext                            56F      56F       13      ADE       0
                dataBANK0                            43       43        E       20       1
                bssBANK0                             51       51        4       20       1
                idataBANK0                          561      561        E      AC2       0

TOTAL           Name                               Link     Load   Length     Space
        CLASS   STACK          

        CLASS   CODE           
                end_init                              0        0        3         0
                cinit                               7EA      7EA       16         0
                text3                               61E      61E       68         0
                text2                               5C8      5C8       56         0
                text1                               582      582       46         0
                maintext                            686      686      164         0
                inittext                            56F      56F       13         0
                idataBANK0                          561      561        E         0

        CLASS   STRCODE        

        CLASS   STRING         

        CLASS   CONST          

        CLASS   ENTRY          

        CLASS   COMMON         
                cstackCOMMON                         70       70        E         1

        CLASS   BANK0          
                cstackBANK0                          20       20       23         1
                dataBANK0                            43       43        E         1
                bssBANK0                             51       51        4         1

        CLASS   BANK1          

        CLASS   BANK2          

        CLASS   BANK3          

        CLASS   RAM            

        CLASS   ABS1           
                abs_s1                               7E       7E        2         1

        CLASS   SFR0           

        CLASS   SFR1           

        CLASS   SFR2           

        CLASS   SFR3           

        CLASS   CONFIG         
                config                             2007     2007        1         4

        CLASS   IDLOC          

        CLASS   EEDATA         



SEGMENTS        Name                           Load    Length   Top    Selector   Space  Class     Delta

                reset_vec                      000000  000003  000003         0       0  CODE        2
                cstackBANK0                    000020  000035  000055        20       1  BANK0       1
                cstackCOMMON                   000070  00000E  00007E        70       1  COMMON      1
                idataBANK0                     000561  00000E  00056F       AC2       0  CODE        2
                inittext                       00056F  000013  000582       ADE       0  CODE        2
                text1                          000582  000046  0005C8       B04       0  CODE        2
                text2                          0005C8  000056  00061E       B90       0  CODE        2
                text3                          00061E  000068  000686       C3C       0  CODE        2
                maintext                       000686  000164  0007EA       D0C       0  CODE        2
                cinit                          0007EA  000016  000800       FD4       0  CODE        2


UNUSED ADDRESS RANGES

        Name                Unused          Largest block    Delta
        BANK0            0055-006F             1B           1
        BANK1            00A0-00EF             50           1
        BANK2            0110-016F             60           1
        BANK3            0190-01EF             60           1
        CODE             0003-0560            55E           2
                         0800-1FFF            800
        CONST            0003-0560            100           2
                         0800-1FFF            100
        EEDATA           2100-21FF            100           2
        ENTRY            0003-0560            100           2
                         0800-1FFF            100
        IDLOC            2000-2003              4           2
        RAM              0055-006F             1B           1
                         00A0-00EF             50
                         0110-016F             60
                         0190-01EF             60
        SFR0             0000-001F             20           1
        SFR1             0080-009F             20           1
        SFR2             0100-010F             10           1
        SFR3             0180-018F             10           1
        STACK            0110-016F             60           1
        STRCODE          0003-0560            55E           2
                         0800-1FFF           1800
        STRING           0003-0560            100           2
                         0800-1FFF            100

                                  Symbol Table

?___lldiv                cstackBANK0  0020
?___llmod                cstackBANK0  002D
?___lmul                 cstackCOMMON 0070
_ADCON0                  (abs)        001F
_ADCON0bits              (abs)        001F
_ADCON1                  (abs)        009F
_ADRESH                  (abs)        001E
_ADRESL                  (abs)        009E
_GO_DONE                 (abs)        00FA
_PORTD                   (abs)        0008
_RA2                     (abs)        002A
_RA3                     (abs)        002B
_RA4                     (abs)        002C
_RA5                     (abs)        002D
_SSD                     dataBANK0    0043
_SSD2_counter            bssBANK0     0053
_SSD3_counter            bssBANK0     0052
_SSD4_counter            bssBANK0     0051
_SSD_status              dataBANK0    0050
_TRISA                   (abs)        0085
_TRISD                   (abs)        0088
__Habs1                  abs1         0000
__Hbank0                 bank0        0000
__Hbank1                 bank1        0000
__Hbank2                 bank2        0000
__Hbank3                 bank3        0000
__HbssBANK0              bssBANK0     0000
__Hcinit                 cinit        0800
__Hclrtext               clrtext      0000
__Hcode                  code         0000
__Hcommon                common       0000
__Hconfig                config       2008
__HcstackBANK0           cstackBANK0  0000
__HcstackCOMMON          cstackCOMMON 0000
__HdataBANK0             dataBANK0    0000
__Heeprom_data           eeprom_data  0000
__Hend_init              end_init     0003
__Hfunctab               functab      0000
__HidataBANK0            idataBANK0   0000
__Hinit                  init         0000
__Hinittext              inittext     0000
__Hintentry              intentry     0000
__Hmaintext              maintext     0000
__Hpowerup               powerup      0000
__Hram                   ram          0000
__Hreset_vec             reset_vec    0000
__Hsfr0                  sfr0         0000
__Hsfr1                  sfr1         0000
__Hsfr2                  sfr2         0000
__Hsfr3                  sfr3         0000
__Hspace_0               (abs)        0800
__Hspace_1               (abs)        007E
__Hspace_2               (abs)        0000
__Hspace_3               (abs)        0000
__Hspace_4               (abs)        400F
__Hstack                 stack        0000
__Hstrings               strings      0000
__Htext                  text         0000
__Labs1                  abs1         0000
__Lbank0                 bank0        0000
__Lbank1                 bank1        0000
__Lbank2                 bank2        0000
__Lbank3                 bank3        0000
__LbssBANK0              bssBANK0     0000
__Lcinit                 cinit        07EA
__Lclrtext               clrtext      0000
__Lcode                  code         0000
__Lcommon                common       0000
__Lconfig                config       0000
__LcstackBANK0           cstackBANK0  0000
__LcstackCOMMON          cstackCOMMON 0000
__LdataBANK0             dataBANK0    0000
__Leeprom_data           eeprom_data  0000
__Lend_init              end_init     0000
__Lfunctab               functab      0000
__LidataBANK0            idataBANK0   0000
__Linit                  init         0000
__Linittext              inittext     0000
__Lintentry              intentry     0000
__Lmaintext              maintext     0000
__Lpowerup               powerup      0000
__Lram                   ram          0000
__Lreset_vec             reset_vec    0000
__Lsfr0                  sfr0         0000
__Lsfr1                  sfr1         0000
__Lsfr2                  sfr2         0000
__Lsfr3                  sfr3         0000
__Lspace_0               (abs)        0000
__Lspace_1               (abs)        0000
__Lspace_2               (abs)        0000
__Lspace_3               (abs)        0000
__Lspace_4               (abs)        0000
__Lstack                 stack        0000
__Lstrings               strings      0000
__Ltext                  text         0000
__S0                     (abs)        0800
__S1                     (abs)        007E
__S2                     (abs)        0000
__S3                     (abs)        0000
___int_sp                stack        0000
___latbits               (abs)        0002
___lldiv                 text3        061E
___lldiv@counter         cstackBANK0  002C
___lldiv@dividend        cstackBANK0  0024
___lldiv@divisor         cstackBANK0  0020
___lldiv@quotient        cstackBANK0  0028
___llmod                 text2        05C8
___llmod@counter         cstackBANK0  0036
___llmod@dividend        cstackBANK0  0031
___llmod@divisor         cstackBANK0  002D
___lmul                  text1        0582
___lmul@multiplicand     cstackCOMMON 0074
___lmul@multiplier       cstackCOMMON 0070
___lmul@product          cstackCOMMON 0079
___sp                    stack        0000
___stackhi               (abs)        0000
___stacklo               (abs)        0000
__end_of___lldiv         text3        0686
__end_of___llmod         text2        061E
__end_of___lmul          text1        05C8
__end_of__initialization cinit        07FC
__end_of_main            maintext     07EA
__initialization         cinit        07EA
__pbssBANK0              bssBANK0     0051
__pcstackBANK0           cstackBANK0  0020
__pcstackCOMMON          cstackCOMMON 0070
__pdataBANK0             dataBANK0    0043
__pidataBANK0            idataBANK0   0561
__pmaintext              maintext     0686
__ptext1                 text1        0582
__ptext2                 text2        05C8
__ptext3                 text3        061E
__size_of___lldiv        (abs)        0000
__size_of___llmod        (abs)        0000
__size_of___lmul         (abs)        0000
__size_of_main           (abs)        0000
_main                    maintext     0686
btemp                    (abs)        007E
end_of_initialization    cinit        07FC
init_fetch0              inittext     056F
init_ram0                inittext     0573
intlevel0                functab      0000
intlevel1                functab      0000
intlevel2                functab      0000
intlevel3                functab      0000
intlevel4                functab      0000
intlevel5                functab      0000
main@LM35_value          cstackBANK0  003F
main@adc_value           cstackBANK0  003B
reset_vec                reset_vec    0000
start                    init         0000
start_initialization     cinit        07EA
wtemp0                   (abs)        007E


FUNCTION INFORMATION:

 *************** function _main *****************
 Defined at:
		line 31 in file "main.c"
 Parameters:    Size  Location     Type
		None
 Auto vars:     Size  Location     Type
  LM35_value      4   31[BANK0 ] volatile unsigned long 
  adc_value       4   27[BANK0 ] volatile unsigned long 
 Return value:  Size  Location     Type
                  1    wreg      void 
 Registers used:
		wreg, fsr0l, fsr0h, status,2, status,0, btemp+1, pclath, cstack
 Tracked objects:
		On entry : 
		On exit  : 
		Unchanged: 
 Data sizes:     COMMON   BANK0   BANK1   BANK3   BANK2
      Params:         0       0       0       0       0
      Locals:         0       8       0       0       0
      Temps:          0       4       0       0       0
      Totals:         0      12       0       0       0
Total ram usage:       12 bytes
 Hardware stack levels required when called:    1
 This function calls:
		___lldiv
		___llmod
		___lmul
 This function is called by:
		Startup code after reset
 This function uses a non-reentrant model


 *************** function ___lmul *****************
 Defined at:
		line 15 in file "C:\Program Files\Microchip\xc8\v2.20\pic\sources\c90\common\Umul32.c"
 Parameters:    Size  Location     Type
  multiplier      4    0[COMMON] unsigned long 
  multiplicand    4    4[COMMON] unsigned long 
 Auto vars:     Size  Location     Type
  product         4    9[COMMON] unsigned long 
 Return value:  Size  Location     Type
                  4    0[COMMON] unsigned long 
 Registers used:
		wreg, status,2, status,0
 Tracked objects:
		On entry : 
		On exit  : 
		Unchanged: 
 Data sizes:     COMMON   BANK0   BANK1   BANK3   BANK2
      Params:         8       0       0       0       0
      Locals:         4       0       0       0       0
      Temps:          1       0       0       0       0
      Totals:        13       0       0       0       0
Total ram usage:       13 bytes
 Hardware stack levels used:    1
 This function calls:
		Nothing
 This function is called by:
		_main
 This function uses a non-reentrant model


 *************** function ___llmod *****************
 Defined at:
		line 5 in file "C:\Program Files\Microchip\xc8\v2.20\pic\sources\c90\common\llmod.c"
 Parameters:    Size  Location     Type
  divisor         4   13[BANK0 ] unsigned long 
  dividend        4   17[BANK0 ] unsigned long 
 Auto vars:     Size  Location     Type
  counter         1   22[BANK0 ] unsigned char 
 Return value:  Size  Location     Type
                  4   13[BANK0 ] unsigned long 
 Registers used:
		wreg, status,2, status,0, btemp+1
 Tracked objects:
		On entry : 
		On exit  : 
		Unchanged: 
 Data sizes:     COMMON   BANK0   BANK1   BANK3   BANK2
      Params:         0       8       0       0       0
      Locals:         0       1       0       0       0
      Temps:          0       1       0       0       0
      Totals:         0      10       0       0       0
Total ram usage:       10 bytes
 Hardware stack levels used:    1
 This function calls:
		Nothing
 This function is called by:
		_main
 This function uses a non-reentrant model


 *************** function ___lldiv *****************
 Defined at:
		line 5 in file "C:\Program Files\Microchip\xc8\v2.20\pic\sources\c90\common\__lldiv.c"
 Parameters:    Size  Location     Type
  divisor         4    0[BANK0 ] unsigned long 
  dividend        4    4[BANK0 ] unsigned long 
 Auto vars:     Size  Location     Type
  quotient        4    8[BANK0 ] unsigned long 
  counter         1   12[BANK0 ] unsigned char 
 Return value:  Size  Location     Type
                  4    0[BANK0 ] unsigned long 
 Registers used:
		wreg, status,2, status,0, btemp+1
 Tracked objects:
		On entry : 
		On exit  : 
		Unchanged: 
 Data sizes:     COMMON   BANK0   BANK1   BANK3   BANK2
      Params:         0       8       0       0       0
      Locals:         0       5       0       0       0
      Temps:          1       0       0       0       0
      Totals:         1      13       0       0       0
Total ram usage:       14 bytes
 Hardware stack levels used:    1
 This function calls:
		Nothing
 This function is called by:
		_main
 This function uses a non-reentrant model



MODULE INFORMATION

Module		Function		Class		Link	Load	Size
C:\Program Files\Microchip\xc8\v2.20\pic\sources\c90\common\Umul32.c
		___lmul        		CODE           	0582	0000	71

C:\Program Files\Microchip\xc8\v2.20\pic\sources\c90\common\Umul32.c estimated size: 71

C:\Program Files\Microchip\xc8\v2.20\pic\sources\c90\common\__lldiv.c
		___lldiv       		CODE           	061E	0000	105

C:\Program Files\Microchip\xc8\v2.20\pic\sources\c90\common\__lldiv.c estimated size: 105

shared
		__initialization		CODE           	07EA	0000	19

shared estimated size: 19

C:\Program Files\Microchip\xc8\v2.20\pic\sources\c90\common\llmod.c
		___llmod       		CODE           	05C8	0000	87

C:\Program Files\Microchip\xc8\v2.20\pic\sources\c90\common\llmod.c estimated size: 87

main.c
		_main          		CODE           	0686	0000	357

main.c estimated size: 357

