Microchip MPLAB XC8 Compiler V2.20

Linker command line:

-W-3 --edf=C:\Program Files\Microchip\xc8\v2.20\pic\dat\en_msgs.txt -cn \
  -h+dist/default/production\A24_Temperature_Sensor_CLCD.X.production.sym \
  --cmf=dist/default/production\A24_Temperature_Sensor_CLCD.X.production.cmf \
  -z -Q16F877A -oC:\Users\Louda\AppData\Local\Temp\s5jc.2 \
  --defsym=__MPLAB_BUILD=1 \
  -Mdist/default/production/A24_Temperature_Sensor_CLCD.X.production.map \
  -E1 -ver=XC8 Compiler --acfsm=1493 -ASTACK=0110h-016Fh -pstack=STACK \
  -ACODE=00h-07FFhx4 -ASTRCODE=00h-01FFFh -ASTRING=00h-0FFhx32 \
  -ACONST=00h-0FFhx32 -AENTRY=00h-0FFhx32 -ACOMMON=070h-07Fh \
  -ABANK0=020h-06Fh -ABANK1=0A0h-0EFh -ABANK2=0110h-016Fh \
  -ABANK3=0190h-01EFh -ARAM=020h-06Fh,0A0h-0EFh,0110h-016Fh,0190h-01EFh \
  -AABS1=020h-07Fh,0A0h-0EFh,0110h-016Fh,0190h-01EFh -ASFR0=00h-01Fh \
  -ASFR1=080h-09Fh -ASFR2=0100h-010Fh -ASFR3=0180h-018Fh \
  -ACONFIG=02007h-02007h -DCONFIG=2 -AIDLOC=02000h-02003h -DIDLOC=2 \
  -preset_vec=00h,intentry,init,end_init -ppowerup=CODE -pcinit=CODE \
  -pfunctab=ENTRY -AEEDATA=00h-0FFh/02100h -peeprom_data=EEDATA -DEEDATA=2 \
  -DCODE=2 -DSTRCODE=2 -DSTRING=2 -DCONST=2 -DENTRY=2 -k \
  C:\Users\Louda\AppData\Local\Temp\s5jc.o \
  dist/default/production\A24_Temperature_Sensor_CLCD.X.production.o 

Object code version is 3.11

Machine type is 16F877A



                Name                               Link     Load   Length Selector   Space Scale
C:\Users\Louda\AppData\Local\Temp\s5jc.o
                end_init                              0        0        3        0       0
                config                             2007     2007        1        0       4
dist/default/production\A24_Temperature_Sensor_CLCD.X.production.o
                cinit                               7E9      7E9       17      FD2       0
                config                             2007     2007        1        0       4
                text11                              430      430       63      860       0
                text10                              38E      38E       1E      71C       0
                text9                               493      493       63      926       0
                text8                               376      376       18      6EC       0
                text7                               351      351       12      6A2       0
                text6                               3AC      3AC       1E      758       0
                text5                               5E3      5E3       9D      BC6       0
                text4                               55E      55E       85      ABC       0
                text3                               680      680       9F      D00       0
                text2                               4F6      4F6       68      9EC       0
                text1                               3EA      3EA       46      7D4       0
                maintext                            71F      71F       CA      E3E       0
                cstackBANK0                          40       40       1F       20       1
                cstackCOMMON                         70       70        E       70       1
                inittext                            363      363       13      6C6       0
                dataBANK0                            20       20       20       20       1
                bssBANK0                             5F       5F        5       20       1
                idataBANK0                          3CA      3CA       20      794       0

TOTAL           Name                               Link     Load   Length     Space
        CLASS   STACK          

        CLASS   CODE           
                end_init                              0        0        3         0
                cinit                               7E9      7E9       17         0
                text11                              430      430       63         0
                text10                              38E      38E       1E         0
                text9                               493      493       63         0
                text8                               376      376       18         0
                text7                               351      351       12         0
                text6                               3AC      3AC       1E         0
                text5                               5E3      5E3       9D         0
                text4                               55E      55E       85         0
                text3                               680      680       9F         0
                text2                               4F6      4F6       68         0
                text1                               3EA      3EA       46         0
                maintext                            71F      71F       CA         0
                inittext                            363      363       13         0
                idataBANK0                          3CA      3CA       20         0

        CLASS   STRCODE        

        CLASS   STRING         

        CLASS   CONST          

        CLASS   ENTRY          

        CLASS   COMMON         
                cstackCOMMON                         70       70        E         1

        CLASS   BANK0          
                cstackBANK0                          40       40       1F         1
                dataBANK0                            20       20       20         1
                bssBANK0                             5F       5F        5         1

        CLASS   BANK1          

        CLASS   BANK2          

        CLASS   BANK3          

        CLASS   RAM            

        CLASS   ABS1           
                abs_s1                               7E       7E        2         1

        CLASS   SFR0           

        CLASS   SFR1           

        CLASS   SFR2           

        CLASS   SFR3           

        CLASS   CONFIG         
                config                             2007     2007        1         4

        CLASS   IDLOC          

        CLASS   EEDATA         



SEGMENTS        Name                           Load    Length   Top    Selector   Space  Class     Delta

                reset_vec                      000000  000003  000003         0       0  CODE        2
                dataBANK0                      000020  000044  000064        20       1  BANK0       1
                cstackCOMMON                   000070  00000E  00007E        70       1  COMMON      1
                text7                          000351  000012  000363       6A2       0  CODE        2
                inittext                       000363  000013  000376       6C6       0  CODE        2
                text8                          000376  000018  00038E       6EC       0  CODE        2
                text10                         00038E  00001E  0003AC       71C       0  CODE        2
                text6                          0003AC  00001E  0003CA       758       0  CODE        2
                idataBANK0                     0003CA  000020  0003EA       794       0  CODE        2
                text1                          0003EA  000046  000430       7D4       0  CODE        2
                text11                         000430  000063  000493       860       0  CODE        2
                text9                          000493  000063  0004F6       926       0  CODE        2
                text2                          0004F6  000068  00055E       9EC       0  CODE        2
                text4                          00055E  000085  0005E3       ABC       0  CODE        2
                text5                          0005E3  00009D  000680       BC6       0  CODE        2
                text3                          000680  00009F  00071F       D00       0  CODE        2
                maintext                       00071F  0000CA  0007E9       E3E       0  CODE        2
                cinit                          0007E9  000017  000800       FD2       0  CODE        2


UNUSED ADDRESS RANGES

        Name                Unused          Largest block    Delta
        BANK0            0064-006F              C           1
        BANK1            00A0-00EF             50           1
        BANK2            0110-016F             60           1
        BANK3            0190-01EF             60           1
        CODE             0003-0350            34E           2
                         0800-1FFF            800
        CONST            0003-0350            100           2
                         0800-1FFF            100
        EEDATA           2100-21FF            100           2
        ENTRY            0003-0350            100           2
                         0800-1FFF            100
        IDLOC            2000-2003              4           2
        RAM              0064-006F              C           1
                         00A0-00EF             50
                         0110-016F             60
                         0190-01EF             60
        SFR0             0000-001F             20           1
        SFR1             0080-009F             20           1
        SFR2             0100-010F             10           1
        SFR3             0180-018F             10           1
        STACK            0110-016F             60           1
        STRCODE          0003-0350            34E           2
                         0800-1FFF           1800
        STRING           0003-0350            100           2
                         0800-1FFF            100

                                  Symbol Table

?___aldiv                cstackCOMMON 0070
?___almod                cstackCOMMON 0070
?___lldiv                cstackBANK0  0040
?___lmul                 cstackCOMMON 0070
LCD_DisChar@DATA         cstackCOMMON 0072
LCD_DisStr@i             cstackCOMMON 0075
LCD_DisStr@str           cstackCOMMON 0074
LCD_DisStrRC@column      cstackCOMMON 0077
LCD_DisStrRC@row         cstackCOMMON 0076
LCD_DisStrRC@str         cstackCOMMON 0078
LCD_GotoRC@column        cstackCOMMON 0073
LCD_GotoRC@row           cstackCOMMON 0074
LCD_Int2Str@Integer      cstackBANK0  0046
LCD_Int2Str@i            cstackBANK0  004D
LCD_Int2Str@j            cstackBANK0  004C
LCD_Int2Str@str          cstackBANK0  004A
LCD_Int2Str@temp         cstackBANK0  004B
LCD_SendCMD@COMMAND      cstackCOMMON 0072
_ADCON0                  (abs)        001F
_ADCON0bits              (abs)        001F
_ADCON1                  (abs)        009F
_ADRESH                  (abs)        001E
_ADRESL                  (abs)        009E
_First_Row_Massage       dataBANK0    0030
_GO_DONE                 (abs)        00FA
_LCD_DisChar             text11       0430
_LCD_DisStr              text10       038E
_LCD_DisStrRC            text7        0351
_LCD_GotoRC              text8        0376
_LCD_Init                text6        03AC
_LCD_Int2Str             text3        0680
_LCD_SendCMD             text9        0493
_PORTD                   (abs)        0008
_RE1                     (abs)        0049
_RE2                     (abs)        004A
_Second_Row_Massage      dataBANK0    0020
_TRISAbits               (abs)        0085
_TRISD                   (abs)        0088
_TRISEbits               (abs)        0089
__Habs1                  abs1         0000
__Hbank0                 bank0        0000
__Hbank1                 bank1        0000
__Hbank2                 bank2        0000
__Hbank3                 bank3        0000
__HbssBANK0              bssBANK0     0000
__Hcinit                 cinit        0800
__Hclrtext               clrtext      0000
__Hcode                  code         0000
__Hcommon                common       0000
__Hconfig                config       2008
__HcstackBANK0           cstackBANK0  0000
__HcstackCOMMON          cstackCOMMON 0000
__HdataBANK0             dataBANK0    0000
__Heeprom_data           eeprom_data  0000
__Hend_init              end_init     0003
__Hfunctab               functab      0000
__HidataBANK0            idataBANK0   0000
__Hinit                  init         0000
__Hinittext              inittext     0000
__Hintentry              intentry     0000
__Hmaintext              maintext     0000
__Hpowerup               powerup      0000
__Hram                   ram          0000
__Hreset_vec             reset_vec    0000
__Hsfr0                  sfr0         0000
__Hsfr1                  sfr1         0000
__Hsfr2                  sfr2         0000
__Hsfr3                  sfr3         0000
__Hspace_0               (abs)        0800
__Hspace_1               (abs)        007E
__Hspace_2               (abs)        0000
__Hspace_3               (abs)        0000
__Hspace_4               (abs)        400F
__Hstack                 stack        0000
__Hstrings               strings      0000
__Htext                  text         0000
__Labs1                  abs1         0000
__Lbank0                 bank0        0000
__Lbank1                 bank1        0000
__Lbank2                 bank2        0000
__Lbank3                 bank3        0000
__LbssBANK0              bssBANK0     0000
__Lcinit                 cinit        07E9
__Lclrtext               clrtext      0000
__Lcode                  code         0000
__Lcommon                common       0000
__Lconfig                config       0000
__LcstackBANK0           cstackBANK0  0000
__LcstackCOMMON          cstackCOMMON 0000
__LdataBANK0             dataBANK0    0000
__Leeprom_data           eeprom_data  0000
__Lend_init              end_init     0000
__Lfunctab               functab      0000
__LidataBANK0            idataBANK0   0000
__Linit                  init         0000
__Linittext              inittext     0000
__Lintentry              intentry     0000
__Lmaintext              maintext     0000
__Lpowerup               powerup      0000
__Lram                   ram          0000
__Lreset_vec             reset_vec    0000
__Lsfr0                  sfr0         0000
__Lsfr1                  sfr1         0000
__Lsfr2                  sfr2         0000
__Lsfr3                  sfr3         0000
__Lspace_0               (abs)        0000
__Lspace_1               (abs)        0000
__Lspace_2               (abs)        0000
__Lspace_3               (abs)        0000
__Lspace_4               (abs)        0000
__Lstack                 stack        0000
__Lstrings               strings      0000
__Ltext                  text         0000
__S0                     (abs)        0800
__S1                     (abs)        007E
__S2                     (abs)        0000
__S3                     (abs)        0000
___aldiv                 text5        05E3
___aldiv@counter         cstackBANK0  0040
___aldiv@dividend        cstackCOMMON 0074
___aldiv@divisor         cstackCOMMON 0070
___aldiv@quotient        cstackBANK0  0042
___aldiv@sign            cstackBANK0  0041
___almod                 text4        055E
___almod@counter         cstackCOMMON 0079
___almod@dividend        cstackCOMMON 0074
___almod@divisor         cstackCOMMON 0070
___almod@sign            cstackCOMMON 007A
___int_sp                stack        0000
___latbits               (abs)        0002
___lldiv                 text2        04F6
___lldiv@counter         cstackBANK0  004C
___lldiv@dividend        cstackBANK0  0044
___lldiv@divisor         cstackBANK0  0040
___lldiv@quotient        cstackBANK0  0048
___lmul                  text1        03EA
___lmul@multiplicand     cstackCOMMON 0074
___lmul@multiplier       cstackCOMMON 0070
___lmul@product          cstackCOMMON 0079
___sp                    stack        0000
___stackhi               (abs)        0000
___stacklo               (abs)        0000
__end_of_LCD_DisChar     text11       0493
__end_of_LCD_DisStr      text10       03AC
__end_of_LCD_DisStrRC    text7        0363
__end_of_LCD_GotoRC      text8        038E
__end_of_LCD_Init        text6        03CA
__end_of_LCD_Int2Str     text3        071F
__end_of_LCD_SendCMD     text9        04F6
__end_of___aldiv         text5        0680
__end_of___almod         text4        05E3
__end_of___lldiv         text2        055E
__end_of___lmul          text1        0430
__end_of__initialization cinit        07FC
__end_of_main            maintext     07E9
__initialization         cinit        07E9
__pbssBANK0              bssBANK0     005F
__pcstackBANK0           cstackBANK0  0040
__pcstackCOMMON          cstackCOMMON 0070
__pdataBANK0             dataBANK0    0020
__pidataBANK0            idataBANK0   03CA
__pmaintext              maintext     071F
__ptext1                 text1        03EA
__ptext10                text10       038E
__ptext11                text11       0430
__ptext2                 text2        04F6
__ptext3                 text3        0680
__ptext4                 text4        055E
__ptext5                 text5        05E3
__ptext6                 text6        03AC
__ptext7                 text7        0351
__ptext8                 text8        0376
__ptext9                 text9        0493
__size_of_LCD_DisChar    (abs)        0000
__size_of_LCD_DisStr     (abs)        0000
__size_of_LCD_DisStrRC   (abs)        0000
__size_of_LCD_GotoRC     (abs)        0000
__size_of_LCD_Init       (abs)        0000
__size_of_LCD_Int2Str    (abs)        0000
__size_of_LCD_SendCMD    (abs)        0000
__size_of___aldiv        (abs)        0000
__size_of___almod        (abs)        0000
__size_of___lldiv        (abs)        0000
__size_of___lmul         (abs)        0000
__size_of_main           (abs)        0000
_main                    maintext     071F
btemp                    (abs)        007E
end_of_initialization    cinit        07FC
init_fetch0              inittext     0363
init_ram0                inittext     0367
intlevel0                functab      0000
intlevel1                functab      0000
intlevel2                functab      0000
intlevel3                functab      0000
intlevel4                functab      0000
intlevel5                functab      0000
main@LM35_Str            cstackBANK0  0052
main@LM35_value          cstackBANK0  005B
main@adc_value           cstackBANK0  0057
reset_vec                reset_vec    0000
start                    init         0000
start_initialization     cinit        07E9
wtemp0                   (abs)        007E


FUNCTION INFORMATION:

 *************** function _main *****************
 Defined at:
		line 15 in file "main.c"
 Parameters:    Size  Location     Type
		None
 Auto vars:     Size  Location     Type
  LM35_Str        5   18[BANK0 ] unsigned char [5]
  LM35_value      4   27[BANK0 ] volatile unsigned long 
  adc_value       4   23[BANK0 ] volatile unsigned long 
 Return value:  Size  Location     Type
                  1    wreg      void 
 Registers used:
		wreg, fsr0l, fsr0h, status,2, status,0, btemp+1, pclath, cstack
 Tracked objects:
		On entry : 
		On exit  : 
		Unchanged: 
 Data sizes:     COMMON   BANK0   BANK1   BANK3   BANK2
      Params:         0       0       0       0       0
      Locals:         0      13       0       0       0
      Temps:          0       4       0       0       0
      Totals:         0      17       0       0       0
Total ram usage:       17 bytes
 Hardware stack levels required when called:    3
 This function calls:
		_LCD_DisChar
		_LCD_DisStrRC
		_LCD_Init
		_LCD_Int2Str
		___lldiv
		___lmul
 This function is called by:
		Startup code after reset
 This function uses a non-reentrant model


 *************** function ___lmul *****************
 Defined at:
		line 15 in file "C:\Program Files\Microchip\xc8\v2.20\pic\sources\c90\common\Umul32.c"
 Parameters:    Size  Location     Type
  multiplier      4    0[COMMON] unsigned long 
  multiplicand    4    4[COMMON] unsigned long 
 Auto vars:     Size  Location     Type
  product         4    9[COMMON] unsigned long 
 Return value:  Size  Location     Type
                  4    0[COMMON] unsigned long 
 Registers used:
		wreg, status,2, status,0
 Tracked objects:
		On entry : 
		On exit  : 
		Unchanged: 
 Data sizes:     COMMON   BANK0   BANK1   BANK3   BANK2
      Params:         8       0       0       0       0
      Locals:         4       0       0       0       0
      Temps:          1       0       0       0       0
      Totals:        13       0       0       0       0
Total ram usage:       13 bytes
 Hardware stack levels used:    1
 This function calls:
		Nothing
 This function is called by:
		_main
 This function uses a non-reentrant model


 *************** function ___lldiv *****************
 Defined at:
		line 5 in file "C:\Program Files\Microchip\xc8\v2.20\pic\sources\c90\common\__lldiv.c"
 Parameters:    Size  Location     Type
  divisor         4    0[BANK0 ] unsigned long 
  dividend        4    4[BANK0 ] unsigned long 
 Auto vars:     Size  Location     Type
  quotient        4    8[BANK0 ] unsigned long 
  counter         1   12[BANK0 ] unsigned char 
 Return value:  Size  Location     Type
                  4    0[BANK0 ] unsigned long 
 Registers used:
		wreg, status,2, status,0, btemp+1
 Tracked objects:
		On entry : 
		On exit  : 
		Unchanged: 
 Data sizes:     COMMON   BANK0   BANK1   BANK3   BANK2
      Params:         0       8       0       0       0
      Locals:         0       5       0       0       0
      Temps:          1       0       0       0       0
      Totals:         1      13       0       0       0
Total ram usage:       14 bytes
 Hardware stack levels used:    1
 This function calls:
		Nothing
 This function is called by:
		_main
 This function uses a non-reentrant model


 *************** function _LCD_Int2Str *****************
 Defined at:
		line 128 in file "LCD.c"
 Parameters:    Size  Location     Type
  Integer         4    6[BANK0 ] long 
  str             1   10[BANK0 ] PTR unsigned char 
		 -> main@LM35_Str(5), 
 Auto vars:     Size  Location     Type
  temp            1   11[BANK0 ] unsigned char 
  i               1   13[BANK0 ] unsigned char 
  j               1   12[BANK0 ] unsigned char 
 Return value:  Size  Location     Type
                  1    wreg      void 
 Registers used:
		wreg, fsr0l, fsr0h, status,2, status,0, btemp+1, pclath, cstack
 Tracked objects:
		On entry : 
		On exit  : 
		Unchanged: 
 Data sizes:     COMMON   BANK0   BANK1   BANK3   BANK2
      Params:         0       5       0       0       0
      Locals:         0       3       0       0       0
      Temps:          2       0       0       0       0
      Totals:         2       8       0       0       0
Total ram usage:       10 bytes
 Hardware stack levels used:    1
 Hardware stack levels required when called:    1
 This function calls:
		___aldiv
		___almod
 This function is called by:
		_main
 This function uses a non-reentrant model


 *************** function ___almod *****************
 Defined at:
		line 5 in file "C:\Program Files\Microchip\xc8\v2.20\pic\sources\c90\common\almod.c"
 Parameters:    Size  Location     Type
  divisor         4    0[COMMON] long 
  dividend        4    4[COMMON] long 
 Auto vars:     Size  Location     Type
  sign            1   10[COMMON] unsigned char 
  counter         1    9[COMMON] unsigned char 
 Return value:  Size  Location     Type
                  4    0[COMMON] long 
 Registers used:
		wreg, status,2, status,0, btemp+1
 Tracked objects:
		On entry : 
		On exit  : 
		Unchanged: 
 Data sizes:     COMMON   BANK0   BANK1   BANK3   BANK2
      Params:         8       0       0       0       0
      Locals:         2       0       0       0       0
      Temps:          1       0       0       0       0
      Totals:        11       0       0       0       0
Total ram usage:       11 bytes
 Hardware stack levels used:    1
 This function calls:
		Nothing
 This function is called by:
		_LCD_Int2Str
 This function uses a non-reentrant model


 *************** function ___aldiv *****************
 Defined at:
		line 5 in file "C:\Program Files\Microchip\xc8\v2.20\pic\sources\c90\common\aldiv.c"
 Parameters:    Size  Location     Type
  divisor         4    0[COMMON] long 
  dividend        4    4[COMMON] long 
 Auto vars:     Size  Location     Type
  quotient        4    2[BANK0 ] long 
  sign            1    1[BANK0 ] unsigned char 
  counter         1    0[BANK0 ] unsigned char 
 Return value:  Size  Location     Type
                  4    0[COMMON] long 
 Registers used:
		wreg, status,2, status,0, btemp+1
 Tracked objects:
		On entry : 
		On exit  : 
		Unchanged: 
 Data sizes:     COMMON   BANK0   BANK1   BANK3   BANK2
      Params:         8       0       0       0       0
      Locals:         0       6       0       0       0
      Temps:          1       0       0       0       0
      Totals:         9       6       0       0       0
Total ram usage:       15 bytes
 Hardware stack levels used:    1
 This function calls:
		Nothing
 This function is called by:
		_LCD_Int2Str
 This function uses a non-reentrant model


 *************** function _LCD_Init *****************
 Defined at:
		line 6 in file "LCD.c"
 Parameters:    Size  Location     Type
		None
 Auto vars:     Size  Location     Type
		None
 Return value:  Size  Location     Type
                  1    wreg      void 
 Registers used:
		wreg, status,2, status,0, pclath, cstack
 Tracked objects:
		On entry : 
		On exit  : 
		Unchanged: 
 Data sizes:     COMMON   BANK0   BANK1   BANK3   BANK2
      Params:         0       0       0       0       0
      Locals:         0       0       0       0       0
      Temps:          0       0       0       0       0
      Totals:         0       0       0       0       0
Total ram usage:        0 bytes
 Hardware stack levels used:    1
 Hardware stack levels required when called:    1
 This function calls:
		_LCD_SendCMD
 This function is called by:
		_main
 This function uses a non-reentrant model


 *************** function _LCD_DisStrRC *****************
 Defined at:
		line 181 in file "LCD.c"
 Parameters:    Size  Location     Type
  str             1    wreg     PTR unsigned char 
		 -> Second_Row_Massage(16), First_Row_Massage(16), main@LM35_Str(5), 
  row             1    6[COMMON] unsigned char 
  column          1    7[COMMON] unsigned char 
 Auto vars:     Size  Location     Type
  str             1    8[COMMON] PTR unsigned char 
		 -> Second_Row_Massage(16), First_Row_Massage(16), main@LM35_Str(5), 
 Return value:  Size  Location     Type
                  1    wreg      void 
 Registers used:
		wreg, fsr0l, fsr0h, status,2, status,0, btemp+1, pclath, cstack
 Tracked objects:
		On entry : 
		On exit  : 
		Unchanged: 
 Data sizes:     COMMON   BANK0   BANK1   BANK3   BANK2
      Params:         2       0       0       0       0
      Locals:         1       0       0       0       0
      Temps:          0       0       0       0       0
      Totals:         3       0       0       0       0
Total ram usage:        3 bytes
 Hardware stack levels used:    1
 Hardware stack levels required when called:    2
 This function calls:
		_LCD_DisStr
		_LCD_GotoRC
 This function is called by:
		_main
 This function uses a non-reentrant model


 *************** function _LCD_GotoRC *****************
 Defined at:
		line 170 in file "LCD.c"
 Parameters:    Size  Location     Type
  row             1    wreg     unsigned char 
  column          1    3[COMMON] unsigned char 
 Auto vars:     Size  Location     Type
  row             1    4[COMMON] unsigned char 
 Return value:  Size  Location     Type
                  1    wreg      void 
 Registers used:
		wreg, status,2, status,0, pclath, cstack
 Tracked objects:
		On entry : 
		On exit  : 
		Unchanged: 
 Data sizes:     COMMON   BANK0   BANK1   BANK3   BANK2
      Params:         1       0       0       0       0
      Locals:         1       0       0       0       0
      Temps:          0       0       0       0       0
      Totals:         2       0       0       0       0
Total ram usage:        2 bytes
 Hardware stack levels used:    1
 Hardware stack levels required when called:    1
 This function calls:
		_LCD_SendCMD
 This function is called by:
		_LCD_DisStrRC
 This function uses a non-reentrant model


 *************** function _LCD_SendCMD *****************
 Defined at:
		line 31 in file "LCD.c"
 Parameters:    Size  Location     Type
  COMMAND         1    wreg     unsigned char 
 Auto vars:     Size  Location     Type
  COMMAND         1    2[COMMON] unsigned char 
 Return value:  Size  Location     Type
                  1    wreg      void 
 Registers used:
		wreg, status,2, status,0
 Tracked objects:
		On entry : 
		On exit  : 
		Unchanged: 
 Data sizes:     COMMON   BANK0   BANK1   BANK3   BANK2
      Params:         0       0       0       0       0
      Locals:         1       0       0       0       0
      Temps:          2       0       0       0       0
      Totals:         3       0       0       0       0
Total ram usage:        3 bytes
 Hardware stack levels used:    1
 This function calls:
		Nothing
 This function is called by:
		_LCD_Init
		_LCD_GotoRC
 This function uses a non-reentrant model


 *************** function _LCD_DisStr *****************
 Defined at:
		line 116 in file "LCD.c"
 Parameters:    Size  Location     Type
  str             1    wreg     PTR unsigned char 
		 -> Second_Row_Massage(16), First_Row_Massage(16), main@LM35_Str(5), 
 Auto vars:     Size  Location     Type
  str             1    4[COMMON] PTR unsigned char 
		 -> Second_Row_Massage(16), First_Row_Massage(16), main@LM35_Str(5), 
  i               1    5[COMMON] unsigned char 
 Return value:  Size  Location     Type
                  1    wreg      void 
 Registers used:
		wreg, fsr0l, fsr0h, status,2, status,0, btemp+1, pclath, cstack
 Tracked objects:
		On entry : 
		On exit  : 
		Unchanged: 
 Data sizes:     COMMON   BANK0   BANK1   BANK3   BANK2
      Params:         0       0       0       0       0
      Locals:         2       0       0       0       0
      Temps:          1       0       0       0       0
      Totals:         3       0       0       0       0
Total ram usage:        3 bytes
 Hardware stack levels used:    1
 Hardware stack levels required when called:    1
 This function calls:
		_LCD_DisChar
 This function is called by:
		_LCD_DisStrRC
 This function uses a non-reentrant model


 *************** function _LCD_DisChar *****************
 Defined at:
		line 74 in file "LCD.c"
 Parameters:    Size  Location     Type
  DATA            1    wreg     unsigned char 
 Auto vars:     Size  Location     Type
  DATA            1    2[COMMON] unsigned char 
 Return value:  Size  Location     Type
                  1    wreg      void 
 Registers used:
		wreg, status,2, status,0
 Tracked objects:
		On entry : 
		On exit  : 
		Unchanged: 
 Data sizes:     COMMON   BANK0   BANK1   BANK3   BANK2
      Params:         0       0       0       0       0
      Locals:         1       0       0       0       0
      Temps:          2       0       0       0       0
      Totals:         3       0       0       0       0
Total ram usage:        3 bytes
 Hardware stack levels used:    1
 This function calls:
		Nothing
 This function is called by:
		_main
		_LCD_DisStr
 This function uses a non-reentrant model



MODULE INFORMATION

Module		Function		Class		Link	Load	Size
C:\Program Files\Microchip\xc8\v2.20\pic\sources\c90\common\Umul32.c
		___lmul        		CODE           	03EA	0000	71

C:\Program Files\Microchip\xc8\v2.20\pic\sources\c90\common\Umul32.c estimated size: 71

C:\Program Files\Microchip\xc8\v2.20\pic\sources\c90\common\aldiv.c
		___aldiv       		CODE           	05E3	0000	158

C:\Program Files\Microchip\xc8\v2.20\pic\sources\c90\common\aldiv.c estimated size: 158

C:\Program Files\Microchip\xc8\v2.20\pic\sources\c90\common\__lldiv.c
		___lldiv       		CODE           	04F6	0000	105

C:\Program Files\Microchip\xc8\v2.20\pic\sources\c90\common\__lldiv.c estimated size: 105

shared
		__initialization		CODE           	07E9	0000	20

shared estimated size: 20

C:\Program Files\Microchip\xc8\v2.20\pic\sources\c90\common\almod.c
		___almod       		CODE           	055E	0000	134

C:\Program Files\Microchip\xc8\v2.20\pic\sources\c90\common\almod.c estimated size: 134

main.c
		_main          		CODE           	071F	0000	203

main.c estimated size: 203

LCD.c
		_LCD_Init      		CODE           	03AC	0000	31
		_LCD_SendCMD   		CODE           	0493	0000	100
		_LCD_DisStr    		CODE           	038E	0000	31
		_LCD_DisChar   		CODE           	0430	0000	100
		_LCD_DisStrRC  		CODE           	0351	0000	19
		_LCD_GotoRC    		CODE           	0376	0000	25
		_LCD_Int2Str   		CODE           	0680	0000	160

LCD.c estimated size: 466

