Microchip MPLAB XC8 Compiler V2.20

Linker command line:

-W-3 --edf=C:\Program Files\Microchip\xc8\v2.20\pic\dat\en_msgs.txt -cn \
  -h+dist/default/production\A28_4_Digit_Key_Press_EEPROM.X.production.sym \
  --cmf=dist/default/production\A28_4_Digit_Key_Press_EEPROM.X.production.cmf \
  -z -Q16F877A -oC:\Users\Louda\AppData\Local\Temp\s95c.2 \
  --defsym=__MPLAB_BUILD=1 \
  -Mdist/default/production/A28_4_Digit_Key_Press_EEPROM.X.production.map \
  -E1 -ver=XC8 Compiler --acfsm=1493 -ASTACK=0110h-016Fh -pstack=STACK \
  -ACODE=00h-07FFhx4 -ASTRCODE=00h-01FFFh -ASTRING=00h-0FFhx32 \
  -ACONST=00h-0FFhx32 -AENTRY=00h-0FFhx32 -ACOMMON=070h-07Fh \
  -ABANK0=020h-06Fh -ABANK1=0A0h-0EFh -ABANK2=0110h-016Fh \
  -ABANK3=0190h-01EFh -ARAM=020h-06Fh,0A0h-0EFh,0110h-016Fh,0190h-01EFh \
  -AABS1=020h-07Fh,0A0h-0EFh,0110h-016Fh,0190h-01EFh -ASFR0=00h-01Fh \
  -ASFR1=080h-09Fh -ASFR2=0100h-010Fh -ASFR3=0180h-018Fh \
  -ACONFIG=02007h-02007h -DCONFIG=2 -AIDLOC=02000h-02003h -DIDLOC=2 \
  -preset_vec=00h,intentry,init,end_init -ppowerup=CODE -pcinit=CODE \
  -pfunctab=ENTRY -AEEDATA=00h-0FFh/02100h -peeprom_data=EEDATA -DEEDATA=2 \
  -DCODE=2 -DSTRCODE=2 -DSTRING=2 -DCONST=2 -DENTRY=2 -k \
  C:\Users\Louda\AppData\Local\Temp\s95c.o \
  dist/default/production\A28_4_Digit_Key_Press_EEPROM.X.production.o 

Object code version is 3.11

Machine type is 16F877A



                Name                               Link     Load   Length Selector   Space Scale
C:\Users\Louda\AppData\Local\Temp\s95c.o
                end_init                              0        0        3        0       0
                config                             2007     2007        1        0       4
dist/default/production\A28_4_Digit_Key_Press_EEPROM.X.production.o
                cinit                               7E8      7E8       18      FD0       0
                config                             2007     2007        1        0       4
                text12                              4BE      4BE        D      97C       0
                text11                              491      491        6      922       0
                text10                              4CB      4CB        D      996       0
                text9                               4A9      4A9        A      952       0
                text8                               4FB      4FB       1A      9F6       0
                text7                               497      497        9      92E       0
                text6                               4A0      4A0        9      940       0
                text5                               4D8      4D8       10      9B0       0
                text4                               533      533       36      A66       0
                text3                               515      515       1E      A2A       0
                text2                               5C2      5C2       67      B84       0
                text1                               569      569       59      AD2       0
                maintext                            629      629      1BF      C52       0
                cstackBANK0                          2B       2B        7       20       1
                cstackCOMMON                         70       70        A       70       1
                inittext                            4E8      4E8       13      9D0       0
                dataBANK0                            20       20        B       20       1
                bssBANK0                             32       32        6       20       1
                idataBANK0                          4B3      4B3        B      966       0

TOTAL           Name                               Link     Load   Length     Space
        CLASS   STACK          

        CLASS   CODE           
                end_init                              0        0        3         0
                cinit                               7E8      7E8       18         0
                text12                              4BE      4BE        D         0
                text11                              491      491        6         0
                text10                              4CB      4CB        D         0
                text9                               4A9      4A9        A         0
                text8                               4FB      4FB       1A         0
                text7                               497      497        9         0
                text6                               4A0      4A0        9         0
                text5                               4D8      4D8       10         0
                text4                               533      533       36         0
                text3                               515      515       1E         0
                text2                               5C2      5C2       67         0
                text1                               569      569       59         0
                maintext                            629      629      1BF         0
                inittext                            4E8      4E8       13         0
                idataBANK0                          4B3      4B3        B         0

        CLASS   STRCODE        

        CLASS   STRING         

        CLASS   CONST          

        CLASS   ENTRY          

        CLASS   COMMON         
                cstackCOMMON                         70       70        A         1

        CLASS   BANK0          
                cstackBANK0                          2B       2B        7         1
                dataBANK0                            20       20        B         1
                bssBANK0                             32       32        6         1

        CLASS   BANK1          

        CLASS   BANK2          

        CLASS   BANK3          

        CLASS   RAM            

        CLASS   ABS1           
                abs_s1                               7E       7E        2         1

        CLASS   SFR0           

        CLASS   SFR1           

        CLASS   SFR2           

        CLASS   SFR3           

        CLASS   CONFIG         
                config                             2007     2007        1         4

        CLASS   IDLOC          

        CLASS   EEDATA         



SEGMENTS        Name                           Load    Length   Top    Selector   Space  Class     Delta

                reset_vec                      000000  000003  000003         0       0  CODE        2
                dataBANK0                      000020  000018  000038        20       1  BANK0       1
                cstackCOMMON                   000070  00000A  00007A        70       1  COMMON      1
                text11                         000491  000006  000497       922       0  CODE        2
                text7                          000497  000009  0004A0       92E       0  CODE        2
                text6                          0004A0  000009  0004A9       940       0  CODE        2
                text9                          0004A9  00000A  0004B3       952       0  CODE        2
                idataBANK0                     0004B3  00000B  0004BE       966       0  CODE        2
                text12                         0004BE  00000D  0004CB       97C       0  CODE        2
                text10                         0004CB  00000D  0004D8       996       0  CODE        2
                text5                          0004D8  000010  0004E8       9B0       0  CODE        2
                inittext                       0004E8  000013  0004FB       9D0       0  CODE        2
                text8                          0004FB  00001A  000515       9F6       0  CODE        2
                text3                          000515  00001E  000533       A2A       0  CODE        2
                text4                          000533  000036  000569       A66       0  CODE        2
                text1                          000569  000059  0005C2       AD2       0  CODE        2
                text2                          0005C2  000067  000629       B84       0  CODE        2
                maintext                       000629  0001BF  0007E8       C52       0  CODE        2
                cinit                          0007E8  000018  000800       FD0       0  CODE        2


UNUSED ADDRESS RANGES

        Name                Unused          Largest block    Delta
        BANK0            0038-006F             38           1
        BANK1            00A0-00EF             50           1
        BANK2            0110-016F             60           1
        BANK3            0190-01EF             60           1
        CODE             0003-0490            48E           2
                         0800-1FFF            800
        COMMON           007A-007D              4           1
        CONST            0003-0490            100           2
                         0800-1FFF            100
        EEDATA           2100-21FF            100           2
        ENTRY            0003-0490            100           2
                         0800-1FFF            100
        IDLOC            2000-2003              4           2
        RAM              0038-006F             38           1
                         00A0-00EF             50
                         0110-016F             60
                         0190-01EF             60
        SFR0             0000-001F             20           1
        SFR1             0080-009F             20           1
        SFR2             0100-010F             10           1
        SFR3             0180-018F             10           1
        STACK            0110-016F             60           1
        STRCODE          0003-0490            48E           2
                         0800-1FFF           1800
        STRING           0003-0490            100           2
                         0800-1FFF            100

                                  Symbol Table

?___awdiv                            cstackCOMMON 0070
?___awmod                            cstackCOMMON 0070
External_EEPROM_Read@Device_Address  cstackCOMMON 0072
External_EEPROM_Read@temp            cstackCOMMON 0073
External_EEPROM_Read@word_Address    cstackCOMMON 0071
External_EEPROM_Write@Data           cstackCOMMON 0072
External_EEPROM_Write@Device_Address cstackCOMMON 0073
External_EEPROM_Write@word_Address   cstackCOMMON 0071
I2C_Read@Data                        cstackCOMMON 0070
I2C_Write@Data                       cstackCOMMON 0070
_ACKDT                               (abs)        048D
_ACKEN                               (abs)        048C
_ACKSTAT                             (abs)        048E
_External_EEPROM_Init                text11       0491
_External_EEPROM_Read                text4        0533
_External_EEPROM_Write               text3        0515
_I2C_Master_Init                     text12       04BE
_I2C_NACK                            text9        04A9
_I2C_Read                            text8        04FB
_I2C_Start                           text7        0497
_I2C_Stop                            text6        04A0
_I2C_Wait                            text10       04CB
_I2C_Write                           text5        04D8
_Minute_Counter                      bssBANK0     0036
_PEN                                 (abs)        048A
_PORTD                               (abs)        0008
_RA2                                 (abs)        002A
_RA3                                 (abs)        002B
_RA4                                 (abs)        002C
_RA5                                 (abs)        002D
_RB3                                 (abs)        0033
_RB4                                 (abs)        0034
_RCEN                                (abs)        048B
_RSEN                                (abs)        0489
_SEN                                 (abs)        0488
_SSD                                 dataBANK0    0020
_SSD1_counter                        bssBANK0     0035
_SSD2_counter                        bssBANK0     0034
_SSD3_counter                        bssBANK0     0033
_SSD4_counter                        bssBANK0     0032
_SSD_status                          dataBANK0    002A
_SSPADD                              (abs)        0093
_SSPBUF                              (abs)        0013
_SSPCON                              (abs)        0014
_SSPCON2                             (abs)        0091
_SSPSTAT                             (abs)        0094
_Seconds_Counter                     bssBANK0     0037
_TRISA                               (abs)        0085
_TRISBbits                           (abs)        0086
_TRISC3                              (abs)        043B
_TRISC4                              (abs)        043C
_TRISD                               (abs)        0088
__Habs1                              abs1         0000
__Hbank0                             bank0        0000
__Hbank1                             bank1        0000
__Hbank2                             bank2        0000
__Hbank3                             bank3        0000
__HbssBANK0                          bssBANK0     0000
__Hcinit                             cinit        0800
__Hclrtext                           clrtext      0000
__Hcode                              code         0000
__Hcommon                            common       0000
__Hconfig                            config       2008
__HcstackBANK0                       cstackBANK0  0000
__HcstackCOMMON                      cstackCOMMON 0000
__HdataBANK0                         dataBANK0    0000
__Heeprom_data                       eeprom_data  0000
__Hend_init                          end_init     0003
__Hfunctab                           functab      0000
__HidataBANK0                        idataBANK0   0000
__Hinit                              init         0000
__Hinittext                          inittext     0000
__Hintentry                          intentry     0000
__Hmaintext                          maintext     0000
__Hpowerup                           powerup      0000
__Hram                               ram          0000
__Hreset_vec                         reset_vec    0000
__Hsfr0                              sfr0         0000
__Hsfr1                              sfr1         0000
__Hsfr2                              sfr2         0000
__Hsfr3                              sfr3         0000
__Hspace_0                           (abs)        0800
__Hspace_1                           (abs)        007A
__Hspace_2                           (abs)        0000
__Hspace_3                           (abs)        0000
__Hspace_4                           (abs)        400F
__Hstack                             stack        0000
__Hstrings                           strings      0000
__Htext                              text         0000
__Labs1                              abs1         0000
__Lbank0                             bank0        0000
__Lbank1                             bank1        0000
__Lbank2                             bank2        0000
__Lbank3                             bank3        0000
__LbssBANK0                          bssBANK0     0000
__Lcinit                             cinit        07E8
__Lclrtext                           clrtext      0000
__Lcode                              code         0000
__Lcommon                            common       0000
__Lconfig                            config       0000
__LcstackBANK0                       cstackBANK0  0000
__LcstackCOMMON                      cstackCOMMON 0000
__LdataBANK0                         dataBANK0    0000
__Leeprom_data                       eeprom_data  0000
__Lend_init                          end_init     0000
__Lfunctab                           functab      0000
__LidataBANK0                        idataBANK0   0000
__Linit                              init         0000
__Linittext                          inittext     0000
__Lintentry                          intentry     0000
__Lmaintext                          maintext     0000
__Lpowerup                           powerup      0000
__Lram                               ram          0000
__Lreset_vec                         reset_vec    0000
__Lsfr0                              sfr0         0000
__Lsfr1                              sfr1         0000
__Lsfr2                              sfr2         0000
__Lsfr3                              sfr3         0000
__Lspace_0                           (abs)        0000
__Lspace_1                           (abs)        0000
__Lspace_2                           (abs)        0000
__Lspace_3                           (abs)        0000
__Lspace_4                           (abs)        0000
__Lstack                             stack        0000
__Lstrings                           strings      0000
__Ltext                              text         0000
__S0                                 (abs)        0800
__S1                                 (abs)        007A
__S2                                 (abs)        0000
__S3                                 (abs)        0000
___awdiv                             text2        05C2
___awdiv@counter                     cstackCOMMON 0074
___awdiv@dividend                    cstackCOMMON 0072
___awdiv@divisor                     cstackCOMMON 0070
___awdiv@quotient                    cstackCOMMON 0076
___awdiv@sign                        cstackCOMMON 0075
___awmod                             text1        0569
___awmod@counter                     cstackCOMMON 0074
___awmod@dividend                    cstackCOMMON 0072
___awmod@divisor                     cstackCOMMON 0070
___awmod@sign                        cstackCOMMON 0075
___int_sp                            stack        0000
___latbits                           (abs)        0002
___sp                                stack        0000
___stackhi                           (abs)        0000
___stacklo                           (abs)        0000
__end_of_External_EEPROM_Init        text11       0497
__end_of_External_EEPROM_Read        text4        0569
__end_of_External_EEPROM_Write       text3        0533
__end_of_I2C_Master_Init             text12       04CB
__end_of_I2C_NACK                    text9        04B3
__end_of_I2C_Read                    text8        0515
__end_of_I2C_Start                   text7        04A0
__end_of_I2C_Stop                    text6        04A9
__end_of_I2C_Wait                    text10       04D8
__end_of_I2C_Write                   text5        04E8
__end_of___awdiv                     text2        0629
__end_of___awmod                     text1        05C2
__end_of__initialization             cinit        07FC
__end_of_main                        maintext     07E8
__initialization                     cinit        07E8
__pbssBANK0                          bssBANK0     0032
__pcstackBANK0                       cstackBANK0  002B
__pcstackCOMMON                      cstackCOMMON 0070
__pdataBANK0                         dataBANK0    0020
__pidataBANK0                        idataBANK0   04B3
__pmaintext                          maintext     0629
__ptext1                             text1        0569
__ptext10                            text10       04CB
__ptext11                            text11       0491
__ptext12                            text12       04BE
__ptext2                             text2        05C2
__ptext3                             text3        0515
__ptext4                             text4        0533
__ptext5                             text5        04D8
__ptext6                             text6        04A0
__ptext7                             text7        0497
__ptext8                             text8        04FB
__ptext9                             text9        04A9
__size_of_External_EEPROM_Init       (abs)        0000
__size_of_External_EEPROM_Read       (abs)        0000
__size_of_External_EEPROM_Write      (abs)        0000
__size_of_I2C_Master_Init            (abs)        0000
__size_of_I2C_NACK                   (abs)        0000
__size_of_I2C_Read                   (abs)        0000
__size_of_I2C_Start                  (abs)        0000
__size_of_I2C_Stop                   (abs)        0000
__size_of_I2C_Wait                   (abs)        0000
__size_of_I2C_Write                  (abs)        0000
__size_of___awdiv                    (abs)        0000
__size_of___awmod                    (abs)        0000
__size_of_main                       (abs)        0000
_main                                maintext     0629
btemp                                (abs)        007E
end_of_initialization                cinit        07FC
init_fetch0                          inittext     04E8
init_ram0                            inittext     04EC
intlevel0                            functab      0000
intlevel1                            functab      0000
intlevel2                            functab      0000
intlevel3                            functab      0000
intlevel4                            functab      0000
intlevel5                            functab      0000
main@EEPROM_Value                    cstackBANK0  0031
main@Time_Counter                    cstackBANK0  002B
main@count                           cstackBANK0  002D
reset_vec                            reset_vec    0000
start                                init         0000
start_initialization                 cinit        07E8
wtemp0                               (abs)        007E


FUNCTION INFORMATION:

 *************** function _main *****************
 Defined at:
		line 41 in file "main.c"
 Parameters:    Size  Location     Type
		None
 Auto vars:     Size  Location     Type
  count           4    2[BANK0 ] unsigned long 
  Time_Counter    2    0[BANK0 ] unsigned int 
  EEPROM_Value    1    6[BANK0 ] unsigned char 
 Return value:  Size  Location     Type
                  1    wreg      void 
 Registers used:
		wreg, fsr0l, fsr0h, status,2, status,0, btemp+1, pclath, cstack
 Tracked objects:
		On entry : 
		On exit  : 
		Unchanged: 
 Data sizes:     COMMON   BANK0   BANK1   BANK3   BANK2
      Params:         0       0       0       0       0
      Locals:         0       7       0       0       0
      Temps:          2       0       0       0       0
      Totals:         2       7       0       0       0
Total ram usage:        9 bytes
 Hardware stack levels required when called:    4
 This function calls:
		_External_EEPROM_Init
		_External_EEPROM_Read
		_External_EEPROM_Write
		___awdiv
		___awmod
 This function is called by:
		Startup code after reset
 This function uses a non-reentrant model


 *************** function ___awmod *****************
 Defined at:
		line 5 in file "C:\Program Files\Microchip\xc8\v2.20\pic\sources\c90\common\awmod.c"
 Parameters:    Size  Location     Type
  divisor         2    0[COMMON] int 
  dividend        2    2[COMMON] int 
 Auto vars:     Size  Location     Type
  sign            1    5[COMMON] unsigned char 
  counter         1    4[COMMON] unsigned char 
 Return value:  Size  Location     Type
                  2    0[COMMON] int 
 Registers used:
		wreg, status,2, status,0, btemp+1
 Tracked objects:
		On entry : 
		On exit  : 
		Unchanged: 
 Data sizes:     COMMON   BANK0   BANK1   BANK3   BANK2
      Params:         4       0       0       0       0
      Locals:         2       0       0       0       0
      Temps:          0       0       0       0       0
      Totals:         6       0       0       0       0
Total ram usage:        6 bytes
 Hardware stack levels used:    1
 This function calls:
		Nothing
 This function is called by:
		_main
 This function uses a non-reentrant model


 *************** function ___awdiv *****************
 Defined at:
		line 5 in file "C:\Program Files\Microchip\xc8\v2.20\pic\sources\c90\common\awdiv.c"
 Parameters:    Size  Location     Type
  divisor         2    0[COMMON] int 
  dividend        2    2[COMMON] int 
 Auto vars:     Size  Location     Type
  quotient        2    6[COMMON] int 
  sign            1    5[COMMON] unsigned char 
  counter         1    4[COMMON] unsigned char 
 Return value:  Size  Location     Type
                  2    0[COMMON] int 
 Registers used:
		wreg, status,2, status,0, btemp+1
 Tracked objects:
		On entry : 
		On exit  : 
		Unchanged: 
 Data sizes:     COMMON   BANK0   BANK1   BANK3   BANK2
      Params:         4       0       0       0       0
      Locals:         4       0       0       0       0
      Temps:          0       0       0       0       0
      Totals:         8       0       0       0       0
Total ram usage:        8 bytes
 Hardware stack levels used:    1
 This function calls:
		Nothing
 This function is called by:
		_main
 This function uses a non-reentrant model


 *************** function _External_EEPROM_Write *****************
 Defined at:
		line 10 in file "External_E2PROM.c"
 Parameters:    Size  Location     Type
  Device_Addre    1    wreg     unsigned char 
  word_Address    1    1[COMMON] unsigned char 
  Data            1    2[COMMON] unsigned char 
 Auto vars:     Size  Location     Type
  Device_Addre    1    3[COMMON] unsigned char 
 Return value:  Size  Location     Type
                  1    wreg      void 
 Registers used:
		wreg, status,2, status,0, pclath, cstack
 Tracked objects:
		On entry : 
		On exit  : 
		Unchanged: 
 Data sizes:     COMMON   BANK0   BANK1   BANK3   BANK2
      Params:         2       0       0       0       0
      Locals:         1       0       0       0       0
      Temps:          0       0       0       0       0
      Totals:         3       0       0       0       0
Total ram usage:        3 bytes
 Hardware stack levels used:    1
 Hardware stack levels required when called:    2
 This function calls:
		_I2C_Start
		_I2C_Stop
		_I2C_Write
 This function is called by:
		_main
 This function uses a non-reentrant model


 *************** function _External_EEPROM_Read *****************
 Defined at:
		line 20 in file "External_E2PROM.c"
 Parameters:    Size  Location     Type
  Device_Addre    1    wreg     unsigned char 
  word_Address    1    1[COMMON] unsigned char 
 Auto vars:     Size  Location     Type
  Device_Addre    1    2[COMMON] unsigned char 
  temp            1    3[COMMON] unsigned char 
 Return value:  Size  Location     Type
                  1    wreg      unsigned char 
 Registers used:
		wreg, status,2, status,0, btemp+1, pclath, cstack
 Tracked objects:
		On entry : 
		On exit  : 
		Unchanged: 
 Data sizes:     COMMON   BANK0   BANK1   BANK3   BANK2
      Params:         1       0       0       0       0
      Locals:         2       0       0       0       0
      Temps:          0       0       0       0       0
      Totals:         3       0       0       0       0
Total ram usage:        3 bytes
 Hardware stack levels used:    1
 Hardware stack levels required when called:    3
 This function calls:
		_I2C_Read
		_I2C_Start
		_I2C_Stop
		_I2C_Write
 This function is called by:
		_main
 This function uses a non-reentrant model


 *************** function _I2C_Write *****************
 Defined at:
		line 57 in file "I2C.c"
 Parameters:    Size  Location     Type
  Data            1    wreg     unsigned char 
 Auto vars:     Size  Location     Type
  Data            1    0[COMMON] unsigned char 
 Return value:  Size  Location     Type
                  1    wreg      unsigned char 
 Registers used:
		wreg, status,2, status,0, pclath, cstack
 Tracked objects:
		On entry : 
		On exit  : 
		Unchanged: 
 Data sizes:     COMMON   BANK0   BANK1   BANK3   BANK2
      Params:         0       0       0       0       0
      Locals:         1       0       0       0       0
      Temps:          0       0       0       0       0
      Totals:         1       0       0       0       0
Total ram usage:        1 bytes
 Hardware stack levels used:    1
 Hardware stack levels required when called:    1
 This function calls:
		_I2C_Wait
 This function is called by:
		_External_EEPROM_Write
		_External_EEPROM_Read
 This function uses a non-reentrant model


 *************** function _I2C_Stop *****************
 Defined at:
		line 25 in file "I2C.c"
 Parameters:    Size  Location     Type
		None
 Auto vars:     Size  Location     Type
		None
 Return value:  Size  Location     Type
                  1    wreg      void 
 Registers used:
		wreg, status,2, status,0, pclath, cstack
 Tracked objects:
		On entry : 
		On exit  : 
		Unchanged: 
 Data sizes:     COMMON   BANK0   BANK1   BANK3   BANK2
      Params:         0       0       0       0       0
      Locals:         0       0       0       0       0
      Temps:          0       0       0       0       0
      Totals:         0       0       0       0       0
Total ram usage:        0 bytes
 Hardware stack levels used:    1
 Hardware stack levels required when called:    1
 This function calls:
		_I2C_Wait
 This function is called by:
		_External_EEPROM_Write
		_External_EEPROM_Read
 This function uses a non-reentrant model


 *************** function _I2C_Start *****************
 Defined at:
		line 18 in file "I2C.c"
 Parameters:    Size  Location     Type
		None
 Auto vars:     Size  Location     Type
		None
 Return value:  Size  Location     Type
                  1    wreg      void 
 Registers used:
		wreg, status,2, status,0, pclath, cstack
 Tracked objects:
		On entry : 
		On exit  : 
		Unchanged: 
 Data sizes:     COMMON   BANK0   BANK1   BANK3   BANK2
      Params:         0       0       0       0       0
      Locals:         0       0       0       0       0
      Temps:          0       0       0       0       0
      Totals:         0       0       0       0       0
Total ram usage:        0 bytes
 Hardware stack levels used:    1
 Hardware stack levels required when called:    1
 This function calls:
		_I2C_Wait
 This function is called by:
		_External_EEPROM_Write
		_External_EEPROM_Read
 This function uses a non-reentrant model


 *************** function _I2C_Read *****************
 Defined at:
		line 66 in file "I2C.c"
 Parameters:    Size  Location     Type
		None
 Auto vars:     Size  Location     Type
  Data            1    0[COMMON] unsigned char 
 Return value:  Size  Location     Type
                  1    wreg      unsigned char 
 Registers used:
		wreg, status,2, status,0, btemp+1, pclath, cstack
 Tracked objects:
		On entry : 
		On exit  : 
		Unchanged: 
 Data sizes:     COMMON   BANK0   BANK1   BANK3   BANK2
      Params:         0       0       0       0       0
      Locals:         1       0       0       0       0
      Temps:          0       0       0       0       0
      Totals:         1       0       0       0       0
Total ram usage:        1 bytes
 Hardware stack levels used:    1
 Hardware stack levels required when called:    2
 This function calls:
		_I2C_NACK
		_I2C_Wait
 This function is called by:
		_External_EEPROM_Read
 This function uses a non-reentrant model


 *************** function _I2C_NACK *****************
 Defined at:
		line 48 in file "I2C.c"
 Parameters:    Size  Location     Type
		None
 Auto vars:     Size  Location     Type
		None
 Return value:  Size  Location     Type
                  1    wreg      void 
 Registers used:
		wreg, status,2, status,0, pclath, cstack
 Tracked objects:
		On entry : 
		On exit  : 
		Unchanged: 
 Data sizes:     COMMON   BANK0   BANK1   BANK3   BANK2
      Params:         0       0       0       0       0
      Locals:         0       0       0       0       0
      Temps:          0       0       0       0       0
      Totals:         0       0       0       0       0
Total ram usage:        0 bytes
 Hardware stack levels used:    1
 Hardware stack levels required when called:    1
 This function calls:
		_I2C_Wait
 This function is called by:
		_I2C_Read
 This function uses a non-reentrant model


 *************** function _I2C_Wait *****************
 Defined at:
		line 13 in file "I2C.c"
 Parameters:    Size  Location     Type
		None
 Auto vars:     Size  Location     Type
		None
 Return value:  Size  Location     Type
                  1    wreg      void 
 Registers used:
		wreg, status,2
 Tracked objects:
		On entry : 
		On exit  : 
		Unchanged: 
 Data sizes:     COMMON   BANK0   BANK1   BANK3   BANK2
      Params:         0       0       0       0       0
      Locals:         0       0       0       0       0
      Temps:          0       0       0       0       0
      Totals:         0       0       0       0       0
Total ram usage:        0 bytes
 Hardware stack levels used:    1
 This function calls:
		Nothing
 This function is called by:
		_I2C_Start
		_I2C_Stop
		_I2C_NACK
		_I2C_Write
		_I2C_Read
		_I2C_Restart
		_I2C_ACK
 This function uses a non-reentrant model


 *************** function _External_EEPROM_Init *****************
 Defined at:
		line 4 in file "External_E2PROM.c"
 Parameters:    Size  Location     Type
		None
 Auto vars:     Size  Location     Type
		None
 Return value:  Size  Location     Type
                  1    wreg      void 
 Registers used:
		wreg, status,2, status,0, pclath, cstack
 Tracked objects:
		On entry : 
		On exit  : 
		Unchanged: 
 Data sizes:     COMMON   BANK0   BANK1   BANK3   BANK2
      Params:         0       0       0       0       0
      Locals:         0       0       0       0       0
      Temps:          0       0       0       0       0
      Totals:         0       0       0       0       0
Total ram usage:        0 bytes
 Hardware stack levels used:    1
 Hardware stack levels required when called:    1
 This function calls:
		_I2C_Master_Init
 This function is called by:
		_main
 This function uses a non-reentrant model


 *************** function _I2C_Master_Init *****************
 Defined at:
		line 3 in file "I2C.c"
 Parameters:    Size  Location     Type
		None
 Auto vars:     Size  Location     Type
		None
 Return value:  Size  Location     Type
                  1    wreg      void 
 Registers used:
		wreg, status,2
 Tracked objects:
		On entry : 
		On exit  : 
		Unchanged: 
 Data sizes:     COMMON   BANK0   BANK1   BANK3   BANK2
      Params:         0       0       0       0       0
      Locals:         0       0       0       0       0
      Temps:          0       0       0       0       0
      Totals:         0       0       0       0       0
Total ram usage:        0 bytes
 Hardware stack levels used:    1
 This function calls:
		Nothing
 This function is called by:
		_External_EEPROM_Init
 This function uses a non-reentrant model



MODULE INFORMATION

Module		Function		Class		Link	Load	Size
I2C.c
		_I2C_Master_Init		CODE           	04BE	0000	14
		_I2C_Write     		CODE           	04D8	0000	17
		_I2C_Stop      		CODE           	04A0	0000	10
		_I2C_Wait      		CODE           	04CB	0000	14
		_I2C_Read      		CODE           	04FB	0000	27
		_I2C_NACK      		CODE           	04A9	0000	11
		_I2C_Start     		CODE           	0497	0000	10

I2C.c estimated size: 103

External_E2PROM.c
		_External_EEPROM_Write		CODE           	0515	0000	31
		_External_EEPROM_Init		CODE           	0491	0000	7
		_External_EEPROM_Read		CODE           	0533	0000	55

External_E2PROM.c estimated size: 93

C:\Program Files\Microchip\xc8\v2.20\pic\sources\c90\common\awmod.c
		___awmod       		CODE           	0569	0000	90

C:\Program Files\Microchip\xc8\v2.20\pic\sources\c90\common\awmod.c estimated size: 90

shared
		__initialization		CODE           	07E8	0000	21

shared estimated size: 21

main.c
		_main          		CODE           	0629	0000	448

main.c estimated size: 448

C:\Program Files\Microchip\xc8\v2.20\pic\sources\c90\common\awdiv.c
		___awdiv       		CODE           	05C2	0000	104

C:\Program Files\Microchip\xc8\v2.20\pic\sources\c90\common\awdiv.c estimated size: 104

