Microchip MPLAB XC8 Compiler V2.20

Linker command line:

-W-3 --edf=C:\Program Files\Microchip\xc8\v2.20\pic\dat\en_msgs.txt -cn \
  -h+dist/default/production\Car_Black_Box.X.production.sym \
  --cmf=dist/default/production\Car_Black_Box.X.production.cmf -z -Q16F877A \
  -oC:\Users\Louda\AppData\Local\Temp\s4p4.2 --defsym=__MPLAB_BUILD=1 \
  -Mdist/default/production/Car_Black_Box.X.production.map -E1 \
  -ver=XC8 Compiler --acfsm=1493 -ASTACK=064h-06Fh -pstack=STACK \
  -ACODE=00h-07FFhx4 -ASTRCODE=00h-01FFFh -ASTRING=00h-0FFhx32 \
  -ACONST=00h-0FFhx32 -AENTRY=00h-0FFhx32 -ACOMMON=070h-07Fh \
  -ABANK0=020h-06Fh -ABANK1=0A0h-0EFh -ABANK2=0110h-016Fh \
  -ABANK3=0190h-01EFh -ARAM=020h-06Fh,0A0h-0EFh,0110h-016Fh,0190h-01EFh \
  -AABS1=020h-07Fh,0A0h-0EFh,0110h-016Fh,0190h-01EFh -ASFR0=00h-01Fh \
  -ASFR1=080h-09Fh -ASFR2=0100h-010Fh -ASFR3=0180h-018Fh \
  -ACONFIG=02007h-02007h -DCONFIG=2 -AIDLOC=02000h-02003h -DIDLOC=2 \
  -preset_vec=00h,intentry=04h,init,end_init -ppowerup=CODE -pcinit=CODE \
  -pfunctab=ENTRY -AEEDATA=00h-0FFh/02100h -peeprom_data=EEDATA -DEEDATA=2 \
  -DCODE=2 -DSTRCODE=2 -DSTRING=2 -DCONST=2 -DENTRY=2 -k \
  C:\Users\Louda\AppData\Local\Temp\s4p4.o \
  dist/default/production\Car_Black_Box.X.production.o 

Object code version is 3.11

Machine type is 16F877A



                Name                               Link     Load   Length Selector   Space Scale
C:\Users\Louda\AppData\Local\Temp\s4p4.o
                end_init                             10       10        3        8       0
                reset_vec                             0        0        3        0       0
                config                             2007     2007        1        0       4
dist/default/production\Car_Black_Box.X.production.o
                cinit                                13       13       4B        8       0
                intentry                              4        4        C        8       0
                maintext_split_5                     5E       5E      777        8       0
                maintext_split_4                   15CB     15CB      10F     2B96       0
                maintext_split_3                    855      855      127     10AA       0
                maintext_split_2                    AC0      AC0      1C2     1580       0
                maintext_split_1                    97C      97C      144     12F8       0
                config                             2007     2007        1        0       4
                text43                             111A     111A       2E     2234       0
                text42                             1F4D     1F4D        E     3E9A       0
                text41                             1FAC     1FAC       13     3F58       0
                text40                             1FBF     1FBF       14     3F7E       0
                text39                             1F19     1F19        D     3E32       0
                text38                             1FE8     1FE8       18     3FD0       0
                text37                             1F26     1F26        D     3E4C       0
                text36                              802      802        A     1004       0
                text35                             105C     105C       1A     20B8       0
                text34                             1EFE     1EFE        9     3DFC       0
                text33                             1F07     1F07        9     3E0E       0
                text32                             1F6A     1F6A       10     3ED4       0
                text31                             11A8     11A8       36     2350       0
                text30                             1176     1176       32     22EC       0
                text29                             1076     1076       1E     20EC       0
                text28                             1043     1043       19     2086       0
                text27                             1F33     1F33        D     3E66       0
                text26                             1EF2     1EF2        6     3DE4       0
                text25                             1456     1456       69     28AC       0
                text24                             126E     126E       5B     24DC       0
                text23                             14BF     14BF       6C     297E       0
                text22                             1328     1328       63     2650       0
                text21                             1148     1148       2E     2290       0
                text20                             138B     138B       63     2716       0
                text19                             1013     1013       18     2026       0
                text18                             102B     102B       18     2056       0
                text17                             1FD3     1FD3       15     3FA6       0
                text16                              7D5      7D5       1F        8       0
                text15                             1094     1094       1E     2128       0
                text14                             1F10     1F10        9     3E20       0
                text13                             1F7A     1F7A       10     3EF4       0
                text12                             1F40     1F40        D     3E80       0
                text11                             10EE     10EE       2C     21DC       0
                text10                             16DA     16DA      126     2DB4       0
                text9                              1EF8     1EF8        6     3DF0       0
                text8                              10B2     10B2       1E     2164       0
                text7                              152B     152B       A0     2A56       0
                text6                               7F4      7F4        C        8       0
                text5                              10D0     10D0       1E     21A0       0
                text4                              1F9A     1F9A       12     3F34       0
                text3                              1F5B     1F5B        F     3EB6       0
                text2                              13EE     13EE       68     27DC       0
                text1                              11DE     11DE       48     23BC       0
                maintext                            C82      C82      37E     1904       0
                cstackBANK0                          20       20       31       20       1
                cstackCOMMON                         70       70        8       70       1
                cstackBANK3                         1D9      1D9        E      190       1
                inittext                           1000     1000       13     1904       0
                dataBANK2                           110      110       5F      110       1
                dataBANK3                           190      190       49      190       1
                dataBANK1                            A0       A0       48       A0       1
                bssBANK1                             E8       E8        7       A0       1
                dataBANK0                            51       51       10       20       1
                bssBANK0                             61       61        3       20       1
                bssCOMMON                            78       78        3       70       1
                idataBANK3                          80C      80C       49     1018       0
                idataBANK2                         12C9     12C9       5F     2592       0
                idataBANK1                         1226     1226       48     244C       0
                idataBANK0                         1F8A     1F8A       10     3F14       0

TOTAL           Name                               Link     Load   Length     Space
        CLASS   STACK          

        CLASS   CODE           
                end_init                             10       10        3         0
                cinit                                13       13       4B         0
                intentry                              4        4        C         0
                reset_vec                             0        0        3         0
                maintext_split_5                     5E       5E      777         0
                maintext_split_4                   15CB     15CB      10F         0
                maintext_split_3                    855      855      127         0
                maintext_split_2                    AC0      AC0      1C2         0
                maintext_split_1                    97C      97C      144         0
                text43                             111A     111A       2E         0
                text42                             1F4D     1F4D        E         0
                text41                             1FAC     1FAC       13         0
                text40                             1FBF     1FBF       14         0
                text39                             1F19     1F19        D         0
                text38                             1FE8     1FE8       18         0
                text37                             1F26     1F26        D         0
                text36                              802      802        A         0
                text35                             105C     105C       1A         0
                text34                             1EFE     1EFE        9         0
                text33                             1F07     1F07        9         0
                text32                             1F6A     1F6A       10         0
                text31                             11A8     11A8       36         0
                text30                             1176     1176       32         0
                text29                             1076     1076       1E         0
                text28                             1043     1043       19         0
                text27                             1F33     1F33        D         0
                text26                             1EF2     1EF2        6         0
                text25                             1456     1456       69         0
                text24                             126E     126E       5B         0
                text23                             14BF     14BF       6C         0
                text22                             1328     1328       63         0
                text21                             1148     1148       2E         0
                text20                             138B     138B       63         0
                text19                             1013     1013       18         0
                text18                             102B     102B       18         0
                text17                             1FD3     1FD3       15         0
                text16                              7D5      7D5       1F         0
                text15                             1094     1094       1E         0
                text14                             1F10     1F10        9         0
                text13                             1F7A     1F7A       10         0
                text12                             1F40     1F40        D         0
                text11                             10EE     10EE       2C         0
                text10                             16DA     16DA      126         0
                text9                              1EF8     1EF8        6         0
                text8                              10B2     10B2       1E         0
                text7                              152B     152B       A0         0
                text6                               7F4      7F4        C         0
                text5                              10D0     10D0       1E         0
                text4                              1F9A     1F9A       12         0
                text3                              1F5B     1F5B        F         0
                text2                              13EE     13EE       68         0
                text1                              11DE     11DE       48         0
                maintext                            C82      C82      37E         0
                inittext                           1000     1000       13         0
                idataBANK3                          80C      80C       49         0
                idataBANK2                         12C9     12C9       5F         0
                idataBANK1                         1226     1226       48         0
                idataBANK0                         1F8A     1F8A       10         0

        CLASS   STRCODE        

        CLASS   STRING         

        CLASS   CONST          

        CLASS   ENTRY          

        CLASS   COMMON         
                cstackCOMMON                         70       70        8         1
                bssCOMMON                            78       78        3         1

        CLASS   BANK0          
                cstackBANK0                          20       20       31         1
                dataBANK0                            51       51       10         1
                bssBANK0                             61       61        3         1

        CLASS   BANK1          
                dataBANK1                            A0       A0       48         1
                bssBANK1                             E8       E8        7         1

        CLASS   BANK2          
                dataBANK2                           110      110       5F         1

        CLASS   BANK3          
                cstackBANK3                         1D9      1D9        E         1
                dataBANK3                           190      190       49         1

        CLASS   RAM            

        CLASS   ABS1           
                abs_s1                               7E       7E        2         1

        CLASS   SFR0           

        CLASS   SFR1           

        CLASS   SFR2           

        CLASS   SFR3           

        CLASS   CONFIG         
                config                             2007     2007        1         4

        CLASS   IDLOC          

        CLASS   EEDATA         



SEGMENTS        Name                           Load    Length   Top    Selector   Space  Class     Delta

                reset_vec                      000000  000003  000003         0       0  CODE        2
                intentry                       000004  0007FC  000800         8       0  CODE        2
                cstackBANK0                    000020  000044  000064        20       1  BANK0       1
                cstackCOMMON                   000070  00000B  00007B        70       1  COMMON      1
                dataBANK1                      0000A0  00004F  0000EF        A0       1  BANK1       1
                dataBANK2                      000110  00005F  00016F       110       1  BANK2       1
                dataBANK3                      000190  000057  0001E7       190       1  BANK3       1
                text36                         000802  00000A  00080C      1004       0  CODE        2
                idataBANK3                     00080C  000049  000855      1018       0  CODE        2
                maintext_split_3               000855  000127  00097C      10AA       0  CODE        2
                maintext_split_1               00097C  000144  000AC0      12F8       0  CODE        2
                maintext_split_2               000AC0  0001C2  000C82      1580       0  CODE        2
                maintext                       000C82  000391  001013      1904       0  CODE        2
                text19                         001013  000018  00102B      2026       0  CODE        2
                text18                         00102B  000018  001043      2056       0  CODE        2
                text28                         001043  000019  00105C      2086       0  CODE        2
                text35                         00105C  00001A  001076      20B8       0  CODE        2
                text29                         001076  00001E  001094      20EC       0  CODE        2
                text15                         001094  00001E  0010B2      2128       0  CODE        2
                text8                          0010B2  00001E  0010D0      2164       0  CODE        2
                text5                          0010D0  00001E  0010EE      21A0       0  CODE        2
                text11                         0010EE  00002C  00111A      21DC       0  CODE        2
                text43                         00111A  00002E  001148      2234       0  CODE        2
                text21                         001148  00002E  001176      2290       0  CODE        2
                text30                         001176  000032  0011A8      22EC       0  CODE        2
                text31                         0011A8  000036  0011DE      2350       0  CODE        2
                text1                          0011DE  000048  001226      23BC       0  CODE        2
                idataBANK1                     001226  000048  00126E      244C       0  CODE        2
                text24                         00126E  00005B  0012C9      24DC       0  CODE        2
                idataBANK2                     0012C9  00005F  001328      2592       0  CODE        2
                text22                         001328  000063  00138B      2650       0  CODE        2
                text20                         00138B  000063  0013EE      2716       0  CODE        2
                text2                          0013EE  000068  001456      27DC       0  CODE        2
                text25                         001456  000069  0014BF      28AC       0  CODE        2
                text23                         0014BF  00006C  00152B      297E       0  CODE        2
                text7                          00152B  0000A0  0015CB      2A56       0  CODE        2
                maintext_split_4               0015CB  00010F  0016DA      2B96       0  CODE        2
                text10                         0016DA  000126  001800      2DB4       0  CODE        2
                text26                         001EF2  000006  001EF8      3DE4       0  CODE        2
                text9                          001EF8  000006  001EFE      3DF0       0  CODE        2
                text34                         001EFE  000009  001F07      3DFC       0  CODE        2
                text33                         001F07  000009  001F10      3E0E       0  CODE        2
                text14                         001F10  000009  001F19      3E20       0  CODE        2
                text39                         001F19  00000D  001F26      3E32       0  CODE        2
                text37                         001F26  00000D  001F33      3E4C       0  CODE        2
                text27                         001F33  00000D  001F40      3E66       0  CODE        2
                text12                         001F40  00000D  001F4D      3E80       0  CODE        2
                text42                         001F4D  00000E  001F5B      3E9A       0  CODE        2
                text3                          001F5B  00000F  001F6A      3EB6       0  CODE        2
                text32                         001F6A  000010  001F7A      3ED4       0  CODE        2
                text13                         001F7A  000010  001F8A      3EF4       0  CODE        2
                idataBANK0                     001F8A  000010  001F9A      3F14       0  CODE        2
                text4                          001F9A  000012  001FAC      3F34       0  CODE        2
                text41                         001FAC  000013  001FBF      3F58       0  CODE        2
                text40                         001FBF  000014  001FD3      3F7E       0  CODE        2
                text17                         001FD3  000015  001FE8      3FA6       0  CODE        2
                text38                         001FE8  000018  002000      3FD0       0  CODE        2


UNUSED ADDRESS RANGES

        Name                Unused          Largest block    Delta
        BANK0            000064-00006F                C           1
        BANK1            0000EF-0000EF                1           1
        BANK2            00016F-00016F                1           1
        BANK3            0001E7-0001EF                9           1
        CODE             000003-000003                1           2
                         000800-000801                2
                         001800-001EF1              6F2
        COMMON           00007B-00007D                3           1
        CONST            000003-000003                1           2
                         000800-000801                2
                         001800-001EF1              100
        EEDATA           002100-0021FF              100           2
        ENTRY            000003-000003                1           2
                         000800-000801                2
                         001800-001EF1              100
        IDLOC            002000-002003                4           2
        RAM              000064-00006F                C           1
                         0000EF-0000EF                1
                         00016F-00016F                1
                         0001E7-0001EF                9
        SFR0             000000-00001F               20           1
        SFR1             000080-00009F               20           1
        SFR2             000100-00010F               10           1
        SFR3             000180-00018F               10           1
        STACK            000064-00006F                C           1
        STRCODE          000003-000003                1           2
                         000800-000801                2
                         001800-001EF1              6F2
        STRING           000003-000003                1           2
                         000800-000801                2
                         001800-001EF1              100

                                  Symbol Table

?_Adc_Read                                       cstackCOMMON     000073
?___awdiv                                        cstackCOMMON     000073
?___awmod                                        cstackCOMMON     000073
?___lldiv                                        cstackBANK0      000028
?___lmul                                         cstackBANK0      000020
Adc_Read@adc_value                               cstackCOMMON     000075
Button_Read@Button                               cstackCOMMON     000075
Check_Password@i                                 cstackBANK0      000021
Check_Password@temp                              cstackBANK0      000020
Clear_Events@i                                   cstackCOMMON     000077
E2PROM_24C04_Read@Device_Address                 cstackCOMMON     000075
E2PROM_24C04_Read@temp                           cstackCOMMON     000076
E2PROM_24C04_Read@word_Address                   cstackCOMMON     000074
E2PROM_24C04_Write@Data                          cstackCOMMON     000075
E2PROM_24C04_Write@Device_Address                cstackCOMMON     000076
E2PROM_24C04_Write@word_Address                  cstackCOMMON     000074
I2C_Read@Data                                    cstackCOMMON     000073
I2C_Write@Data                                   cstackCOMMON     000073
LCD_2DigitIntToStr@Integer                       cstackCOMMON     000077
LCD_2DigitIntToStr@str                           cstackBANK0      000024
LCD_DisChar@DATA                                 cstackCOMMON     000075
LCD_DisStr@i                                     cstackBANK0      000022
LCD_DisStr@str                                   cstackCOMMON     000076
LCD_DisStrRC@column                              cstackBANK0      000026
LCD_DisStrRC@row                                 cstackBANK0      000025
LCD_DisStrRC@str                                 cstackBANK0      000023
LCD_Display_Current_Event@Current_Event          cstackBANK0      000027
LCD_GotoRC@column                                cstackCOMMON     000076
LCD_GotoRC@row                                   cstackCOMMON     000077
LCD_SendCMD@COMMAND                              cstackCOMMON     000075
RTC_DS1307_BCD_To_Decimal_LSB@BCD_Number         cstackCOMMON     000073
RTC_DS1307_BCD_To_Decimal_LSB@temp               cstackCOMMON     000074
RTC_DS1307_BCD_To_Decimal_MSB@BCD_Number         cstackCOMMON     000074
RTC_DS1307_BCD_To_Decimal_MSB@temp               cstackCOMMON     000075
RTC_DS1307_DOW_To_String@Day_Of_The_Week_Integer cstackCOMMON     000076
RTC_DS1307_Get_Date@Date_Structure               cstackBANK0      000020
RTC_DS1307_Get_Date@temp                         cstackBANK0      000021
RTC_DS1307_Read@temp_Device_Address              cstackCOMMON     000075
RTC_DS1307_Read@word_Address                     cstackCOMMON     000074
RTC_DS1307_Write@Data                            cstackCOMMON     000074
RTC_DS1307_Write@word_Address                    cstackCOMMON     000075
Save_Event_to_24c04@Event                        cstackBANK0      00002E
Save_Event_to_24c04@Memory_Offset                cstackBANK0      000030
Save_Event_to_24c04@RTC_Date                     cstackBANK0      000020
Save_Event_to_24c04@Speed                        cstackBANK0      00002F
UART_Send_Current_Event@Current_Event            cstackCOMMON     000077
UART_Write@data                                  cstackCOMMON     000073
UART_WriteStr@String                             cstackCOMMON     000075
UART_WriteStr@i                                  cstackCOMMON     000076
_ACKDT                                           (abs)            00048D
_ACKEN                                           (abs)            00048C
_ACKSTAT                                         (abs)            00048E
_ADCON0                                          (abs)            00001F
_ADCON0bits                                      (abs)            00001F
_ADCON1                                          (abs)            00009F
_ADRESH                                          (abs)            00001E
_ADRESL                                          (abs)            00009E
_Adc_Init                                        text42           001F4D
_Adc_Read                                        text41           001FAC
_BRGH                                            (abs)            0004C2
_Blocked_Sreen_Line1_msg                         dataBANK3        0001C9
_Blocked_Sreen_Line2_msg                         dataBANK1        0000A5
_Button_Init                                     text39           001F19
_Button_Read                                     text38           001FE8
_Check_Password                                  text30           001176
_Clear_Events                                    text28           001043
_Clear_Events_msg1                               dataBANK3        0001B9
_Clear_Events_msg2                               dataBANK1        0000C3
_Current_Event                                   dataBANK0        000053
_DOW_To_String                                   dataBANK3        000190
_Dio_Init                                        text40           001FBF
_E2PROM_24C04_Init                               text26           001EF2
_E2PROM_24C04_Read                               text31           0011A8
_E2PROM_24C04_Write                              text29           001076
_Embedded_Password                               dataBANK1        0000A0
_Events_Strings                                  dataBANK2        000151
_GIE                                             (abs)            00005F
_GO_DONE                                         (abs)            0000FA
_I2C_Master_Init                                 text27           001F33
_I2C_NACK                                        text36           000802
_I2C_Read                                        text35           00105C
_I2C_Start                                       text34           001EFE
_I2C_Stop                                        text33           001F07
_I2C_Wait                                        text37           001F26
_I2C_Write                                       text32           001F6A
_ISR                                             text43           00111A
_Input_Password                                  bssBANK1         0000E8
_LCD_2DigitIntToStr                              text23           0014BF
_LCD_DisChar                                     text22           001328
_LCD_DisStr                                      text21           001148
_LCD_DisStrRC                                    text18           00102B
_LCD_Display_Current_Event                       text16           0007D5
_LCD_Eventmsg                                    dataBANK0        00005F
_LCD_GotoRC                                      text19           001013
_LCD_Init                                        text15           001094
_LCD_Logsmsg                                     dataBANK1        0000D8
_LCD_NoLogsmsg                                   dataBANK1        0000E2
_LCD_SendCMD                                     text20           00138B
_LCD_Speedmsg                                    dataBANK1        0000E5
_LCD_Time                                        dataBANK0        000056
_LCD_Timemsg                                     dataBANK1        0000DD
_Main_Menu                                       dataBANK2        000110
_Main_Menu_Offset                                bssBANK0         000061
_New_Password_Offset                             bssBANK0         000063
_PEIE                                            (abs)            00005E
_PEN                                             (abs)            00048A
_PORTA                                           (abs)            000005
_PORTB                                           (abs)            000006
_PORTC                                           (abs)            000007
_PORTD                                           (abs)            000008
_PORTE                                           (abs)            000009
_Password_Trails_msg                             dataBANK3        0001A8
_Password_Waiting_Time                           bssBANK0         000062
_Passwordmsg                                     dataBANK1        0000B4
_RB0                                             (abs)            000030
_RB1                                             (abs)            000031
_RB2                                             (abs)            000032
_RB3                                             (abs)            000033
_RB4                                             (abs)            000034
_RCEN                                            (abs)            00048B
_RE1                                             (abs)            000049
_RE2                                             (abs)            00004A
_RTC_DS1307_BCD_To_Decimal_LSB                   text14           001F10
_RTC_DS1307_BCD_To_Decimal_MSB                   text13           001F7A
_RTC_DS1307_DOW_To_String                        text12           001F40
_RTC_DS1307_Get_Date                             text10           0016DA
_RTC_DS1307_Init                                 text9            001EF8
_RTC_DS1307_Read                                 text11           0010EE
_RTC_DS1307_Write                                text8            0010B2
_SEN                                             (abs)            000488
_SPBRG                                           (abs)            000099
_SPEN                                            (abs)            0000C7
_SSPADD                                          (abs)            000093
_SSPBUF                                          (abs)            000013
_SSPCON                                          (abs)            000014
_SSPCON2                                         (abs)            000091
_SSPSTAT                                         (abs)            000094
_SYNC                                            (abs)            0004C4
_Save_Event_to_24c04                             text7            00152B
_Screen_Status                                   dataBANK0        000051
_Selection_Part                                  dataBANK0        000052
_Set_Time_Blinking_flag                          dataBANK0        000054
_T1CKPS0                                         (abs)            000084
_T1CKPS1                                         (abs)            000085
_TMR1                                            (abs)            00000E
_TMR1CS                                          (abs)            000081
_TMR1IE                                          (abs)            000460
_TMR1IF                                          (abs)            000060
_TMR1ON                                          (abs)            000080
_TRISA                                           (abs)            000085
_TRISB                                           (abs)            000086
_TRISBbits                                       (abs)            000086
_TRISC                                           (abs)            000087
_TRISC3                                          (abs)            00043B
_TRISC4                                          (abs)            00043C
_TRISC6                                          (abs)            00043E
_TRISC7                                          (abs)            00043F
_TRISD                                           (abs)            000088
_TRISE                                           (abs)            000089
_TRISEbits                                       (abs)            000089
_TRMT                                            (abs)            0004C1
_TXEN                                            (abs)            0004C5
_TXREG                                           (abs)            000019
_Timer_Counter                                   bssCOMMON        000078
_UART_Send_Current_Event                         text4            001F9A
_UART_TX_Init                                    text3            001F5B
_UART_Write                                      text6            0007F4
_UART_WriteStr                                   text5            0010D0
_Waiting_Minutes                                 dataBANK0        000055
__Habs1                                          abs1             000000
__Hbank0                                         bank0            000000
__Hbank1                                         bank1            000000
__Hbank2                                         bank2            000000
__Hbank3                                         bank3            000000
__HbssBANK0                                      bssBANK0         000000
__HbssBANK1                                      bssBANK1         000000
__HbssCOMMON                                     bssCOMMON        000000
__Hcinit                                         cinit            00005E
__Hclrtext                                       clrtext          000000
__Hcode                                          code             000000
__Hcommon                                        common           000000
__Hconfig                                        config           002008
__HcstackBANK0                                   cstackBANK0      000000
__HcstackBANK3                                   cstackBANK3      000000
__HcstackCOMMON                                  cstackCOMMON     000000
__HdataBANK0                                     dataBANK0        000000
__HdataBANK1                                     dataBANK1        000000
__HdataBANK2                                     dataBANK2        000000
__HdataBANK3                                     dataBANK3        000000
__Heeprom_data                                   eeprom_data      000000
__Hend_init                                      end_init         000013
__Hfunctab                                       functab          000000
__HidataBANK0                                    idataBANK0       000000
__HidataBANK1                                    idataBANK1       000000
__HidataBANK2                                    idataBANK2       000000
__HidataBANK3                                    idataBANK3       000000
__Hinit                                          init             000010
__Hinittext                                      inittext         000000
__Hintentry                                      intentry         000010
__Hmaintext                                      maintext         000000
__Hmaintext_split_1                              maintext_split_1 000000
__Hmaintext_split_2                              maintext_split_2 000000
__Hmaintext_split_3                              maintext_split_3 000000
__Hmaintext_split_4                              maintext_split_4 000000
__Hmaintext_split_5                              maintext_split_5 000000
__Hpowerup                                       powerup          000000
__Hram                                           ram              000000
__Hreset_vec                                     reset_vec        000003
__Hsfr0                                          sfr0             000000
__Hsfr1                                          sfr1             000000
__Hsfr2                                          sfr2             000000
__Hsfr3                                          sfr3             000000
__Hspace_0                                       (abs)            002000
__Hspace_1                                       (abs)            0001E7
__Hspace_2                                       (abs)            000000
__Hspace_3                                       (abs)            000000
__Hspace_4                                       (abs)            00400F
__Hstack                                         stack            000000
__Hstrings                                       strings          000000
__Htext                                          text             000000
__Labs1                                          abs1             000000
__Lbank0                                         bank0            000000
__Lbank1                                         bank1            000000
__Lbank2                                         bank2            000000
__Lbank3                                         bank3            000000
__LbssBANK0                                      bssBANK0         000000
__LbssBANK1                                      bssBANK1         000000
__LbssCOMMON                                     bssCOMMON        000000
__Lcinit                                         cinit            000013
__Lclrtext                                       clrtext          000000
__Lcode                                          code             000000
__Lcommon                                        common           000000
__Lconfig                                        config           000000
__LcstackBANK0                                   cstackBANK0      000000
__LcstackBANK3                                   cstackBANK3      000000
__LcstackCOMMON                                  cstackCOMMON     000000
__LdataBANK0                                     dataBANK0        000000
__LdataBANK1                                     dataBANK1        000000
__LdataBANK2                                     dataBANK2        000000
__LdataBANK3                                     dataBANK3        000000
__Leeprom_data                                   eeprom_data      000000
__Lend_init                                      end_init         000010
__Lfunctab                                       functab          000000
__LidataBANK0                                    idataBANK0       000000
__LidataBANK1                                    idataBANK1       000000
__LidataBANK2                                    idataBANK2       000000
__LidataBANK3                                    idataBANK3       000000
__Linit                                          init             000010
__Linittext                                      inittext         000000
__Lintentry                                      intentry         000004
__Lmaintext                                      maintext         000000
__Lmaintext_split_1                              maintext_split_1 000000
__Lmaintext_split_2                              maintext_split_2 000000
__Lmaintext_split_3                              maintext_split_3 000000
__Lmaintext_split_4                              maintext_split_4 000000
__Lmaintext_split_5                              maintext_split_5 000000
__Lpowerup                                       powerup          000000
__Lram                                           ram              000000
__Lreset_vec                                     reset_vec        000000
__Lsfr0                                          sfr0             000000
__Lsfr1                                          sfr1             000000
__Lsfr2                                          sfr2             000000
__Lsfr3                                          sfr3             000000
__Lspace_0                                       (abs)            000000
__Lspace_1                                       (abs)            000000
__Lspace_2                                       (abs)            000000
__Lspace_3                                       (abs)            000000
__Lspace_4                                       (abs)            000000
__Lstack                                         stack            000000
__Lstrings                                       strings          000000
__Ltext                                          text             000000
__S0                                             (abs)            002000
__S1                                             (abs)            0001E7
__S2                                             (abs)            000000
__S3                                             (abs)            000000
___awdiv                                         text25           001456
___awdiv@counter                                 cstackBANK0      000020
___awdiv@dividend                                cstackCOMMON     000075
___awdiv@divisor                                 cstackCOMMON     000073
___awdiv@quotient                                cstackBANK0      000022
___awdiv@sign                                    cstackBANK0      000021
___awmod                                         text24           00126E
___awmod@counter                                 cstackBANK0      000020
___awmod@dividend                                cstackCOMMON     000075
___awmod@divisor                                 cstackCOMMON     000073
___awmod@sign                                    cstackBANK0      000021
___bmul                                          text17           001FD3
___bmul@multiplicand                             cstackCOMMON     000073
___bmul@multiplier                               cstackCOMMON     000075
___bmul@product                                  cstackCOMMON     000074
___int_sp                                        stack            000000
___latbits                                       (abs)            000002
___lldiv                                         text2            0013EE
___lldiv@counter                                 cstackBANK0      000035
___lldiv@dividend                                cstackBANK0      00002C
___lldiv@divisor                                 cstackBANK0      000028
___lldiv@quotient                                cstackBANK0      000031
___lmul                                          text1            0011DE
___lmul@multiplicand                             cstackBANK0      000024
___lmul@multiplier                               cstackBANK0      000020
___lmul@product                                  cstackCOMMON     000074
___sp                                            stack            000000
___stackhi                                       (abs)            000000
___stacklo                                       (abs)            000000
__end_of_Adc_Init                                text42           001F5B
__end_of_Adc_Read                                text41           001FBF
__end_of_Button_Init                             text39           001F26
__end_of_Button_Read                             text38           002000
__end_of_Check_Password                          text30           0011A8
__end_of_Clear_Events                            text28           00105C
__end_of_Dio_Init                                text40           001FD3
__end_of_E2PROM_24C04_Init                       text26           001EF8
__end_of_E2PROM_24C04_Read                       text31           0011DE
__end_of_E2PROM_24C04_Write                      text29           001094
__end_of_I2C_Master_Init                         text27           001F40
__end_of_I2C_NACK                                text36           00080C
__end_of_I2C_Read                                text35           001076
__end_of_I2C_Start                               text34           001F07
__end_of_I2C_Stop                                text33           001F10
__end_of_I2C_Wait                                text37           001F33
__end_of_I2C_Write                               text32           001F7A
__end_of_ISR                                     text43           001148
__end_of_LCD_2DigitIntToStr                      text23           00152B
__end_of_LCD_DisChar                             text22           00138B
__end_of_LCD_DisStr                              text21           001176
__end_of_LCD_DisStrRC                            text18           001043
__end_of_LCD_Display_Current_Event               text16           0007F4
__end_of_LCD_GotoRC                              text19           00102B
__end_of_LCD_Init                                text15           0010B2
__end_of_LCD_SendCMD                             text20           0013EE
__end_of_RTC_DS1307_BCD_To_Decimal_LSB           text14           001F19
__end_of_RTC_DS1307_BCD_To_Decimal_MSB           text13           001F8A
__end_of_RTC_DS1307_DOW_To_String                text12           001F4D
__end_of_RTC_DS1307_Get_Date                     text10           001800
__end_of_RTC_DS1307_Init                         text9            001EFE
__end_of_RTC_DS1307_Read                         text11           00111A
__end_of_RTC_DS1307_Write                        text8            0010D0
__end_of_Save_Event_to_24c04                     text7            0015CB
__end_of_UART_Send_Current_Event                 text4            001FAC
__end_of_UART_TX_Init                            text3            001F6A
__end_of_UART_Write                              text6            000800
__end_of_UART_WriteStr                           text5            0010EE
__end_of___awdiv                                 text25           0014BF
__end_of___awmod                                 text24           0012C9
__end_of___bmul                                  text17           001FE8
__end_of___lldiv                                 text2            001456
__end_of___lmul                                  text1            001226
__end_of__initialization                         cinit            00005A
__end_of_main                                    maintext_split_5 0007D2
__initialization                                 cinit            000013
__pbssBANK0                                      bssBANK0         000061
__pbssBANK1                                      bssBANK1         0000E8
__pbssCOMMON                                     bssCOMMON        000078
__pcstackBANK0                                   cstackBANK0      000020
__pcstackBANK3                                   cstackBANK3      0001D9
__pcstackCOMMON                                  cstackCOMMON     000070
__pdataBANK0                                     dataBANK0        000051
__pdataBANK1                                     dataBANK1        0000A0
__pdataBANK2                                     dataBANK2        000110
__pdataBANK3                                     dataBANK3        000190
__pidataBANK0                                    idataBANK0       001F8A
__pidataBANK1                                    idataBANK1       001226
__pidataBANK2                                    idataBANK2       0012C9
__pidataBANK3                                    idataBANK3       00080C
__pintentry                                      intentry         000004
__pmaintext                                      maintext         000C82
__ptext1                                         text1            0011DE
__ptext10                                        text10           0016DA
__ptext11                                        text11           0010EE
__ptext12                                        text12           001F40
__ptext13                                        text13           001F7A
__ptext14                                        text14           001F10
__ptext15                                        text15           001094
__ptext16                                        text16           0007D5
__ptext17                                        text17           001FD3
__ptext18                                        text18           00102B
__ptext19                                        text19           001013
__ptext2                                         text2            0013EE
__ptext20                                        text20           00138B
__ptext21                                        text21           001148
__ptext22                                        text22           001328
__ptext23                                        text23           0014BF
__ptext24                                        text24           00126E
__ptext25                                        text25           001456
__ptext26                                        text26           001EF2
__ptext27                                        text27           001F33
__ptext28                                        text28           001043
__ptext29                                        text29           001076
__ptext3                                         text3            001F5B
__ptext30                                        text30           001176
__ptext31                                        text31           0011A8
__ptext32                                        text32           001F6A
__ptext33                                        text33           001F07
__ptext34                                        text34           001EFE
__ptext35                                        text35           00105C
__ptext36                                        text36           000802
__ptext37                                        text37           001F26
__ptext38                                        text38           001FE8
__ptext39                                        text39           001F19
__ptext4                                         text4            001F9A
__ptext40                                        text40           001FBF
__ptext41                                        text41           001FAC
__ptext42                                        text42           001F4D
__ptext43                                        text43           00111A
__ptext5                                         text5            0010D0
__ptext6                                         text6            0007F4
__ptext7                                         text7            00152B
__ptext8                                         text8            0010B2
__ptext9                                         text9            001EF8
__size_of_Adc_Init                               (abs)            000000
__size_of_Adc_Read                               (abs)            000000
__size_of_Button_Init                            (abs)            000000
__size_of_Button_Read                            (abs)            000000
__size_of_Check_Password                         (abs)            000000
__size_of_Clear_Events                           (abs)            000000
__size_of_Dio_Init                               (abs)            000000
__size_of_E2PROM_24C04_Init                      (abs)            000000
__size_of_E2PROM_24C04_Read                      (abs)            000000
__size_of_E2PROM_24C04_Write                     (abs)            000000
__size_of_I2C_Master_Init                        (abs)            000000
__size_of_I2C_NACK                               (abs)            000000
__size_of_I2C_Read                               (abs)            000000
__size_of_I2C_Start                              (abs)            000000
__size_of_I2C_Stop                               (abs)            000000
__size_of_I2C_Wait                               (abs)            000000
__size_of_I2C_Write                              (abs)            000000
__size_of_ISR                                    (abs)            000000
__size_of_LCD_2DigitIntToStr                     (abs)            000000
__size_of_LCD_DisChar                            (abs)            000000
__size_of_LCD_DisStr                             (abs)            000000
__size_of_LCD_DisStrRC                           (abs)            000000
__size_of_LCD_Display_Current_Event              (abs)            000000
__size_of_LCD_GotoRC                             (abs)            000000
__size_of_LCD_Init                               (abs)            000000
__size_of_LCD_SendCMD                            (abs)            000000
__size_of_RTC_DS1307_BCD_To_Decimal_LSB          (abs)            000000
__size_of_RTC_DS1307_BCD_To_Decimal_MSB          (abs)            000000
__size_of_RTC_DS1307_DOW_To_String               (abs)            000000
__size_of_RTC_DS1307_Get_Date                    (abs)            000000
__size_of_RTC_DS1307_Init                        (abs)            000000
__size_of_RTC_DS1307_Read                        (abs)            000000
__size_of_RTC_DS1307_Write                       (abs)            000000
__size_of_Save_Event_to_24c04                    (abs)            000000
__size_of_UART_Send_Current_Event                (abs)            000000
__size_of_UART_TX_Init                           (abs)            000000
__size_of_UART_Write                             (abs)            000000
__size_of_UART_WriteStr                          (abs)            000000
__size_of___awdiv                                (abs)            000000
__size_of___awmod                                (abs)            000000
__size_of___bmul                                 (abs)            000000
__size_of___lldiv                                (abs)            000000
__size_of___lmul                                 (abs)            000000
__size_of_main                                   (abs)            000000
_main                                            maintext         000C82
_passwordChangedSuccessfullymsg                  dataBANK1        0000D0
btemp                                            (abs)            00007E
end_of_initialization                            cinit            00005A
init_fetch0                                      inittext         001000
init_ram0                                        inittext         001004
interrupt_function                               intentry         000004
intlevel0                                        functab          000000
intlevel1                                        functab          000000
intlevel2                                        functab          000000
intlevel3                                        functab          000000
intlevel4                                        functab          000000
intlevel5                                        functab          000000
main@Adc_Return_Value                            cstackBANK0      000044
main@Adc_Str                                     cstackBANK0      00003F
main@Button_4_counter                            cstackBANK0      00003B
main@Button_5_counter                            cstackBANK0      00003D
main@Car_Speed                                   cstackBANK0      000048
main@Download_Log_Counter                        cstackBANK0      00004D
main@Memory_Offset                               cstackBANK0      000050
main@Pass_Offset                                 cstackBANK0      00004C
main@Password_Trails                             cstackBANK0      00003A
main@RTC_Date                                    cstackBANK3      0001D9
main@View_Log_Counter                            cstackBANK0      00004E
main@temp_                                       cstackBANK0      00004F
pnum$maintext                                    (abs)            000012
pnum$maintext_split_1                            (abs)            000040
pnum$maintext_split_2                            (abs)            000041
pnum$maintext_split_3                            (abs)            000042
pnum$maintext_split_4                            (abs)            000043
pnum$maintext_split_5                            (abs)            000044
psplit$0                                         (abs)            120040
psplit$1                                         (abs)            400041
psplit$2                                         (abs)            410042
psplit$3                                         (abs)            420043
psplit$4                                         (abs)            430044
reset_vec                                        reset_vec        000000
saved_w                                          (abs)            00007E
start                                            init             000010
start_initialization                             cinit            000013
wtemp0                                           (abs)            00007E


FUNCTION INFORMATION:

 *************** function _main *****************
 Defined at:
		line 178 in file "main.c"
 Parameters:    Size  Location     Type
		None
 Auto vars:     Size  Location     Type
  RTC_Date       14    0[BANK3 ] struct .
  Adc_Str         5   31[BANK0 ] unsigned char [5]
  Car_Speed       4   40[BANK0 ] unsigned long 
  Adc_Return_V    4   36[BANK0 ] unsigned long 
  Button_5_cou    2   29[BANK0 ] unsigned int 
  Button_4_cou    2   27[BANK0 ] unsigned int 
  Memory_Offse    1   48[BANK0 ] unsigned char 
  temp_           1   47[BANK0 ] unsigned char 
  View_Log_Cou    1   46[BANK0 ] char 
  Download_Log    1   45[BANK0 ] unsigned char 
  Pass_Offset     1   44[BANK0 ] unsigned char 
  Password_Tra    1   26[BANK0 ] unsigned char 
 Return value:  Size  Location     Type
                  1    wreg      void 
 Registers used:
		wreg, fsr0l, fsr0h, status,2, status,0, btemp+1, pclath, cstack
 Tracked objects:
		On entry : 
		On exit  : 
		Unchanged: 
 Data sizes:     COMMON   BANK0   BANK1   BANK3   BANK2
      Params:         0       0       0       0       0
      Locals:         0      23       0      14       0
      Temps:          0       4       0       0       0
      Totals:         0      27       0      14       0
Total ram usage:       41 bytes
 Hardware stack levels required when called:    6
 This function calls:
		_Adc_Init
		_Adc_Read
		_Button_Init
		_Button_Read
		_Check_Password
		_Clear_Events
		_Dio_Init
		_E2PROM_24C04_Init
		_E2PROM_24C04_Read
		_E2PROM_24C04_Write
		_LCD_2DigitIntToStr
		_LCD_DisChar
		_LCD_DisStrRC
		_LCD_Display_Current_Event
		_LCD_GotoRC
		_LCD_Init
		_LCD_SendCMD
		_RTC_DS1307_Get_Date
		_RTC_DS1307_Init
		_RTC_DS1307_Read
		_RTC_DS1307_Write
		_Save_Event_to_24c04
		_UART_Send_Current_Event
		_UART_TX_Init
		_UART_Write
		___awdiv
		___awmod
		___bmul
		___lldiv
		___lmul
 This function is called by:
		Startup code after reset
 This function uses a non-reentrant model


 *************** function ___lmul *****************
 Defined at:
		line 15 in file "C:\Program Files\Microchip\xc8\v2.20\pic\sources\c90\common\Umul32.c"
 Parameters:    Size  Location     Type
  multiplier      4    0[BANK0 ] unsigned long 
  multiplicand    4    4[BANK0 ] unsigned long 
 Auto vars:     Size  Location     Type
  product         4    4[COMMON] unsigned long 
 Return value:  Size  Location     Type
                  4    0[BANK0 ] unsigned long 
 Registers used:
		wreg, status,2, status,0
 Tracked objects:
		On entry : 
		On exit  : 
		Unchanged: 
 Data sizes:     COMMON   BANK0   BANK1   BANK3   BANK2
      Params:         0       8       0       0       0
      Locals:         4       0       0       0       0
      Temps:          1       0       0       0       0
      Totals:         5       8       0       0       0
Total ram usage:       13 bytes
 Hardware stack levels used:    1
 Hardware stack levels required when called:    1
 This function calls:
		Nothing
 This function is called by:
		_main
 This function uses a non-reentrant model


 *************** function ___lldiv *****************
 Defined at:
		line 5 in file "C:\Program Files\Microchip\xc8\v2.20\pic\sources\c90\common\__lldiv.c"
 Parameters:    Size  Location     Type
  divisor         4    8[BANK0 ] unsigned long 
  dividend        4   12[BANK0 ] unsigned long 
 Auto vars:     Size  Location     Type
  quotient        4   17[BANK0 ] unsigned long 
  counter         1   21[BANK0 ] unsigned char 
 Return value:  Size  Location     Type
                  4    8[BANK0 ] unsigned long 
 Registers used:
		wreg, status,2, status,0, btemp+1
 Tracked objects:
		On entry : 
		On exit  : 
		Unchanged: 
 Data sizes:     COMMON   BANK0   BANK1   BANK3   BANK2
      Params:         0       8       0       0       0
      Locals:         0       5       0       0       0
      Temps:          0       1       0       0       0
      Totals:         0      14       0       0       0
Total ram usage:       14 bytes
 Hardware stack levels used:    1
 Hardware stack levels required when called:    1
 This function calls:
		Nothing
 This function is called by:
		_main
 This function uses a non-reentrant model


 *************** function _UART_TX_Init *****************
 Defined at:
		line 149 in file "main.c"
 Parameters:    Size  Location     Type
		None
 Auto vars:     Size  Location     Type
		None
 Return value:  Size  Location     Type
                  1    wreg      void 
 Registers used:
		wreg
 Tracked objects:
		On entry : 
		On exit  : 
		Unchanged: 
 Data sizes:     COMMON   BANK0   BANK1   BANK3   BANK2
      Params:         0       0       0       0       0
      Locals:         0       0       0       0       0
      Temps:          0       0       0       0       0
      Totals:         0       0       0       0       0
Total ram usage:        0 bytes
 Hardware stack levels used:    1
 Hardware stack levels required when called:    1
 This function calls:
		Nothing
 This function is called by:
		_main
 This function uses a non-reentrant model


 *************** function _UART_Send_Current_Event *****************
 Defined at:
		line 174 in file "main.c"
 Parameters:    Size  Location     Type
  Current_Even    1    wreg     unsigned char 
 Auto vars:     Size  Location     Type
  Current_Even    1    7[COMMON] unsigned char 
 Return value:  Size  Location     Type
                  1    wreg      void 
 Registers used:
		wreg, fsr0l, fsr0h, status,2, status,0, btemp+1, pclath, cstack
 Tracked objects:
		On entry : 
		On exit  : 
		Unchanged: 
 Data sizes:     COMMON   BANK0   BANK1   BANK3   BANK2
      Params:         0       0       0       0       0
      Locals:         1       0       0       0       0
      Temps:          0       0       0       0       0
      Totals:         1       0       0       0       0
Total ram usage:        1 bytes
 Hardware stack levels used:    1
 Hardware stack levels required when called:    3
 This function calls:
		_UART_WriteStr
		___bmul
 This function is called by:
		_main
 This function uses a non-reentrant model


 *************** function _UART_WriteStr *****************
 Defined at:
		line 166 in file "main.c"
 Parameters:    Size  Location     Type
  String          1    wreg     PTR unsigned char 
		 -> Events_Strings(30), 
 Auto vars:     Size  Location     Type
  String          1    5[COMMON] PTR unsigned char 
		 -> Events_Strings(30), 
  i               1    6[COMMON] unsigned char 
 Return value:  Size  Location     Type
                  1    wreg      void 
 Registers used:
		wreg, fsr0l, fsr0h, status,2, status,0, btemp+1, pclath, cstack
 Tracked objects:
		On entry : 
		On exit  : 
		Unchanged: 
 Data sizes:     COMMON   BANK0   BANK1   BANK3   BANK2
      Params:         0       0       0       0       0
      Locals:         2       0       0       0       0
      Temps:          1       0       0       0       0
      Totals:         3       0       0       0       0
Total ram usage:        3 bytes
 Hardware stack levels used:    1
 Hardware stack levels required when called:    2
 This function calls:
		_UART_Write
 This function is called by:
		_UART_Send_Current_Event
 This function uses a non-reentrant model


 *************** function _UART_Write *****************
 Defined at:
		line 161 in file "main.c"
 Parameters:    Size  Location     Type
  data            1    wreg     unsigned char 
 Auto vars:     Size  Location     Type
  data            1    3[COMMON] unsigned char 
 Return value:  Size  Location     Type
                  1    wreg      void 
 Registers used:
		wreg
 Tracked objects:
		On entry : 
		On exit  : 
		Unchanged: 
 Data sizes:     COMMON   BANK0   BANK1   BANK3   BANK2
      Params:         0       0       0       0       0
      Locals:         1       0       0       0       0
      Temps:          0       0       0       0       0
      Totals:         1       0       0       0       0
Total ram usage:        1 bytes
 Hardware stack levels used:    1
 Hardware stack levels required when called:    1
 This function calls:
		Nothing
 This function is called by:
		_UART_WriteStr
		_main
 This function uses a non-reentrant model


 *************** function _Save_Event_to_24c04 *****************
 Defined at:
		line 123 in file "main.c"
 Parameters:    Size  Location     Type
  RTC_Date       14    0[BANK0 ] struct .
  Event           1   14[BANK0 ] unsigned char 
  Speed           1   15[BANK0 ] PTR unsigned char 
		 -> main@Adc_Str(5), 
  Memory_Offse    1   16[BANK0 ] unsigned char 
 Auto vars:     Size  Location     Type
		None
 Return value:  Size  Location     Type
                  1    wreg      void 
 Registers used:
		wreg, fsr0l, fsr0h, status,2, status,0, btemp+1, pclath, cstack
 Tracked objects:
		On entry : 
		On exit  : 
		Unchanged: 
 Data sizes:     COMMON   BANK0   BANK1   BANK3   BANK2
      Params:         0      17       0       0       0
      Locals:         0       0       0       0       0
      Temps:          0       0       0       0       0
      Totals:         0      17       0       0       0
Total ram usage:       17 bytes
 Hardware stack levels used:    1
 Hardware stack levels required when called:    4
 This function calls:
		_E2PROM_24C04_Write
 This function is called by:
		_main
 This function uses a non-reentrant model


 *************** function _RTC_DS1307_Write *****************
 Defined at:
		line 7 in file "RTC_DS1307.c"
 Parameters:    Size  Location     Type
  word_Address    1    wreg     unsigned char 
  Data            1    4[COMMON] unsigned char 
 Auto vars:     Size  Location     Type
  word_Address    1    5[COMMON] unsigned char 
 Return value:  Size  Location     Type
                  1    wreg      void 
 Registers used:
		wreg, status,2, status,0, pclath, cstack
 Tracked objects:
		On entry : 
		On exit  : 
		Unchanged: 
 Data sizes:     COMMON   BANK0   BANK1   BANK3   BANK2
      Params:         1       0       0       0       0
      Locals:         1       0       0       0       0
      Temps:          0       0       0       0       0
      Totals:         2       0       0       0       0
Total ram usage:        2 bytes
 Hardware stack levels used:    1
 Hardware stack levels required when called:    3
 This function calls:
		_I2C_Start
		_I2C_Stop
		_I2C_Write
 This function is called by:
		_main
 This function uses a non-reentrant model


 *************** function _RTC_DS1307_Init *****************
 Defined at:
		line 3 in file "RTC_DS1307.c"
 Parameters:    Size  Location     Type
		None
 Auto vars:     Size  Location     Type
		None
 Return value:  Size  Location     Type
                  1    wreg      void 
 Registers used:
		wreg, status,2, status,0, pclath, cstack
 Tracked objects:
		On entry : 
		On exit  : 
		Unchanged: 
 Data sizes:     COMMON   BANK0   BANK1   BANK3   BANK2
      Params:         0       0       0       0       0
      Locals:         0       0       0       0       0
      Temps:          0       0       0       0       0
      Totals:         0       0       0       0       0
Total ram usage:        0 bytes
 Hardware stack levels used:    1
 Hardware stack levels required when called:    2
 This function calls:
		_I2C_Master_Init
 This function is called by:
		_main
 This function uses a non-reentrant model


 *************** function _RTC_DS1307_Get_Date *****************
 Defined at:
		line 50 in file "RTC_DS1307.c"
 Parameters:    Size  Location     Type
  Date_Structu    1    wreg     PTR struct .
		 -> main@RTC_Date(14), 
 Auto vars:     Size  Location     Type
  Date_Structu    1    0[BANK0 ] PTR struct .
		 -> main@RTC_Date(14), 
  temp            8    1[BANK0 ] struct .
 Return value:  Size  Location     Type
                  1    wreg      void 
 Registers used:
		wreg, fsr0l, fsr0h, status,2, status,0, btemp+1, pclath, cstack
 Tracked objects:
		On entry : 
		On exit  : 
		Unchanged: 
 Data sizes:     COMMON   BANK0   BANK1   BANK3   BANK2
      Params:         0       0       0       0       0
      Locals:         0       9       0       0       0
      Temps:          0       0       0       0       0
      Totals:         0       9       0       0       0
Total ram usage:        9 bytes
 Hardware stack levels used:    1
 Hardware stack levels required when called:    5
 This function calls:
		_RTC_DS1307_BCD_To_Decimal_LSB
		_RTC_DS1307_BCD_To_Decimal_MSB
		_RTC_DS1307_DOW_To_String
		_RTC_DS1307_Read
 This function is called by:
		_main
 This function uses a non-reentrant model


 *************** function _RTC_DS1307_Read *****************
 Defined at:
		line 15 in file "RTC_DS1307.c"
 Parameters:    Size  Location     Type
  word_Address    1    wreg     unsigned char 
 Auto vars:     Size  Location     Type
  word_Address    1    4[COMMON] unsigned char 
  temp_Device_    1    5[COMMON] unsigned char 
 Return value:  Size  Location     Type
                  1    wreg      unsigned char 
 Registers used:
		wreg, status,2, status,0, btemp+1, pclath, cstack
 Tracked objects:
		On entry : 
		On exit  : 
		Unchanged: 
 Data sizes:     COMMON   BANK0   BANK1   BANK3   BANK2
      Params:         0       0       0       0       0
      Locals:         2       0       0       0       0
      Temps:          0       0       0       0       0
      Totals:         2       0       0       0       0
Total ram usage:        2 bytes
 Hardware stack levels used:    1
 Hardware stack levels required when called:    4
 This function calls:
		_I2C_Read
		_I2C_Start
		_I2C_Stop
		_I2C_Write
 This function is called by:
		_main
		_RTC_DS1307_Get_Date
 This function uses a non-reentrant model


 *************** function _RTC_DS1307_DOW_To_String *****************
 Defined at:
		line 43 in file "RTC_DS1307.c"
 Parameters:    Size  Location     Type
  Day_Of_The_W    1    wreg     unsigned char 
 Auto vars:     Size  Location     Type
  Day_Of_The_W    1    6[COMMON] unsigned char 
 Return value:  Size  Location     Type
                  1    wreg      PTR unsigned char 
 Registers used:
		wreg, status,2, status,0, btemp+1, pclath, cstack
 Tracked objects:
		On entry : 
		On exit  : 
		Unchanged: 
 Data sizes:     COMMON   BANK0   BANK1   BANK3   BANK2
      Params:         0       0       0       0       0
      Locals:         1       0       0       0       0
      Temps:          0       0       0       0       0
      Totals:         1       0       0       0       0
Total ram usage:        1 bytes
 Hardware stack levels used:    1
 Hardware stack levels required when called:    2
 This function calls:
		___bmul
 This function is called by:
		_RTC_DS1307_Get_Date
 This function uses a non-reentrant model


 *************** function _RTC_DS1307_BCD_To_Decimal_MSB *****************
 Defined at:
		line 31 in file "RTC_DS1307.c"
 Parameters:    Size  Location     Type
  BCD_Number      1    wreg     unsigned char 
 Auto vars:     Size  Location     Type
  BCD_Number      1    4[COMMON] unsigned char 
  temp            1    5[COMMON] unsigned char 
 Return value:  Size  Location     Type
                  1    wreg      unsigned char 
 Registers used:
		wreg, status,2, status,0, btemp+1
 Tracked objects:
		On entry : 
		On exit  : 
		Unchanged: 
 Data sizes:     COMMON   BANK0   BANK1   BANK3   BANK2
      Params:         0       0       0       0       0
      Locals:         2       0       0       0       0
      Temps:          1       0       0       0       0
      Totals:         3       0       0       0       0
Total ram usage:        3 bytes
 Hardware stack levels used:    1
 Hardware stack levels required when called:    1
 This function calls:
		Nothing
 This function is called by:
		_RTC_DS1307_Get_Date
 This function uses a non-reentrant model


 *************** function _RTC_DS1307_BCD_To_Decimal_LSB *****************
 Defined at:
		line 37 in file "RTC_DS1307.c"
 Parameters:    Size  Location     Type
  BCD_Number      1    wreg     unsigned char 
 Auto vars:     Size  Location     Type
  BCD_Number      1    3[COMMON] unsigned char 
  temp            1    4[COMMON] unsigned char 
 Return value:  Size  Location     Type
                  1    wreg      unsigned char 
 Registers used:
		wreg, status,2, status,0, btemp+1
 Tracked objects:
		On entry : 
		On exit  : 
		Unchanged: 
 Data sizes:     COMMON   BANK0   BANK1   BANK3   BANK2
      Params:         0       0       0       0       0
      Locals:         2       0       0       0       0
      Temps:          0       0       0       0       0
      Totals:         2       0       0       0       0
Total ram usage:        2 bytes
 Hardware stack levels used:    1
 Hardware stack levels required when called:    1
 This function calls:
		Nothing
 This function is called by:
		_RTC_DS1307_Get_Date
 This function uses a non-reentrant model


 *************** function _LCD_Init *****************
 Defined at:
		line 6 in file "LCD.c"
 Parameters:    Size  Location     Type
		None
 Auto vars:     Size  Location     Type
		None
 Return value:  Size  Location     Type
                  1    wreg      void 
 Registers used:
		wreg, status,2, status,0, pclath, cstack
 Tracked objects:
		On entry : 
		On exit  : 
		Unchanged: 
 Data sizes:     COMMON   BANK0   BANK1   BANK3   BANK2
      Params:         0       0       0       0       0
      Locals:         0       0       0       0       0
      Temps:          0       0       0       0       0
      Totals:         0       0       0       0       0
Total ram usage:        0 bytes
 Hardware stack levels used:    1
 Hardware stack levels required when called:    2
 This function calls:
		_LCD_SendCMD
 This function is called by:
		_main
 This function uses a non-reentrant model


 *************** function _LCD_Display_Current_Event *****************
 Defined at:
		line 72 in file "main.c"
 Parameters:    Size  Location     Type
  Current_Even    1    wreg     unsigned char 
 Auto vars:     Size  Location     Type
  Current_Even    1    7[BANK0 ] unsigned char 
 Return value:  Size  Location     Type
                  1    wreg      void 
 Registers used:
		wreg, fsr0l, fsr0h, status,2, status,0, btemp+1, pclath, cstack
 Tracked objects:
		On entry : 
		On exit  : 
		Unchanged: 
 Data sizes:     COMMON   BANK0   BANK1   BANK3   BANK2
      Params:         0       0       0       0       0
      Locals:         0       1       0       0       0
      Temps:          0       0       0       0       0
      Totals:         0       1       0       0       0
Total ram usage:        1 bytes
 Hardware stack levels used:    1
 Hardware stack levels required when called:    4
 This function calls:
		_LCD_DisStrRC
		___bmul
 This function is called by:
		_main
 This function uses a non-reentrant model


 *************** function ___bmul *****************
 Defined at:
		line 4 in file "C:\Program Files\Microchip\xc8\v2.20\pic\sources\c90\common\Umul8.c"
 Parameters:    Size  Location     Type
  multiplier      1    wreg     unsigned char 
  multiplicand    1    3[COMMON] unsigned char 
 Auto vars:     Size  Location     Type
  multiplier      1    5[COMMON] unsigned char 
  product         1    4[COMMON] unsigned char 
 Return value:  Size  Location     Type
                  1    wreg      unsigned char 
 Registers used:
		wreg, status,2, status,0, btemp+1
 Tracked objects:
		On entry : 
		On exit  : 
		Unchanged: 
 Data sizes:     COMMON   BANK0   BANK1   BANK3   BANK2
      Params:         1       0       0       0       0
      Locals:         2       0       0       0       0
      Temps:          0       0       0       0       0
      Totals:         3       0       0       0       0
Total ram usage:        3 bytes
 Hardware stack levels used:    1
 Hardware stack levels required when called:    1
 This function calls:
		Nothing
 This function is called by:
		_LCD_Display_Current_Event
		_UART_Send_Current_Event
		_main
		_RTC_DS1307_DOW_To_String
[...]
      Temps:          0       0       0       0       0
      Totals:         0       0       0       0       0
Total ram usage:        0 bytes
 Hardware stack levels used:    1
 Hardware stack levels required when called:    1
 This function calls:
		Nothing
 This function is called by:
		_E2PROM_24C04_Init
		_RTC_DS1307_Init
 This function uses a non-reentrant model


 *************** function _Clear_Events *****************
 Defined at:
		line 141 in file "main.c"
 Parameters:    Size  Location     Type
		None
 Auto vars:     Size  Location     Type
  i               1    7[COMMON] unsigned char 
 Return value:  Size  Location     Type
                  1    wreg      void 
 Registers used:
		wreg, status,2, status,0, btemp+1, pclath, cstack
 Tracked objects:
		On entry : 
		On exit  : 
		Unchanged: 
 Data sizes:     COMMON   BANK0   BANK1   BANK3   BANK2
      Params:         0       0       0       0       0
      Locals:         1       0       0       0       0
      Temps:          0       0       0       0       0
      Totals:         1       0       0       0       0
Total ram usage:        1 bytes
 Hardware stack levels used:    1
 Hardware stack levels required when called:    4
 This function calls:
		_E2PROM_24C04_Write
 This function is called by:
		_main
 This function uses a non-reentrant model


 *************** function _E2PROM_24C04_Write *****************
 Defined at:
		line 10 in file "E2PROM_24C04.c"
 Parameters:    Size  Location     Type
  Device_Addre    1    wreg     unsigned char 
  word_Address    1    4[COMMON] unsigned char 
  Data            1    5[COMMON] unsigned char 
 Auto vars:     Size  Location     Type
  Device_Addre    1    6[COMMON] unsigned char 
 Return value:  Size  Location     Type
                  1    wreg      void 
 Registers used:
		wreg, status,2, status,0, pclath, cstack
 Tracked objects:
		On entry : 
		On exit  : 
		Unchanged: 
 Data sizes:     COMMON   BANK0   BANK1   BANK3   BANK2
      Params:         2       0       0       0       0
      Locals:         1       0       0       0       0
      Temps:          0       0       0       0       0
      Totals:         3       0       0       0       0
Total ram usage:        3 bytes
 Hardware stack levels used:    1
 Hardware stack levels required when called:    3
 This function calls:
		_I2C_Start
		_I2C_Stop
		_I2C_Write
 This function is called by:
		_Save_Event_to_24c04
		_Clear_Events
		_main
 This function uses a non-reentrant model


 *************** function _Check_Password *****************
 Defined at:
		line 77 in file "main.c"
 Parameters:    Size  Location     Type
		None
 Auto vars:     Size  Location     Type
  i               1    1[BANK0 ] unsigned char 
  temp            1    0[BANK0 ] unsigned char 
 Return value:  Size  Location     Type
                  1    wreg      unsigned char 
 Registers used:
		wreg, fsr0l, fsr0h, status,2, status,0, btemp+1, pclath, cstack
 Tracked objects:
		On entry : 
		On exit  : 
		Unchanged: 
 Data sizes:     COMMON   BANK0   BANK1   BANK3   BANK2
      Params:         0       0       0       0       0
      Locals:         0       2       0       0       0
      Temps:          0       0       0       0       0
      Totals:         0       2       0       0       0
Total ram usage:        2 bytes
 Hardware stack levels used:    1
 Hardware stack levels required when called:    5
 This function calls:
		_E2PROM_24C04_Read
 This function is called by:
		_main
 This function uses a non-reentrant model


 *************** function _E2PROM_24C04_Read *****************
 Defined at:
		line 20 in file "E2PROM_24C04.c"
 Parameters:    Size  Location     Type
  Device_Addre    1    wreg     unsigned char 
  word_Address    1    4[COMMON] unsigned char 
 Auto vars:     Size  Location     Type
  Device_Addre    1    5[COMMON] unsigned char 
  temp            1    6[COMMON] unsigned char 
 Return value:  Size  Location     Type
                  1    wreg      unsigned char 
 Registers used:
		wreg, status,2, status,0, btemp+1, pclath, cstack
 Tracked objects:
		On entry : 
		On exit  : 
		Unchanged: 
 Data sizes:     COMMON   BANK0   BANK1   BANK3   BANK2
      Params:         1       0       0       0       0
      Locals:         2       0       0       0       0
      Temps:          0       0       0       0       0
      Totals:         3       0       0       0       0
Total ram usage:        3 bytes
 Hardware stack levels used:    1
 Hardware stack levels required when called:    4
 This function calls:
		_I2C_Read
		_I2C_Start
		_I2C_Stop
		_I2C_Write
 This function is called by:
		_Check_Password
		_main
 This function uses a non-reentrant model


 *************** function _I2C_Write *****************
 Defined at:
		line 57 in file "I2C.c"
 Parameters:    Size  Location     Type
  Data            1    wreg     unsigned char 
 Auto vars:     Size  Location     Type
  Data            1    3[COMMON] unsigned char 
 Return value:  Size  Location     Type
                  1    wreg      unsigned char 
 Registers used:
		wreg, status,2, status,0, pclath, cstack
 Tracked objects:
		On entry : 
		On exit  : 
		Unchanged: 
 Data sizes:     COMMON   BANK0   BANK1   BANK3   BANK2
      Params:         0       0       0       0       0
      Locals:         1       0       0       0       0
      Temps:          0       0       0       0       0
      Totals:         1       0       0       0       0
Total ram usage:        1 bytes
 Hardware stack levels used:    1
 Hardware stack levels required when called:    2
 This function calls:
		_I2C_Wait
 This function is called by:
		_E2PROM_24C04_Write
		_E2PROM_24C04_Read
		_RTC_DS1307_Write
		_RTC_DS1307_Read
 This function uses a non-reentrant model


 *************** function _I2C_Stop *****************
 Defined at:
		line 25 in file "I2C.c"
 Parameters:    Size  Location     Type
		None
 Auto vars:     Size  Location     Type
		None
 Return value:  Size  Location     Type
                  1    wreg      void 
 Registers used:
		wreg, status,2, status,0, pclath, cstack
 Tracked objects:
		On entry : 
		On exit  : 
		Unchanged: 
 Data sizes:     COMMON   BANK0   BANK1   BANK3   BANK2
      Params:         0       0       0       0       0
      Locals:         0       0       0       0       0
      Temps:          0       0       0       0       0
      Totals:         0       0       0       0       0
Total ram usage:        0 bytes
 Hardware stack levels used:    1
 Hardware stack levels required when called:    2
 This function calls:
		_I2C_Wait
 This function is called by:
		_E2PROM_24C04_Write
		_E2PROM_24C04_Read
		_RTC_DS1307_Write
		_RTC_DS1307_Read
 This function uses a non-reentrant model


 *************** function _I2C_Start *****************
 Defined at:
		line 18 in file "I2C.c"
 Parameters:    Size  Location     Type
		None
 Auto vars:     Size  Location     Type
		None
 Return value:  Size  Location     Type
                  1    wreg      void 
 Registers used:
		wreg, status,2, status,0, pclath, cstack
 Tracked objects:
		On entry : 
		On exit  : 
		Unchanged: 
 Data sizes:     COMMON   BANK0   BANK1   BANK3   BANK2
      Params:         0       0       0       0       0
      Locals:         0       0       0       0       0
      Temps:          0       0       0       0       0
      Totals:         0       0       0       0       0
Total ram usage:        0 bytes
 Hardware stack levels used:    1
 Hardware stack levels required when called:    2
 This function calls:
		_I2C_Wait
 This function is called by:
		_E2PROM_24C04_Write
		_E2PROM_24C04_Read
		_RTC_DS1307_Write
		_RTC_DS1307_Read
 This function uses a non-reentrant model


 *************** function _I2C_Read *****************
 Defined at:
		line 66 in file "I2C.c"
 Parameters:    Size  Location     Type
		None
 Auto vars:     Size  Location     Type
  Data            1    3[COMMON] unsigned char 
 Return value:  Size  Location     Type
                  1    wreg      unsigned char 
 Registers used:
		wreg, status,2, status,0, btemp+1, pclath, cstack
 Tracked objects:
		On entry : 
		On exit  : 
		Unchanged: 
 Data sizes:     COMMON   BANK0   BANK1   BANK3   BANK2
      Params:         0       0       0       0       0
      Locals:         1       0       0       0       0
      Temps:          0       0       0       0       0
      Totals:         1       0       0       0       0
Total ram usage:        1 bytes
 Hardware stack levels used:    1
 Hardware stack levels required when called:    3
 This function calls:
		_I2C_NACK
		_I2C_Wait
 This function is called by:
		_E2PROM_24C04_Read
		_RTC_DS1307_Read
 This function uses a non-reentrant model


 *************** function _I2C_NACK *****************
 Defined at:
		line 48 in file "I2C.c"
 Parameters:    Size  Location     Type
		None
 Auto vars:     Size  Location     Type
		None
 Return value:  Size  Location     Type
                  1    wreg      void 
 Registers used:
		wreg, status,2, status,0, pclath, cstack
 Tracked objects:
		On entry : 
		On exit  : 
		Unchanged: 
 Data sizes:     COMMON   BANK0   BANK1   BANK3   BANK2
      Params:         0       0       0       0       0
      Locals:         0       0       0       0       0
      Temps:          0       0       0       0       0
      Totals:         0       0       0       0       0
Total ram usage:        0 bytes
 Hardware stack levels used:    1
 Hardware stack levels required when called:    2
 This function calls:
		_I2C_Wait
 This function is called by:
		_I2C_Read
 This function uses a non-reentrant model


 *************** function _I2C_Wait *****************
 Defined at:
		line 13 in file "I2C.c"
 Parameters:    Size  Location     Type
		None
 Auto vars:     Size  Location     Type
		None
 Return value:  Size  Location     Type
                  1    wreg      void 
 Registers used:
		wreg, status,2
 Tracked objects:
		On entry : 
		On exit  : 
		Unchanged: 
 Data sizes:     COMMON   BANK0   BANK1   BANK3   BANK2
      Params:         0       0       0       0       0
      Locals:         0       0       0       0       0
      Temps:          0       0       0       0       0
      Totals:         0       0       0       0       0
Total ram usage:        0 bytes
 Hardware stack levels used:    1
 Hardware stack levels required when called:    1
 This function calls:
		Nothing
 This function is called by:
		_I2C_Start
		_I2C_Stop
		_I2C_NACK
		_I2C_Write
		_I2C_Read
 This function uses a non-reentrant model


 *************** function _Button_Read *****************
 Defined at:
		line 19 in file "Button.c"
 Parameters:    Size  Location     Type
  Button          1    wreg     unsigned char 
 Auto vars:     Size  Location     Type
  Button          1    5[COMMON] unsigned char 
 Return value:  Size  Location     Type
                  1    wreg      unsigned char 
 Registers used:
		wreg, status,2, status,0
 Tracked objects:
		On entry : 
		On exit  : 
		Unchanged: 
 Data sizes:     COMMON   BANK0   BANK1   BANK3   BANK2
      Params:         0       0       0       0       0
      Locals:         1       0       0       0       0
      Temps:          2       0       0       0       0
      Totals:         3       0       0       0       0
Total ram usage:        3 bytes
 Hardware stack levels used:    1
 Hardware stack levels required when called:    1
 This function calls:
		Nothing
 This function is called by:
		_main
 This function uses a non-reentrant model


 *************** function _Button_Init *****************
 Defined at:
		line 5 in file "Button.c"
 Parameters:    Size  Location     Type
		None
 Auto vars:     Size  Location     Type
		None
 Return value:  Size  Location     Type
                  1    wreg      void 
 Registers used:
		wreg, status,2, status,0, pclath, cstack
 Tracked objects:
		On entry : 
		On exit  : 
		Unchanged: 
 Data sizes:     COMMON   BANK0   BANK1   BANK3   BANK2
      Params:         0       0       0       0       0
      Locals:         0       0       0       0       0
      Temps:          0       0       0       0       0
      Totals:         0       0       0       0       0
Total ram usage:        0 bytes
 Hardware stack levels used:    1
 Hardware stack levels required when called:    2
 This function calls:
		_Dio_Init
 This function is called by:
		_main
 This function uses a non-reentrant model


 *************** function _Dio_Init *****************
 Defined at:
		line 4 in file "Dio.c"
 Parameters:    Size  Location     Type
		None
 Auto vars:     Size  Location     Type
		None
 Return value:  Size  Location     Type
                  1    wreg      void 
 Registers used:
		wreg, status,2
 Tracked objects:
		On entry : 
		On exit  : 
		Unchanged: 
 Data sizes:     COMMON   BANK0   BANK1   BANK3   BANK2
      Params:         0       0       0       0       0
      Locals:         0       0       0       0       0
      Temps:          0       0       0       0       0
      Totals:         0       0       0       0       0
Total ram usage:        0 bytes
 Hardware stack levels used:    1
 Hardware stack levels required when called:    1
 This function calls:
		Nothing
 This function is called by:
		_Button_Init
		_main
 This function uses a non-reentrant model


 *************** function _Adc_Read *****************
 Defined at:
		line 13 in file "Adc.c"
 Parameters:    Size  Location     Type
		None
 Auto vars:     Size  Location     Type
  adc_value       2    5[COMMON] unsigned int 
 Return value:  Size  Location     Type
                  2    3[COMMON] unsigned int 
 Registers used:
		wreg
 Tracked objects:
		On entry : 
		On exit  : 
		Unchanged: 
 Data sizes:     COMMON   BANK0   BANK1   BANK3   BANK2
      Params:         2       0       0       0       0
      Locals:         2       0       0       0       0
      Temps:          0       0       0       0       0
      Totals:         4       0       0       0       0
Total ram usage:        4 bytes
 Hardware stack levels used:    1
 Hardware stack levels required when called:    1
 This function calls:
		Nothing
 This function is called by:
		_main
 This function uses a non-reentrant model


 *************** function _Adc_Init *****************
 Defined at:
		line 4 in file "Adc.c"
 Parameters:    Size  Location     Type
		None
 Auto vars:     Size  Location     Type
		None
 Return value:  Size  Location     Type
                  1    wreg      void 
 Registers used:
		wreg
 Tracked objects:
		On entry : 
		On exit  : 
		Unchanged: 
 Data sizes:     COMMON   BANK0   BANK1   BANK3   BANK2
      Params:         0       0       0       0       0
      Locals:         0       0       0       0       0
      Temps:          1       0       0       0       0
      Totals:         1       0       0       0       0
Total ram usage:        1 bytes
 Hardware stack levels used:    1
 Hardware stack levels required when called:    1
 This function calls:
		Nothing
 This function is called by:
		_main
 This function uses a non-reentrant model


 *************** function _ISR *****************
 Defined at:
		line 100 in file "main.c"
 Parameters:    Size  Location     Type
		None
 Auto vars:     Size  Location     Type
		None
 Return value:  Size  Location     Type
                  1    wreg      void 
 Registers used:
		wreg, status,2, status,0, btemp+1
 Tracked objects:
		On entry : 
		On exit  : 
		Unchanged: 
 Data sizes:     COMMON   BANK0   BANK1   BANK3   BANK2
      Params:         0       0       0       0       0
      Locals:         0       0       0       0       0
      Temps:          3       0       0       0       0
      Totals:         3       0       0       0       0
Total ram usage:        3 bytes
 Hardware stack levels used:    1
 This function calls:
		Nothing
 This function is called by:
		Interrupt level 1
 This function uses a non-reentrant model



MODULE INFORMATION

Module		Function		Class		Link	Load	Size
C:\Program Files\Microchip\xc8\v2.20\pic\sources\c90\common\Umul32.c
		___lmul        		CODE           	11DE	0000	73

C:\Program Files\Microchip\xc8\v2.20\pic\sources\c90\common\Umul32.c estimated size: 73

C:\Program Files\Microchip\xc8\v2.20\pic\sources\c90\common\__lldiv.c
		___lldiv       		CODE           	13EE	0000	105

C:\Program Files\Microchip\xc8\v2.20\pic\sources\c90\common\__lldiv.c estimated size: 105

RTC_DS1307.c
		_RTC_DS1307_Read		CODE           	10EE	0000	45
		_RTC_DS1307_Init		CODE           	1EF8	0000	7
		_RTC_DS1307_Get_Date		CODE           	16DA	0000	295
		_RTC_DS1307_BCD_To_Decimal_LSB		CODE           	1F10	0000	10
		_RTC_DS1307_BCD_To_Decimal_MSB		CODE           	1F7A	0000	17
		_RTC_DS1307_DOW_To_String		CODE           	1F40	0000	14
		_RTC_DS1307_Write		CODE           	10B2	0000	31

RTC_DS1307.c estimated size: 419

I2C.c
		_I2C_Master_Init		CODE           	1F33	0000	14
		_I2C_Write     		CODE           	1F6A	0000	17
		_I2C_Stop      		CODE           	1F07	0000	10
		_I2C_Wait      		CODE           	1F26	0000	14
		_I2C_Read      		CODE           	105C	0000	27
		_I2C_NACK      		CODE           	0802	0000	11
		_I2C_Start     		CODE           	1EFE	0000	10

I2C.c estimated size: 103

Dio.c
		_Dio_Init      		CODE           	1FBF	0000	21

Dio.c estimated size: 21

Button.c
		_Button_Read   		CODE           	1FE8	0000	25
		_Button_Init   		CODE           	1F19	0000	14

Button.c estimated size: 39

Adc.c
		_Adc_Read      		CODE           	1FAC	0000	20
		_Adc_Init      		CODE           	1F4D	0000	15

Adc.c estimated size: 35

C:\Program Files\Microchip\xc8\v2.20\pic\sources\c90\common\awmod.c
		___awmod       		CODE           	126E	0000	92

C:\Program Files\Microchip\xc8\v2.20\pic\sources\c90\common\awmod.c estimated size: 92

shared
		__initialization		CODE           	0013	0000	72

shared estimated size: 72

C:\Program Files\Microchip\xc8\v2.20\pic\sources\c90\common\Umul8.c
		___bmul        		CODE           	1FD3	0000	22

C:\Program Files\Microchip\xc8\v2.20\pic\sources\c90\common\Umul8.c estimated size: 22

E2PROM_24C04.c
		_E2PROM_24C04_Init		CODE           	1EF2	0000	7
		_E2PROM_24C04_Write		CODE           	1076	0000	31
		_E2PROM_24C04_Read		CODE           	11A8	0000	55

E2PROM_24C04.c estimated size: 93

main.c
		_Save_Event_to_24c04		CODE           	152B	0000	161
		_UART_Send_Current_Event		CODE           	1F9A	0000	19
		_LCD_Display_Current_Event		CODE           	07D5	0000	32
		_ISR           		CODE           	111A	0000	47
		_Check_Password		CODE           	1176	0000	51
		_main          		CODE           	0C82	0000	4143
		_Clear_Events  		CODE           	1043	0000	26
		_UART_Write    		CODE           	07F4	0000	13
		_UART_WriteStr 		CODE           	10D0	0000	31
		_UART_TX_Init  		CODE           	1F5B	0000	16

main.c estimated size: 4539

C:\Program Files\Microchip\xc8\v2.20\pic\sources\c90\common\awdiv.c
		___awdiv       		CODE           	1456	0000	106

C:\Program Files\Microchip\xc8\v2.20\pic\sources\c90\common\awdiv.c estimated size: 106

LCD.c
		_LCD_Init      		CODE           	1094	0000	31
		_LCD_SendCMD   		CODE           	138B	0000	100
		_LCD_2DigitIntToStr		CODE           	14BF	0000	109
		_LCD_DisStr    		CODE           	1148	0000	47
		_LCD_DisChar   		CODE           	1328	0000	100
		_LCD_DisStrRC  		CODE           	102B	0000	25
		_LCD_GotoRC    		CODE           	1013	0000	25

LCD.c estimated size: 437

