Microchip MPLAB XC8 Compiler V2.20

Linker command line:

-W-3 --edf=C:\Program Files\Microchip\xc8\v2.20\pic\dat\en_msgs.txt -cn \
  -h+dist/default/production\A23_Dynamic_Scrolling_Number__CLCD.X.production.sym \
  --cmf=dist/default/production\A23_Dynamic_Scrolling_Number__CLCD.X.production.cmf \
  -z -Q16F877A -oC:\Users\Louda\AppData\Local\Temp\s9no.3 \
  --defsym=__MPLAB_BUILD=1 \
  -Mdist/default/production/A23_Dynamic_Scrolling_Number__CLCD.X.production.map \
  -E1 -ver=XC8 Compiler --acfsm=1493 -ASTACK=0110h-016Fh -pstack=STACK \
  -ACODE=00h-07FFhx4 -ASTRCODE=00h-01FFFh -ASTRING=00h-0FFhx32 \
  -ACONST=00h-0FFhx32 -AENTRY=00h-0FFhx32 -ACOMMON=070h-07Fh \
  -ABANK0=020h-06Fh -ABANK1=0A0h-0EFh -ABANK2=0110h-016Fh \
  -ABANK3=0190h-01EFh -ARAM=020h-06Fh,0A0h-0EFh,0110h-016Fh,0190h-01EFh \
  -AABS1=020h-07Fh,0A0h-0EFh,0110h-016Fh,0190h-01EFh -ASFR0=00h-01Fh \
  -ASFR1=080h-09Fh -ASFR2=0100h-010Fh -ASFR3=0180h-018Fh \
  -ACONFIG=02007h-02007h -DCONFIG=2 -AIDLOC=02000h-02003h -DIDLOC=2 \
  -preset_vec=00h,intentry,init,end_init -ppowerup=CODE -pcinit=CODE \
  -pfunctab=ENTRY -AEEDATA=00h-0FFh/02100h -peeprom_data=EEDATA -DEEDATA=2 \
  -DCODE=2 -DSTRCODE=2 -DSTRING=2 -DCONST=2 -DENTRY=2 -k \
  C:\Users\Louda\AppData\Local\Temp\s9no.o \
  dist/default/production\A23_Dynamic_Scrolling_Number__CLCD.X.production.o 

Object code version is 3.11

Machine type is 16F877A



                Name                               Link     Load   Length Selector   Space Scale
C:\Users\Louda\AppData\Local\Temp\s9no.o
                end_init                              0        0        3        0       0
                config                             2007     2007        1        0       4
dist/default/production\A23_Dynamic_Scrolling_Number__CLCD.X.production.o
                cinit                               7DD      7DD       23      FBA       0
                config                             2007     2007        1        0       4
                text9                               528      528      116      A50       0
                text8                               367      367        A      6CE       0
                text7                               44A      44A       6F      894       0
                text6                               3BF      3BF       1E      77E       0
                text5                               4B9      4B9       6F      972       0
                text4                               3A7      3A7       18      74E       0
                text3                               382      382       12      704       0
                text2                               3FB      3FB       1F      7F6       0
                text1                               3DD      3DD       1E      7BA       0
                maintext                            63E      63E      19F      C7C       0
                cstackBANK0                          50       50       16       20       1
                cstackCOMMON                         70       70        D       70       1
                inittext                            394      394       13      728       0
                dataBANK1                            A0       A0       11       A0       1
                dataBANK0                            20       20       30       20       1
                bssBANK0                             66       66        4       20       1
                idataBANK1                          371      371       11      6E2       0
                idataBANK0                          41A      41A       30      834       0

TOTAL           Name                               Link     Load   Length     Space
        CLASS   STACK          

        CLASS   CODE           
                end_init                              0        0        3         0
                cinit                               7DD      7DD       23         0
                text9                               528      528      116         0
                text8                               367      367        A         0
                text7                               44A      44A       6F         0
                text6                               3BF      3BF       1E         0
                text5                               4B9      4B9       6F         0
                text4                               3A7      3A7       18         0
                text3                               382      382       12         0
                text2                               3FB      3FB       1F         0
                text1                               3DD      3DD       1E         0
                maintext                            63E      63E      19F         0
                inittext                            394      394       13         0
                idataBANK1                          371      371       11         0
                idataBANK0                          41A      41A       30         0

        CLASS   STRCODE        

        CLASS   STRING         

        CLASS   CONST          

        CLASS   ENTRY          

        CLASS   COMMON         
                cstackCOMMON                         70       70        D         1

        CLASS   BANK0          
                cstackBANK0                          50       50       16         1
                dataBANK0                            20       20       30         1
                bssBANK0                             66       66        4         1

        CLASS   BANK1          
                dataBANK1                            A0       A0       11         1

        CLASS   BANK2          

        CLASS   BANK3          

        CLASS   RAM            

        CLASS   ABS1           
                abs_s1                               7E       7E        2         1

        CLASS   SFR0           

        CLASS   SFR1           

        CLASS   SFR2           

        CLASS   SFR3           

        CLASS   CONFIG         
                config                             2007     2007        1         4

        CLASS   IDLOC          

        CLASS   EEDATA         



SEGMENTS        Name                           Load    Length   Top    Selector   Space  Class     Delta

                reset_vec                      000000  000003  000003         0       0  CODE        2
                dataBANK0                      000020  00004A  00006A        20       1  BANK0       1
                cstackCOMMON                   000070  00000D  00007D        70       1  COMMON      1
                dataBANK1                      0000A0  000011  0000B1        A0       1  BANK1       1
                text8                          000367  00000A  000371       6CE       0  CODE        2
                idataBANK1                     000371  000011  000382       6E2       0  CODE        2
                text3                          000382  000012  000394       704       0  CODE        2
                inittext                       000394  000013  0003A7       728       0  CODE        2
                text4                          0003A7  000018  0003BF       74E       0  CODE        2
                text6                          0003BF  00001E  0003DD       77E       0  CODE        2
                text1                          0003DD  00001E  0003FB       7BA       0  CODE        2
                text2                          0003FB  00001F  00041A       7F6       0  CODE        2
                idataBANK0                     00041A  000030  00044A       834       0  CODE        2
                text7                          00044A  00006F  0004B9       894       0  CODE        2
                text5                          0004B9  00006F  000528       972       0  CODE        2
                text9                          000528  000116  00063E       A50       0  CODE        2
                maintext                       00063E  00019F  0007DD       C7C       0  CODE        2
                cinit                          0007DD  000023  000800       FBA       0  CODE        2


UNUSED ADDRESS RANGES

        Name                Unused          Largest block    Delta
        BANK0            006A-006F              6           1
        BANK1            00B1-00EF             3F           1
        BANK2            0110-016F             60           1
        BANK3            0190-01EF             60           1
        CODE             0003-0366            364           2
                         0800-1FFF            800
        COMMON           007D-007D              1           1
        CONST            0003-0366            100           2
                         0800-1FFF            100
        EEDATA           2100-21FF            100           2
        ENTRY            0003-0366            100           2
                         0800-1FFF            100
        IDLOC            2000-2003              4           2
        RAM              006A-006F              6           1
                         00B1-00EF             3F
                         0110-016F             60
                         0190-01EF             60
        SFR0             0000-001F             20           1
        SFR1             0080-009F             20           1
        SFR2             0100-010F             10           1
        SFR3             0180-018F             10           1
        STACK            0110-016F             60           1
        STRCODE          0003-0366            364           2
                         0800-1FFF           1800
        STRING           0003-0366            100           2
                         0800-1FFF            100

                                  Symbol Table

LCD_Clear_Column_2@F905        dataBANK1    00A0
LCD_Clear_Column_2@blank_array cstackBANK0  0050
LCD_DisChar@DATA               cstackCOMMON 0072
LCD_DisStr@i                   cstackCOMMON 0075
LCD_DisStr@str                 cstackCOMMON 0074
LCD_DisStrRC@column            cstackCOMMON 0077
LCD_DisStrRC@row               cstackCOMMON 0076
LCD_DisStrRC@str               cstackCOMMON 0078
LCD_GotoRC@column              cstackCOMMON 0073
LCD_GotoRC@row                 cstackCOMMON 0074
LCD_SendCMD@COMMAND            cstackCOMMON 0072
_KeyPad_GetKey                 text9        0528
_KeyPad_Init                   text8        0367
_LCD_Clear_Column_2            text2        03FB
_LCD_DisChar                   text7        044A
_LCD_DisStr                    text6        03BF
_LCD_DisStrRC                  text3        0382
_LCD_GotoRC                    text4        03A7
_LCD_Init                      text1        03DD
_LCD_SendCMD                   text5        04B9
_PORTD                         (abs)        0008
_Preset_Non_Preset_Mode        bssBANK0     0068
_RB0                           (abs)        0030
_RB1                           (abs)        0031
_RB2                           (abs)        0032
_RD0                           (abs)        0040
_RD1                           (abs)        0041
_RD2                           (abs)        0042
_RD3                           (abs)        0043
_RE1                           (abs)        0049
_RE2                           (abs)        004A
_Selected_Digit_Offset         bssBANK0     0067
_Selected_Digits               dataBANK0    0041
_Shift                         bssBANK0     0066
_Start_Stop_Mode               dataBANK0    0020
_TRISBbits                     (abs)        0086
_TRISD                         (abs)        0088
_TRISDbits                     (abs)        0088
_TRISEbits                     (abs)        0089
__Habs1                        abs1         0000
__Hbank0                       bank0        0000
__Hbank1                       bank1        0000
__Hbank2                       bank2        0000
__Hbank3                       bank3        0000
__HbssBANK0                    bssBANK0     0000
__Hcinit                       cinit        0800
__Hclrtext                     clrtext      0000
__Hcode                        code         0000
__Hcommon                      common       0000
__Hconfig                      config       2008
__HcstackBANK0                 cstackBANK0  0000
__HcstackCOMMON                cstackCOMMON 0000
__HdataBANK0                   dataBANK0    0000
__HdataBANK1                   dataBANK1    0000
__Heeprom_data                 eeprom_data  0000
__Hend_init                    end_init     0003
__Hfunctab                     functab      0000
__HidataBANK0                  idataBANK0   0000
__HidataBANK1                  idataBANK1   0000
__Hinit                        init         0000
__Hinittext                    inittext     0000
__Hintentry                    intentry     0000
__Hmaintext                    maintext     0000
__Hpowerup                     powerup      0000
__Hram                         ram          0000
__Hreset_vec                   reset_vec    0000
__Hsfr0                        sfr0         0000
__Hsfr1                        sfr1         0000
__Hsfr2                        sfr2         0000
__Hsfr3                        sfr3         0000
__Hspace_0                     (abs)        0800
__Hspace_1                     (abs)        00B1
__Hspace_2                     (abs)        0000
__Hspace_3                     (abs)        0000
__Hspace_4                     (abs)        400F
__Hstack                       stack        0000
__Hstrings                     strings      0000
__Htext                        text         0000
__Labs1                        abs1         0000
__Lbank0                       bank0        0000
__Lbank1                       bank1        0000
__Lbank2                       bank2        0000
__Lbank3                       bank3        0000
__LbssBANK0                    bssBANK0     0000
__Lcinit                       cinit        07DD
__Lclrtext                     clrtext      0000
__Lcode                        code         0000
__Lcommon                      common       0000
__Lconfig                      config       0000
__LcstackBANK0                 cstackBANK0  0000
__LcstackCOMMON                cstackCOMMON 0000
__LdataBANK0                   dataBANK0    0000
__LdataBANK1                   dataBANK1    0000
__Leeprom_data                 eeprom_data  0000
__Lend_init                    end_init     0000
__Lfunctab                     functab      0000
__LidataBANK0                  idataBANK0   0000
__LidataBANK1                  idataBANK1   0000
__Linit                        init         0000
__Linittext                    inittext     0000
__Lintentry                    intentry     0000
__Lmaintext                    maintext     0000
__Lpowerup                     powerup      0000
__Lram                         ram          0000
__Lreset_vec                   reset_vec    0000
__Lsfr0                        sfr0         0000
__Lsfr1                        sfr1         0000
__Lsfr2                        sfr2         0000
__Lsfr3                        sfr3         0000
__Lspace_0                     (abs)        0000
__Lspace_1                     (abs)        0000
__Lspace_2                     (abs)        0000
__Lspace_3                     (abs)        0000
__Lspace_4                     (abs)        0000
__Lstack                       stack        0000
__Lstrings                     strings      0000
__Ltext                        text         0000
__S0                           (abs)        0800
__S1                           (abs)        00B1
__S2                           (abs)        0000
__S3                           (abs)        0000
___int_sp                      stack        0000
___latbits                     (abs)        0002
___sp                          stack        0000
___stackhi                     (abs)        0000
___stacklo                     (abs)        0000
__end_of_KeyPad_GetKey         text9        063E
__end_of_KeyPad_Init           text8        0371
__end_of_LCD_Clear_Column_2    text2        041A
__end_of_LCD_DisChar           text7        04B9
__end_of_LCD_DisStr            text6        03DD
__end_of_LCD_DisStrRC          text3        0394
__end_of_LCD_GotoRC            text4        03BF
__end_of_LCD_Init              text1        03FB
__end_of_LCD_SendCMD           text5        0528
__end_of__initialization       cinit        07FC
__end_of_main                  maintext     07DD
__initialization               cinit        07DD
__pbssBANK0                    bssBANK0     0066
__pcstackBANK0                 cstackBANK0  0050
__pcstackCOMMON                cstackCOMMON 0070
__pdataBANK0                   dataBANK0    0020
__pdataBANK1                   dataBANK1    00A0
__pidataBANK0                  idataBANK0   041A
__pidataBANK1                  idataBANK1   0371
__pmaintext                    maintext     063E
__ptext1                       text1        03DD
__ptext2                       text2        03FB
__ptext3                       text3        0382
__ptext4                       text4        03A7
__ptext5                       text5        04B9
__ptext6                       text6        03BF
__ptext7                       text7        044A
__ptext8                       text8        0367
__ptext9                       text9        0528
__size_of_KeyPad_GetKey        (abs)        0000
__size_of_KeyPad_Init          (abs)        0000
__size_of_LCD_Clear_Column_2   (abs)        0000
__size_of_LCD_DisChar          (abs)        0000
__size_of_LCD_DisStr           (abs)        0000
__size_of_LCD_DisStrRC         (abs)        0000
__size_of_LCD_GotoRC           (abs)        0000
__size_of_LCD_Init             (abs)        0000
__size_of_LCD_SendCMD          (abs)        0000
__size_of_main                 (abs)        0000
_main                          maintext     063E
_msg1                          dataBANK0    0031
_msg2                          dataBANK0    004B
_msg3                          dataBANK0    0021
_msg_display_flag              bssBANK0     0069
btemp                          (abs)        007E
end_of_initialization          cinit        07FC
init_fetch0                    inittext     0394
init_ram0                      inittext     0398
intlevel0                      functab      0000
intlevel1                      functab      0000
intlevel2                      functab      0000
intlevel3                      functab      0000
intlevel4                      functab      0000
intlevel5                      functab      0000
main@Display_Offset            cstackBANK0  0065
main@KeyPad_Pressed_Key        cstackBANK0  0063
main@Offset_Counter            cstackBANK0  0064
reset_vec                      reset_vec    0000
start                          init         0000
start_initialization           cinit        07DD
wtemp0                         (abs)        007E


FUNCTION INFORMATION:

 *************** function _main *****************
 Defined at:
		line 32 in file "main.c"
 Parameters:    Size  Location     Type
		None
 Auto vars:     Size  Location     Type
  Display_Offs    1   21[BANK0 ] char 
  Offset_Count    1   20[BANK0 ] unsigned char 
  KeyPad_Press    1   19[BANK0 ] unsigned char 
 Return value:  Size  Location     Type
                  2   38[None  ] int 
 Registers used:
		wreg, fsr0l, fsr0h, status,2, status,0, btemp+1, pclath, cstack
 Tracked objects:
		On entry : 
		On exit  : 
		Unchanged: 
 Data sizes:     COMMON   BANK0   BANK1   BANK3   BANK2
      Params:         0       0       0       0       0
      Locals:         0       3       0       0       0
      Temps:          0       2       0       0       0
      Totals:         0       5       0       0       0
Total ram usage:        5 bytes
 Hardware stack levels required when called:    4
 This function calls:
		_KeyPad_GetKey
		_KeyPad_Init
		_LCD_Clear_Column_2
		_LCD_DisChar
		_LCD_DisStrRC
		_LCD_GotoRC
		_LCD_Init
		_LCD_SendCMD
 This function is called by:
		Startup code after reset
 This function uses a non-reentrant model


 *************** function _LCD_Init *****************
 Defined at:
		line 6 in file "LCD.c"
 Parameters:    Size  Location     Type
		None
 Auto vars:     Size  Location     Type
		None
 Return value:  Size  Location     Type
                  1    wreg      void 
 Registers used:
		wreg, status,2, status,0, btemp+1, pclath, cstack
 Tracked objects:
		On entry : 
		On exit  : 
		Unchanged: 
 Data sizes:     COMMON   BANK0   BANK1   BANK3   BANK2
      Params:         0       0       0       0       0
      Locals:         0       0       0       0       0
      Temps:          0       0       0       0       0
      Totals:         0       0       0       0       0
Total ram usage:        0 bytes
 Hardware stack levels used:    1
 Hardware stack levels required when called:    1
 This function calls:
		_LCD_SendCMD
 This function is called by:
		_main
 This function uses a non-reentrant model


 *************** function _LCD_Clear_Column_2 *****************
 Defined at:
		line 132 in file "LCD.c"
 Parameters:    Size  Location     Type
		None
 Auto vars:     Size  Location     Type
  blank_array    17    0[BANK0 ] unsigned char [17]
 Return value:  Size  Location     Type
                  1    wreg      void 
 Registers used:
		wreg, fsr0l, fsr0h, status,2, status,0, btemp+1, pclath, cstack
 Tracked objects:
		On entry : 
		On exit  : 
		Unchanged: 
 Data sizes:     COMMON   BANK0   BANK1   BANK3   BANK2
      Params:         0       0       0       0       0
      Locals:         0      17       0       0       0
      Temps:          4       0       0       0       0
      Totals:         4      17       0       0       0
Total ram usage:       21 bytes
 Hardware stack levels used:    1
 Hardware stack levels required when called:    3
 This function calls:
		_LCD_DisStrRC
 This function is called by:
		_main
 This function uses a non-reentrant model


 *************** function _LCD_DisStrRC *****************
 Defined at:
		line 190 in file "LCD.c"
 Parameters:    Size  Location     Type
  str             1    wreg     PTR unsigned char 
		 -> LCD_Clear_Column_2@blank_array(17), msg2(5), msg1(16), msg3(16), 
		 -> Selected_Digits(10), 
  row             1    6[COMMON] unsigned char 
  column          1    7[COMMON] unsigned char 
 Auto vars:     Size  Location     Type
  str             1    8[COMMON] PTR unsigned char 
		 -> LCD_Clear_Column_2@blank_array(17), msg2(5), msg1(16), msg3(16), 
		 -> Selected_Digits(10), 
 Return value:  Size  Location     Type
                  1    wreg      void 
 Registers used:
		wreg, fsr0l, fsr0h, status,2, status,0, btemp+1, pclath, cstack
 Tracked objects:
		On entry : 
		On exit  : 
		Unchanged: 
 Data sizes:     COMMON   BANK0   BANK1   BANK3   BANK2
      Params:         2       0       0       0       0
      Locals:         1       0       0       0       0
      Temps:          0       0       0       0       0
      Totals:         3       0       0       0       0
Total ram usage:        3 bytes
 Hardware stack levels used:    1
 Hardware stack levels required when called:    2
 This function calls:
		_LCD_DisStr
		_LCD_GotoRC
 This function is called by:
		_main
		_LCD_Clear_Column_2
 This function uses a non-reentrant model


 *************** function _LCD_GotoRC *****************
 Defined at:
		line 179 in file "LCD.c"
 Parameters:    Size  Location     Type
  row             1    wreg     unsigned char 
  column          1    3[COMMON] unsigned char 
 Auto vars:     Size  Location     Type
  row             1    4[COMMON] unsigned char 
 Return value:  Size  Location     Type
                  1    wreg      void 
 Registers used:
		wreg, status,2, status,0, btemp+1, pclath, cstack
 Tracked objects:
		On entry : 
		On exit  : 
		Unchanged: 
 Data sizes:     COMMON   BANK0   BANK1   BANK3   BANK2
      Params:         1       0       0       0       0
      Locals:         1       0       0       0       0
      Temps:          0       0       0       0       0
      Totals:         2       0       0       0       0
Total ram usage:        2 bytes
 Hardware stack levels used:    1
 Hardware stack levels required when called:    1
 This function calls:
		_LCD_SendCMD
 This function is called by:
		_main
		_LCD_DisStrRC
 This function uses a non-reentrant model


 *************** function _LCD_SendCMD *****************
 Defined at:
		line 31 in file "LCD.c"
 Parameters:    Size  Location     Type
  COMMAND         1    wreg     unsigned char 
 Auto vars:     Size  Location     Type
  COMMAND         1    2[COMMON] unsigned char 
 Return value:  Size  Location     Type
                  1    wreg      void 
 Registers used:
		wreg, status,2, status,0, btemp+1
 Tracked objects:
		On entry : 
		On exit  : 
		Unchanged: 
 Data sizes:     COMMON   BANK0   BANK1   BANK3   BANK2
      Params:         0       0       0       0       0
      Locals:         1       0       0       0       0
      Temps:          2       0       0       0       0
      Totals:         3       0       0       0       0
Total ram usage:        3 bytes
 Hardware stack levels used:    1
 This function calls:
		Nothing
 This function is called by:
		_main
		_LCD_Init
		_LCD_GotoRC
 This function uses a non-reentrant model


 *************** function _LCD_DisStr *****************
 Defined at:
		line 120 in file "LCD.c"
 Parameters:    Size  Location     Type
  str             1    wreg     PTR unsigned char 
		 -> LCD_Clear_Column_2@blank_array(17), msg2(5), msg1(16), msg3(16), 
		 -> Selected_Digits(10), 
 Auto vars:     Size  Location     Type
  str             1    4[COMMON] PTR unsigned char 
		 -> LCD_Clear_Column_2@blank_array(17), msg2(5), msg1(16), msg3(16), 
		 -> Selected_Digits(10), 
  i               1    5[COMMON] unsigned char 
 Return value:  Size  Location     Type
                  1    wreg      void 
 Registers used:
		wreg, fsr0l, fsr0h, status,2, status,0, btemp+1, pclath, cstack
 Tracked objects:
		On entry : 
		On exit  : 
		Unchanged: 
 Data sizes:     COMMON   BANK0   BANK1   BANK3   BANK2
      Params:         0       0       0       0       0
      Locals:         2       0       0       0       0
      Temps:          1       0       0       0       0
      Totals:         3       0       0       0       0
Total ram usage:        3 bytes
 Hardware stack levels used:    1
 Hardware stack levels required when called:    1
 This function calls:
		_LCD_DisChar
 This function is called by:
		_LCD_DisStrRC
 This function uses a non-reentrant model


 *************** function _LCD_DisChar *****************
 Defined at:
		line 76 in file "LCD.c"
 Parameters:    Size  Location     Type
  DATA            1    wreg     unsigned char 
 Auto vars:     Size  Location     Type
  DATA            1    2[COMMON] unsigned char 
 Return value:  Size  Location     Type
                  1    wreg      void 
 Registers used:
		wreg, status,2, status,0, btemp+1
 Tracked objects:
		On entry : 
		On exit  : 
		Unchanged: 
 Data sizes:     COMMON   BANK0   BANK1   BANK3   BANK2
      Params:         0       0       0       0       0
      Locals:         1       0       0       0       0
      Temps:          2       0       0       0       0
      Totals:         3       0       0       0       0
Total ram usage:        3 bytes
 Hardware stack levels used:    1
 This function calls:
		Nothing
 This function is called by:
		_main
		_LCD_DisStr
 This function uses a non-reentrant model


 *************** function _KeyPad_Init *****************
 Defined at:
		line 6 in file "KeyPad.c"
 Parameters:    Size  Location     Type
		None
 Auto vars:     Size  Location     Type
		None
 Return value:  Size  Location     Type
                  1    wreg      void 
 Registers used:
		None
 Tracked objects:
		On entry : 
		On exit  : 
		Unchanged: 
 Data sizes:     COMMON   BANK0   BANK1   BANK3   BANK2
      Params:         0       0       0       0       0
      Locals:         0       0       0       0       0
      Temps:          0       0       0       0       0
      Totals:         0       0       0       0       0
Total ram usage:        0 bytes
 Hardware stack levels used:    1
 This function calls:
		Nothing
 This function is called by:
		_main
 This function uses a non-reentrant model


 *************** function _KeyPad_GetKey *****************
 Defined at:
		line 19 in file "KeyPad.c"
 Parameters:    Size  Location     Type
		None
 Auto vars:     Size  Location     Type
		None
 Return value:  Size  Location     Type
                  1    wreg      unsigned char 
 Registers used:
		wreg
 Tracked objects:
		On entry : 
		On exit  : 
		Unchanged: 
 Data sizes:     COMMON   BANK0   BANK1   BANK3   BANK2
      Params:         0       0       0       0       0
      Locals:         0       0       0       0       0
      Temps:          2       0       0       0       0
      Totals:         2       0       0       0       0
Total ram usage:        2 bytes
 Hardware stack levels used:    1
 This function calls:
		Nothing
 This function is called by:
		_main
 This function uses a non-reentrant model



MODULE INFORMATION

Module		Function		Class		Link	Load	Size
KeyPad.c
		_KeyPad_Init   		CODE           	0367	0000	11
		_KeyPad_GetKey 		CODE           	0528	0000	279

KeyPad.c estimated size: 290

shared
		__initialization		CODE           	07DD	0000	32

shared estimated size: 32

main.c
		_main          		CODE           	063E	0000	416

main.c estimated size: 416

LCD.c
		_LCD_Init      		CODE           	03DD	0000	31
		_LCD_SendCMD   		CODE           	04B9	0000	112
		_LCD_DisStr    		CODE           	03BF	0000	31
		_LCD_DisChar   		CODE           	044A	0000	112
		_LCD_DisStrRC  		CODE           	0382	0000	19
		_LCD_GotoRC    		CODE           	03A7	0000	25
		_LCD_Clear_Column_2		CODE           	03FB	0000	32

LCD.c estimated size: 362

