Microchip MPLAB XC8 Compiler V2.20

Linker command line:

-W-3 --edf=C:\Program Files\Microchip\xc8\v2.20\pic\dat\en_msgs.txt -cn \
  -h+dist/default/production\A25_8_Field_Password.X.production.sym \
  --cmf=dist/default/production\A25_8_Field_Password.X.production.cmf -z \
  -Q16F877A -oC:\Users\Louda\AppData\Local\Temp\sks.2 \
  --defsym=__MPLAB_BUILD=1 \
  -Mdist/default/production/A25_8_Field_Password.X.production.map -E1 \
  -ver=XC8 Compiler --acfsm=1493 -ASTACK=0110h-016Fh -pstack=STACK \
  -ACODE=00h-07FFhx4 -ASTRCODE=00h-01FFFh -ASTRING=00h-0FFhx32 \
  -ACONST=00h-0FFhx32 -AENTRY=00h-0FFhx32 -ACOMMON=070h-07Fh \
  -ABANK0=020h-06Fh -ABANK1=0A0h-0EFh -ABANK2=0110h-016Fh \
  -ABANK3=0190h-01EFh -ARAM=020h-06Fh,0A0h-0EFh,0110h-016Fh,0190h-01EFh \
  -AABS1=020h-07Fh,0A0h-0EFh,0110h-016Fh,0190h-01EFh -ASFR0=00h-01Fh \
  -ASFR1=080h-09Fh -ASFR2=0100h-010Fh -ASFR3=0180h-018Fh \
  -ACONFIG=02007h-02007h -DCONFIG=2 -AIDLOC=02000h-02003h -DIDLOC=2 \
  -preset_vec=00h,intentry=04h,init,end_init -ppowerup=CODE -pcinit=CODE \
  -pfunctab=ENTRY -AEEDATA=00h-0FFh/02100h -peeprom_data=EEDATA -DEEDATA=2 \
  -DCODE=2 -DSTRCODE=2 -DSTRING=2 -DCONST=2 -DENTRY=2 -k \
  C:\Users\Louda\AppData\Local\Temp\sks.o \
  dist/default/production\A25_8_Field_Password.X.production.o 

Object code version is 3.11

Machine type is 16F877A



                Name                               Link     Load   Length Selector   Space Scale
C:\Users\Louda\AppData\Local\Temp\sks.o
                end_init                              C        C        3        8       0
                reset_vec                             0        0        3        0       0
                config                             2007     2007        1        0       4
dist/default/production\A25_8_Field_Password.X.production.o
                cinit                                 F        F       2B        8       0
                intentry                              4        4        8        8       0
                config                             2007     2007        1        0       4
                text10                              397      397       29        8       0
                text9                                3A       3A      116        8       0
                text8                               456      456        A        8       0
                text7                               2BD      2BD       6F        8       0
                text6                               3C0      3C0       22        8       0
                text5                               24E      24E       6F        8       0
                text4                               400      400       1A        8       0
                text3                               41A      41A       16        8       0
                text2                               3E2      3E2       1E        8       0
                text1                               443      443       13        8       0
                maintext                            150      150       FE        8       0
                cstackBANK0                          65       65        A       20       1
                cstackCOMMON                         70       70        8       70       1
                inittext                            430      430       13        8       0
                dataBANK1                            A0       A0       30       A0       1
                dataBANK0                            20       20       3B       20       1
                bssBANK0                             5B       5B        A       20       1
                bssCOMMON                            78       78        2       70       1
                idataBANK1                          367      367       30        8       0
                idataBANK0                          32C      32C       3B        8       0

TOTAL           Name                               Link     Load   Length     Space
        CLASS   STACK          

        CLASS   CODE           
                end_init                              C        C        3         0
                cinit                                 F        F       2B         0
                intentry                              4        4        8         0
                reset_vec                             0        0        3         0
                text10                              397      397       29         0
                text9                                3A       3A      116         0
                text8                               456      456        A         0
                text7                               2BD      2BD       6F         0
                text6                               3C0      3C0       22         0
                text5                               24E      24E       6F         0
                text4                               400      400       1A         0
                text3                               41A      41A       16         0
                text2                               3E2      3E2       1E         0
                text1                               443      443       13         0
                maintext                            150      150       FE         0
                inittext                            430      430       13         0
                idataBANK1                          367      367       30         0
                idataBANK0                          32C      32C       3B         0

        CLASS   STRCODE        

        CLASS   STRING         

        CLASS   CONST          

        CLASS   ENTRY          

        CLASS   COMMON         
                cstackCOMMON                         70       70        8         1
                bssCOMMON                            78       78        2         1

        CLASS   BANK0          
                cstackBANK0                          65       65        A         1
                dataBANK0                            20       20       3B         1
                bssBANK0                             5B       5B        A         1

        CLASS   BANK1          
                dataBANK1                            A0       A0       30         1

        CLASS   BANK2          

        CLASS   BANK3          

        CLASS   RAM            

        CLASS   ABS1           
                abs_s1                               7E       7E        2         1

        CLASS   SFR0           

        CLASS   SFR1           

        CLASS   SFR2           

        CLASS   SFR3           

        CLASS   CONFIG         
                config                             2007     2007        1         4

        CLASS   IDLOC          

        CLASS   EEDATA         



SEGMENTS        Name                           Load    Length   Top    Selector   Space  Class     Delta

                reset_vec                      000000  000003  000003         0       0  CODE        2
                intentry                       000004  00045C  000460         8       0  CODE        2
                dataBANK0                      000020  00004F  00006F        20       1  BANK0       1
                cstackCOMMON                   000070  00000A  00007A        70       1  COMMON      1
                dataBANK1                      0000A0  000030  0000D0        A0       1  BANK1       1


UNUSED ADDRESS RANGES

        Name                Unused          Largest block    Delta
        BANK0            006F-006F              1           1
        BANK1            00D0-00EF             20           1
        BANK2            0110-016F             60           1
        BANK3            0190-01EF             60           1
        CODE             0003-0003              1           2
                         0460-1FFF            800
        COMMON           007A-007D              4           1
        CONST            0003-0003              1           2
                         0460-1FFF            100
        EEDATA           2100-21FF            100           2
        ENTRY            0003-0003              1           2
                         0460-1FFF            100
        IDLOC            2000-2003              4           2
        RAM              006F-006F              1           1
                         00D0-00EF             20
                         0110-016F             60
                         0190-01EF             60
        SFR0             0000-001F             20           1
        SFR1             0080-009F             20           1
        SFR2             0100-010F             10           1
        SFR3             0180-018F             10           1
        STACK            0110-016F             60           1
        STRCODE          0003-0003              1           2
                         0460-1FFF           1BA0
        STRING           0003-0003              1           2
                         0460-1FFF            100

                                  Symbol Table

LCD_DisChar@DATA         cstackCOMMON 0076
LCD_DisStr@i             cstackBANK0  0066
LCD_DisStr@str           cstackBANK0  0065
LCD_DisStrRC@column      cstackBANK0  0068
LCD_DisStrRC@row         cstackBANK0  0067
LCD_DisStrRC@str         cstackBANK0  0069
LCD_GotoRC@column        cstackCOMMON 0077
LCD_GotoRC@row           cstackBANK0  0065
LCD_SendCMD@COMMAND      cstackCOMMON 0076
_Attempt_Number          dataBANK0    0029
_Entered_Password        bssBANK0     005B
_Entered_Password_Index  bssBANK0     0064
_GIE                     (abs)        005F
_ISR                     text10       0397
_KeyPad_GetKey           text9        003A
_KeyPad_Init             text8        0456
_LCD_DisChar             text7        02BD
_LCD_DisStr              text6        03C0
_LCD_DisStrRC            text3        041A
_LCD_GotoRC              text4        0400
_LCD_Init                text2        03E2
_LCD_SendCMD             text5        024E
_LED_Blinking_Rate       dataBANK0    002A
_PEIE                    (abs)        005E
_PORTD                   (abs)        0008
_RB0                     (abs)        0030
_RB1                     (abs)        0031
_RB2                     (abs)        0032
_RB7                     (abs)        0037
_RD0                     (abs)        0040
_RD1                     (abs)        0041
_RD2                     (abs)        0042
_RD3                     (abs)        0043
_RE1                     (abs)        0049
_RE2                     (abs)        004A
_Static_Password         dataBANK0    0020
_T1CKPS0                 (abs)        0084
_T1CKPS1                 (abs)        0085
_TMR1                    (abs)        000E
_TMR1CS                  (abs)        0081
_TMR1IE                  (abs)        0460
_TMR1IF                  (abs)        0060
_TMR1ON                  (abs)        0080
_TRISBbits               (abs)        0086
_TRISD                   (abs)        0088
_TRISDbits               (abs)        0088
_TRISEbits               (abs)        0089
_Timer1_Init             text1        0443
_Timer_Counter           bssCOMMON    0078
__Habs1                  abs1         0000
__Hbank0                 bank0        0000
__Hbank1                 bank1        0000
__Hbank2                 bank2        0000
__Hbank3                 bank3        0000
__HbssBANK0              bssBANK0     0000
__HbssCOMMON             bssCOMMON    0000
__Hcinit                 cinit        003A
__Hclrtext               clrtext      0000
__Hcode                  code         0000
__Hcommon                common       0000
__Hconfig                config       2008
__HcstackBANK0           cstackBANK0  0000
__HcstackCOMMON          cstackCOMMON 0000
__HdataBANK0             dataBANK0    0000
__HdataBANK1             dataBANK1    0000
__Heeprom_data           eeprom_data  0000
__Hend_init              end_init     000F
__Hfunctab               functab      0000
__HidataBANK0            idataBANK0   0000
__HidataBANK1            idataBANK1   0000
__Hinit                  init         000C
__Hinittext              inittext     0000
__Hintentry              intentry     000C
__Hmaintext              maintext     0000
__Hpowerup               powerup      0000
__Hram                   ram          0000
__Hreset_vec             reset_vec    0003
__Hsfr0                  sfr0         0000
__Hsfr1                  sfr1         0000
__Hsfr2                  sfr2         0000
__Hsfr3                  sfr3         0000
__Hspace_0               (abs)        0460
__Hspace_1               (abs)        00D0
__Hspace_2               (abs)        0000
__Hspace_3               (abs)        0000
__Hspace_4               (abs)        400F
__Hstack                 stack        0000
__Hstrings               strings      0000
__Htext                  text         0000
__Labs1                  abs1         0000
__Lbank0                 bank0        0000
__Lbank1                 bank1        0000
__Lbank2                 bank2        0000
__Lbank3                 bank3        0000
__LbssBANK0              bssBANK0     0000
__LbssCOMMON             bssCOMMON    0000
__Lcinit                 cinit        000F
__Lclrtext               clrtext      0000
__Lcode                  code         0000
__Lcommon                common       0000
__Lconfig                config       0000
__LcstackBANK0           cstackBANK0  0000
__LcstackCOMMON          cstackCOMMON 0000
__LdataBANK0             dataBANK0    0000
__LdataBANK1             dataBANK1    0000
__Leeprom_data           eeprom_data  0000
__Lend_init              end_init     000C
__Lfunctab               functab      0000
__LidataBANK0            idataBANK0   0000
__LidataBANK1            idataBANK1   0000
__Linit                  init         000C
__Linittext              inittext     0000
__Lintentry              intentry     0004
__Lmaintext              maintext     0000
__Lpowerup               powerup      0000
__Lram                   ram          0000
__Lreset_vec             reset_vec    0000
__Lsfr0                  sfr0         0000
__Lsfr1                  sfr1         0000
__Lsfr2                  sfr2         0000
__Lsfr3                  sfr3         0000
__Lspace_0               (abs)        0000
__Lspace_1               (abs)        0000
__Lspace_2               (abs)        0000
__Lspace_3               (abs)        0000
__Lspace_4               (abs)        0000
__Lstack                 stack        0000
__Lstrings               strings      0000
__Ltext                  text         0000
__S0                     (abs)        0460
__S1                     (abs)        00D0
__S2                     (abs)        0000
__S3                     (abs)        0000
___int_sp                stack        0000
___latbits               (abs)        0002
___sp                    stack        0000
___stackhi               (abs)        0000
___stacklo               (abs)        0000
__end_of_ISR             text10       03C0
__end_of_KeyPad_GetKey   text9        0150
__end_of_KeyPad_Init     text8        0460
__end_of_LCD_DisChar     text7        032C
__end_of_LCD_DisStr      text6        03E2
__end_of_LCD_DisStrRC    text3        0430
__end_of_LCD_GotoRC      text4        041A
__end_of_LCD_Init        text2        0400
__end_of_LCD_SendCMD     text5        02BD
__end_of_Timer1_Init     text1        0456
__end_of__initialization cinit        0036
__end_of_main            maintext     024E
__initialization         cinit        000F
__pbssBANK0              bssBANK0     005B
__pbssCOMMON             bssCOMMON    0078
__pcstackBANK0           cstackBANK0  0065
__pcstackCOMMON          cstackCOMMON 0070
__pdataBANK0             dataBANK0    0020
__pdataBANK1             dataBANK1    00A0
__pidataBANK0            idataBANK0   032C
__pidataBANK1            idataBANK1   0367
__pintentry              intentry     0004
__pmaintext              maintext     0150
__ptext1                 text1        0443
__ptext10                text10       0397
__ptext2                 text2        03E2
__ptext3                 text3        041A
__ptext4                 text4        0400
__ptext5                 text5        024E
__ptext6                 text6        03C0
__ptext7                 text7        02BD
__ptext8                 text8        0456
__ptext9                 text9        003A
__size_of_ISR            (abs)        0000
__size_of_KeyPad_GetKey  (abs)        0000
__size_of_KeyPad_Init    (abs)        0000
__size_of_LCD_DisChar    (abs)        0000
__size_of_LCD_DisStr     (abs)        0000
__size_of_LCD_DisStrRC   (abs)        0000
__size_of_LCD_GotoRC     (abs)        0000
__size_of_LCD_Init       (abs)        0000
__size_of_LCD_SendCMD    (abs)        0000
__size_of_Timer1_Init    (abs)        0000
__size_of_main           (abs)        0000
_main                    maintext     0150
_msg1                    dataBANK0    004B
_msg2                    dataBANK0    003B
_msg3                    dataBANK0    002B
_msg4                    dataBANK1    00C0
_msg5                    dataBANK1    00B0
_msg6                    dataBANK1    00A0
btemp                    (abs)        007E
end_of_initialization    cinit        0036
init_fetch0              inittext     0430
init_ram0                inittext     0434
interrupt_function       intentry     0004
intlevel0                functab      0000
intlevel1                functab      0000
intlevel2                functab      0000
intlevel3                functab      0000
intlevel4                functab      0000
intlevel5                functab      0000
main@KeyPad_Pressed_Key  cstackBANK0  006C
main@Wrong_Password_Flag cstackBANK0  006D
main@i                   cstackBANK0  006E
reset_vec                reset_vec    0000
saved_w                  (abs)        007E
start                    init         000C
start_initialization     cinit        000F
wtemp0                   (abs)        007E


FUNCTION INFORMATION:

 *************** function _main *****************
 Defined at:
		line 52 in file "main.c"
 Parameters:    Size  Location     Type
		None
 Auto vars:     Size  Location     Type
  i               1    9[BANK0 ] unsigned char 
  Wrong_Passwo    1    8[BANK0 ] unsigned char 
  KeyPad_Press    1    7[BANK0 ] unsigned char 
 Return value:  Size  Location     Type
                  1    wreg      void 
 Registers used:
		wreg, fsr0l, fsr0h, status,2, status,0, btemp+1, pclath, cstack
 Tracked objects:
		On entry : 
		On exit  : 
		Unchanged: 
 Data sizes:     COMMON   BANK0   BANK1   BANK3   BANK2
      Params:         0       0       0       0       0
      Locals:         0       3       0       0       0
      Temps:          0       2       0       0       0
      Totals:         0       5       0       0       0
Total ram usage:        5 bytes
 Hardware stack levels required when called:    4
 This function calls:
		_KeyPad_GetKey
		_KeyPad_Init
		_LCD_DisChar
		_LCD_DisStrRC
		_LCD_GotoRC
		_LCD_Init
		_LCD_SendCMD
		_Timer1_Init
 This function is called by:
		Startup code after reset
 This function uses a non-reentrant model


 *************** function _Timer1_Init *****************
 Defined at:
		line 135 in file "main.c"
 Parameters:    Size  Location     Type
		None
 Auto vars:     Size  Location     Type
		None
 Return value:  Size  Location     Type
                  1    wreg      void 
 Registers used:
		None
 Tracked objects:
		On entry : 
		On exit  : 
		Unchanged: 
 Data sizes:     COMMON   BANK0   BANK1   BANK3   BANK2
      Params:         0       0       0       0       0
      Locals:         0       0       0       0       0
      Temps:          0       0       0       0       0
      Totals:         0       0       0       0       0
Total ram usage:        0 bytes
 Hardware stack levels used:    1
 Hardware stack levels required when called:    1
 This function calls:
		Nothing
 This function is called by:
		_main
 This function uses a non-reentrant model


 *************** function _LCD_Init *****************
 Defined at:
		line 6 in file "LCD.c"
 Parameters:    Size  Location     Type
		None
 Auto vars:     Size  Location     Type
		None
 Return value:  Size  Location     Type
                  1    wreg      void 
 Registers used:
		wreg, status,2, status,0, btemp+1, pclath, cstack
 Tracked objects:
		On entry : 
		On exit  : 
		Unchanged: 
 Data sizes:     COMMON   BANK0   BANK1   BANK3   BANK2
      Params:         0       0       0       0       0
      Locals:         0       0       0       0       0
      Temps:          0       0       0       0       0
      Totals:         0       0       0       0       0
Total ram usage:        0 bytes
 Hardware stack levels used:    1
 Hardware stack levels required when called:    2
 This function calls:
		_LCD_SendCMD
 This function is called by:
		_main
 This function uses a non-reentrant model


 *************** function _LCD_DisStrRC *****************
 Defined at:
		line 190 in file "LCD.c"
 Parameters:    Size  Location     Type
  str             1    wreg     PTR unsigned char 
		 -> msg6(16), msg5(16), msg4(16), msg2(16), 
		 -> msg3(16), msg1(16), 
  row             1    2[BANK0 ] unsigned char 
  column          1    3[BANK0 ] unsigned char 
 Auto vars:     Size  Location     Type
  str             1    4[BANK0 ] PTR unsigned char 
		 -> msg6(16), msg5(16), msg4(16), msg2(16), 
		 -> msg3(16), msg1(16), 
 Return value:  Size  Location     Type
                  1    wreg      void 
 Registers used:
		wreg, fsr0l, fsr0h, status,2, status,0, btemp+1, pclath, cstack
 Tracked objects:
		On entry : 
		On exit  : 
		Unchanged: 
 Data sizes:     COMMON   BANK0   BANK1   BANK3   BANK2
      Params:         0       2       0       0       0
      Locals:         0       1       0       0       0
      Temps:          0       0       0       0       0
      Totals:         0       3       0       0       0
Total ram usage:        3 bytes
 Hardware stack levels used:    1
 Hardware stack levels required when called:    3
 This function calls:
		_LCD_DisStr
		_LCD_GotoRC
 This function is called by:
		_main
 This function uses a non-reentrant model


 *************** function _LCD_GotoRC *****************
 Defined at:
		line 179 in file "LCD.c"
 Parameters:    Size  Location     Type
  row             1    wreg     unsigned char 
  column          1    7[COMMON] unsigned char 
 Auto vars:     Size  Location     Type
  row             1    0[BANK0 ] unsigned char 
 Return value:  Size  Location     Type
                  1    wreg      void 
 Registers used:
		wreg, status,2, status,0, btemp+1, pclath, cstack
 Tracked objects:
		On entry : 
		On exit  : 
		Unchanged: 
 Data sizes:     COMMON   BANK0   BANK1   BANK3   BANK2
      Params:         1       0       0       0       0
      Locals:         0       1       0       0       0
      Temps:          0       0       0       0       0
      Totals:         1       1       0       0       0
Total ram usage:        2 bytes
 Hardware stack levels used:    1
 Hardware stack levels required when called:    2
 This function calls:
		_LCD_SendCMD
 This function is called by:
		_main
		_LCD_DisStrRC
 This function uses a non-reentrant model


 *************** function _LCD_SendCMD *****************
 Defined at:
		line 31 in file "LCD.c"
 Parameters:    Size  Location     Type
  COMMAND         1    wreg     unsigned char 
 Auto vars:     Size  Location     Type
  COMMAND         1    6[COMMON] unsigned char 
 Return value:  Size  Location     Type
                  1    wreg      void 
 Registers used:
		wreg, status,2, status,0, btemp+1
 Tracked objects:
		On entry : 
		On exit  : 
		Unchanged: 
 Data sizes:     COMMON   BANK0   BANK1   BANK3   BANK2
      Params:         0       0       0       0       0
      Locals:         1       0       0       0       0
      Temps:          2       0       0       0       0
      Totals:         3       0       0       0       0
Total ram usage:        3 bytes
 Hardware stack levels used:    1
 Hardware stack levels required when called:    1
 This function calls:
		Nothing
 This function is called by:
		_main
		_LCD_Init
		_LCD_GotoRC
 This function uses a non-reentrant model


 *************** function _LCD_DisStr *****************
 Defined at:
		line 120 in file "LCD.c"
 Parameters:    Size  Location     Type
  str             1    wreg     PTR unsigned char 
		 -> msg6(16), msg5(16), msg4(16), msg2(16), 
		 -> msg3(16), msg1(16), 
 Auto vars:     Size  Location     Type
  str             1    0[BANK0 ] PTR unsigned char 
		 -> msg6(16), msg5(16), msg4(16), msg2(16), 
		 -> msg3(16), msg1(16), 
  i               1    1[BANK0 ] unsigned char 
 Return value:  Size  Location     Type
                  1    wreg      void 
 Registers used:
		wreg, fsr0l, fsr0h, status,2, status,0, btemp+1, pclath, cstack
 Tracked objects:
		On entry : 
		On exit  : 
		Unchanged: 
 Data sizes:     COMMON   BANK0   BANK1   BANK3   BANK2
      Params:         0       0       0       0       0
      Locals:         0       2       0       0       0
      Temps:          1       0       0       0       0
      Totals:         1       2       0       0       0
Total ram usage:        3 bytes
 Hardware stack levels used:    1
 Hardware stack levels required when called:    2
 This function calls:
		_LCD_DisChar
 This function is called by:
		_LCD_DisStrRC
 This function uses a non-reentrant model


 *************** function _LCD_DisChar *****************
 Defined at:
		line 76 in file "LCD.c"
 Parameters:    Size  Location     Type
  DATA            1    wreg     unsigned char 
 Auto vars:     Size  Location     Type
  DATA            1    6[COMMON] unsigned char 
 Return value:  Size  Location     Type
                  1    wreg      void 
 Registers used:
		wreg, status,2, status,0, btemp+1
 Tracked objects:
		On entry : 
		On exit  : 
		Unchanged: 
 Data sizes:     COMMON   BANK0   BANK1   BANK3   BANK2
      Params:         0       0       0       0       0
      Locals:         1       0       0       0       0
      Temps:          2       0       0       0       0
      Totals:         3       0       0       0       0
Total ram usage:        3 bytes
 Hardware stack levels used:    1
 Hardware stack levels required when called:    1
 This function calls:
		Nothing
 This function is called by:
		_main
		_LCD_DisStr
 This function uses a non-reentrant model


 *************** function _KeyPad_Init *****************
 Defined at:
		line 6 in file "KeyPad.c"
 Parameters:    Size  Location     Type
		None
 Auto vars:     Size  Location     Type
		None
 Return value:  Size  Location     Type
                  1    wreg      void 
 Registers used:
		None
 Tracked objects:
		On entry : 
		On exit  : 
		Unchanged: 
 Data sizes:     COMMON   BANK0   BANK1   BANK3   BANK2
      Params:         0       0       0       0       0
      Locals:         0       0       0       0       0
      Temps:          0       0       0       0       0
      Totals:         0       0       0       0       0
Total ram usage:        0 bytes
 Hardware stack levels used:    1
 Hardware stack levels required when called:    1
 This function calls:
		Nothing
 This function is called by:
		_main
 This function uses a non-reentrant model


 *************** function _KeyPad_GetKey *****************
 Defined at:
		line 19 in file "KeyPad.c"
 Parameters:    Size  Location     Type
		None
 Auto vars:     Size  Location     Type
		None
 Return value:  Size  Location     Type
                  1    wreg      unsigned char 
 Registers used:
		wreg
 Tracked objects:
		On entry : 
		On exit  : 
		Unchanged: 
 Data sizes:     COMMON   BANK0   BANK1   BANK3   BANK2
      Params:         0       0       0       0       0
      Locals:         0       0       0       0       0
      Temps:          2       0       0       0       0
      Totals:         2       0       0       0       0
Total ram usage:        2 bytes
 Hardware stack levels used:    1
 Hardware stack levels required when called:    1
 This function calls:
		Nothing
 This function is called by:
		_main
 This function uses a non-reentrant model


 *************** function _ISR *****************
 Defined at:
		line 31 in file "main.c"
 Parameters:    Size  Location     Type
		None
 Auto vars:     Size  Location     Type
		None
 Return value:  Size  Location     Type
                  1    wreg      void 
 Registers used:
		wreg, status,2
 Tracked objects:
		On entry : 
		On exit  : 
		Unchanged: 
 Data sizes:     COMMON   BANK0   BANK1   BANK3   BANK2
      Params:         0       0       0       0       0
      Locals:         0       0       0       0       0
      Temps:          4       0       0       0       0
      Totals:         4       0       0       0       0
Total ram usage:        4 bytes
 Hardware stack levels used:    1
 This function calls:
		Nothing
 This function is called by:
		Interrupt level 1
 This function uses a non-reentrant model



MODULE INFORMATION

Module		Function		Class		Link	Load	Size
KeyPad.c
		_KeyPad_Init   		CODE           	0456	0000	11
		_KeyPad_GetKey 		CODE           	003A	0000	279

KeyPad.c estimated size: 290

shared
		__initialization		CODE           	000F	0000	40

shared estimated size: 40

main.c
		_ISR           		CODE           	0397	0000	42
		_main          		CODE           	0150	0000	255
		_Timer1_Init   		CODE           	0443	0000	20

main.c estimated size: 317

LCD.c
		_LCD_Init      		CODE           	03E2	0000	31
		_LCD_SendCMD   		CODE           	024E	0000	112
		_LCD_DisStr    		CODE           	03C0	0000	35
		_LCD_DisChar   		CODE           	02BD	0000	112
		_LCD_DisStrRC  		CODE           	041A	0000	23
		_LCD_GotoRC    		CODE           	0400	0000	27

LCD.c estimated size: 340

