Microchip MPLAB XC8 Compiler V2.20

Linker command line:

-W-3 --edf=C:\Program Files\Microchip\xc8\v2.20\pic\dat\en_msgs.txt -cn \
  -h+dist/default/production\A29_LED_Dimmer.X.production.sym \
  --cmf=dist/default/production\A29_LED_Dimmer.X.production.cmf -z \
  -Q16F877A -oC:\Users\Louda\AppData\Local\Temp\s1ac.2 \
  --defsym=__MPLAB_BUILD=1 \
  -Mdist/default/production/A29_LED_Dimmer.X.production.map -E1 \
  -ver=XC8 Compiler --acfsm=1493 -ASTACK=0110h-016Fh -pstack=STACK \
  -ACODE=00h-07FFhx4 -ASTRCODE=00h-01FFFh -ASTRING=00h-0FFhx32 \
  -ACONST=00h-0FFhx32 -AENTRY=00h-0FFhx32 -ACOMMON=070h-07Fh \
  -ABANK0=020h-06Fh -ABANK1=0A0h-0EFh -ABANK2=0110h-016Fh \
  -ABANK3=0190h-01EFh -ARAM=020h-06Fh,0A0h-0EFh,0110h-016Fh,0190h-01EFh \
  -AABS1=020h-07Fh,0A0h-0EFh,0110h-016Fh,0190h-01EFh -ASFR0=00h-01Fh \
  -ASFR1=080h-09Fh -ASFR2=0100h-010Fh -ASFR3=0180h-018Fh \
  -ACONFIG=02007h-02007h -DCONFIG=2 -AIDLOC=02000h-02003h -DIDLOC=2 \
  -preset_vec=00h,intentry,init,end_init -ppowerup=CODE -pcinit=CODE \
  -pfunctab=ENTRY -AEEDATA=00h-0FFh/02100h -peeprom_data=EEDATA -DEEDATA=2 \
  -DCODE=2 -DSTRCODE=2 -DSTRING=2 -DCONST=2 -DENTRY=2 -k \
  C:\Users\Louda\AppData\Local\Temp\s1ac.o \
  dist/default/production\A29_LED_Dimmer.X.production.o 

Object code version is 3.11

Machine type is 16F877A



                Name                               Link     Load   Length Selector   Space Scale
C:\Users\Louda\AppData\Local\Temp\s1ac.o
                end_init                              0        0        3        0       0
                config                             2007     2007        1        0       4
dist/default/production\A29_LED_Dimmer.X.production.o
                cinit                               7E2      7E2       1E      FC4       0
                config                             2007     2007        1        0       4
                text10                              621      621       6F      C42       0
                text9                               501      501       1E      A02       0
                text8                               690      690       6F      D20       0
                text7                               4E9      4E9       18      9D2       0
                text6                               4C4      4C4       12      988       0
                text5                               51F      51F       1E      A3E       0
                text4                               4B5      4B5        F      96A       0
                text3                               55E      55E       25      ABC       0
                text2                               583      583       45      B06       0
                text1                               5C8      5C8       59      B90       0
                maintext                            6FF      6FF       E3      DFE       0
                cstackBANK0                          4D       4D        5       20       1
                cstackCOMMON                         70       70        D       70       1
                inittext                            4D6      4D6       13      9AC       0
                dataBANK0                            20       20       21       20       1
                bssBANK0                             41       41        C       20       1
                idataBANK0                          53D      53D       21      A7A       0

TOTAL           Name                               Link     Load   Length     Space
        CLASS   STACK          

        CLASS   CODE           
                end_init                              0        0        3         0
                cinit                               7E2      7E2       1E         0
                text10                              621      621       6F         0
                text9                               501      501       1E         0
                text8                               690      690       6F         0
                text7                               4E9      4E9       18         0
                text6                               4C4      4C4       12         0
                text5                               51F      51F       1E         0
                text4                               4B5      4B5        F         0
                text3                               55E      55E       25         0
                text2                               583      583       45         0
                text1                               5C8      5C8       59         0
                maintext                            6FF      6FF       E3         0
                inittext                            4D6      4D6       13         0
                idataBANK0                          53D      53D       21         0

        CLASS   STRCODE        

        CLASS   STRING         

        CLASS   CONST          

        CLASS   ENTRY          

        CLASS   COMMON         
                cstackCOMMON                         70       70        D         1

        CLASS   BANK0          
                cstackBANK0                          4D       4D        5         1
                dataBANK0                            20       20       21         1
                bssBANK0                             41       41        C         1

        CLASS   BANK1          

        CLASS   BANK2          

        CLASS   BANK3          

        CLASS   RAM            

        CLASS   ABS1           
                abs_s1                               7E       7E        2         1

        CLASS   SFR0           

        CLASS   SFR1           

        CLASS   SFR2           

        CLASS   SFR3           

        CLASS   CONFIG         
                config                             2007     2007        1         4

        CLASS   IDLOC          

        CLASS   EEDATA         



SEGMENTS        Name                           Load    Length   Top    Selector   Space  Class     Delta

                reset_vec                      000000  000003  000003         0       0  CODE        2
                dataBANK0                      000020  000032  000052        20       1  BANK0       1
                cstackCOMMON                   000070  00000D  00007D        70       1  COMMON      1
                text4                          0004B5  00000F  0004C4       96A       0  CODE        2
                text6                          0004C4  000012  0004D6       988       0  CODE        2
                inittext                       0004D6  000013  0004E9       9AC       0  CODE        2
                text7                          0004E9  000018  000501       9D2       0  CODE        2
                text9                          000501  00001E  00051F       A02       0  CODE        2
                text5                          00051F  00001E  00053D       A3E       0  CODE        2
                idataBANK0                     00053D  000021  00055E       A7A       0  CODE        2
                text3                          00055E  000025  000583       ABC       0  CODE        2
                text2                          000583  000045  0005C8       B06       0  CODE        2
                text1                          0005C8  000059  000621       B90       0  CODE        2
                text10                         000621  00006F  000690       C42       0  CODE        2
                text8                          000690  00006F  0006FF       D20       0  CODE        2
                maintext                       0006FF  0000E3  0007E2       DFE       0  CODE        2
                cinit                          0007E2  00001E  000800       FC4       0  CODE        2


UNUSED ADDRESS RANGES

        Name                Unused          Largest block    Delta
        BANK0            0052-006F             1E           1
        BANK1            00A0-00EF             50           1
        BANK2            0110-016F             60           1
        BANK3            0190-01EF             60           1
        CODE             0003-04B4            4B2           2
                         0800-1FFF            800
        COMMON           007D-007D              1           1
        CONST            0003-04B4            100           2
                         0800-1FFF            100
        EEDATA           2100-21FF            100           2
        ENTRY            0003-04B4            100           2
                         0800-1FFF            100
        IDLOC            2000-2003              4           2
        RAM              0052-006F             1E           1
                         00A0-00EF             50
                         0110-016F             60
                         0190-01EF             60
        SFR0             0000-001F             20           1
        SFR1             0080-009F             20           1
        SFR2             0100-010F             10           1
        SFR3             0180-018F             10           1
        STACK            0110-016F             60           1
        STRCODE          0003-04B4            4B2           2
                         0800-1FFF           1800
        STRING           0003-04B4            100           2
                         0800-1FFF            100

                                  Symbol Table

?___awmod                cstackCOMMON 0070
?___wmul                 cstackCOMMON 0070
LCD_Clear_Column_2@F905  dataBANK0    0020
LCD_DisChar@DATA         cstackCOMMON 0072
LCD_DisStr@i             cstackCOMMON 0075
LCD_DisStr@str           cstackCOMMON 0074
LCD_DisStrRC@column      cstackCOMMON 0077
LCD_DisStrRC@row         cstackCOMMON 0076
LCD_DisStrRC@str         cstackCOMMON 0078
LCD_GotoRC@column        cstackCOMMON 0073
LCD_GotoRC@row           cstackCOMMON 0074
LCD_SendCMD@COMMAND      cstackCOMMON 0072
PWM1_Set_Duty@DC         cstackCOMMON 0076
PWM1_Set_Duty@DutyCycle  cstackCOMMON 007B
PWM1_Set_Duty@temp       cstackCOMMON 007A
_CCP1M2                  (abs)        00BA
_CCP1M3                  (abs)        00BB
_CCP1X                   (abs)        00BD
_CCP1Y                   (abs)        00BC
_CCPR1L                  (abs)        0015
_Duty_Cycle              bssBANK0     004B
_LCD_DisChar             text10       0621
_LCD_DisStr              text9        0501
_LCD_DisStrRC            text6        04C4
_LCD_GotoRC              text7        04E9
_LCD_Init                text5        051F
_LCD_SendCMD             text8        0690
_PORTD                   (abs)        0008
_PR2                     (abs)        0092
_PWM1_Init               text4        04B5
_PWM1_Set_Duty           text2        0583
_RB1                     (abs)        0031
_RB2                     (abs)        0032
_RE1                     (abs)        0049
_RE2                     (abs)        004A
_T2CKPS0                 (abs)        0090
_T2CKPS1                 (abs)        0091
_TMR2ON                  (abs)        0092
_TRISBbits               (abs)        0086
_TRISCbits               (abs)        0087
_TRISD                   (abs)        0088
_TRISEbits               (abs)        0089
__Habs1                  abs1         0000
__Hbank0                 bank0        0000
__Hbank1                 bank1        0000
__Hbank2                 bank2        0000
__Hbank3                 bank3        0000
__HbssBANK0              bssBANK0     0000
__Hcinit                 cinit        0800
__Hclrtext               clrtext      0000
__Hcode                  code         0000
__Hcommon                common       0000
__Hconfig                config       2008
__HcstackBANK0           cstackBANK0  0000
__HcstackCOMMON          cstackCOMMON 0000
__HdataBANK0             dataBANK0    0000
__Heeprom_data           eeprom_data  0000
__Hend_init              end_init     0003
__Hfunctab               functab      0000
__HidataBANK0            idataBANK0   0000
__Hinit                  init         0000
__Hinittext              inittext     0000
__Hintentry              intentry     0000
__Hmaintext              maintext     0000
__Hpowerup               powerup      0000
__Hram                   ram          0000
__Hreset_vec             reset_vec    0000
__Hsfr0                  sfr0         0000
__Hsfr1                  sfr1         0000
__Hsfr2                  sfr2         0000
__Hsfr3                  sfr3         0000
__Hspace_0               (abs)        0800
__Hspace_1               (abs)        007D
__Hspace_2               (abs)        0000
__Hspace_3               (abs)        0000
__Hspace_4               (abs)        400F
__Hstack                 stack        0000
__Hstrings               strings      0000
__Htext                  text         0000
__Labs1                  abs1         0000
__Lbank0                 bank0        0000
__Lbank1                 bank1        0000
__Lbank2                 bank2        0000
__Lbank3                 bank3        0000
__LbssBANK0              bssBANK0     0000
__Lcinit                 cinit        07E2
__Lclrtext               clrtext      0000
__Lcode                  code         0000
__Lcommon                common       0000
__Lconfig                config       0000
__LcstackBANK0           cstackBANK0  0000
__LcstackCOMMON          cstackCOMMON 0000
__LdataBANK0             dataBANK0    0000
__Leeprom_data           eeprom_data  0000
__Lend_init              end_init     0000
__Lfunctab               functab      0000
__LidataBANK0            idataBANK0   0000
__Linit                  init         0000
__Linittext              inittext     0000
__Lintentry              intentry     0000
__Lmaintext              maintext     0000
__Lpowerup               powerup      0000
__Lram                   ram          0000
__Lreset_vec             reset_vec    0000
__Lsfr0                  sfr0         0000
__Lsfr1                  sfr1         0000
__Lsfr2                  sfr2         0000
__Lsfr3                  sfr3         0000
__Lspace_0               (abs)        0000
__Lspace_1               (abs)        0000
__Lspace_2               (abs)        0000
__Lspace_3               (abs)        0000
__Lspace_4               (abs)        0000
__Lstack                 stack        0000
__Lstrings               strings      0000
__Ltext                  text         0000
__S0                     (abs)        0800
__S1                     (abs)        007D
__S2                     (abs)        0000
__S3                     (abs)        0000
___awmod                 text1        05C8
___awmod@counter         cstackCOMMON 0074
___awmod@dividend        cstackCOMMON 0072
___awmod@divisor         cstackCOMMON 0070
___awmod@sign            cstackCOMMON 0075
___int_sp                stack        0000
___latbits               (abs)        0002
___sp                    stack        0000
___stackhi               (abs)        0000
___stacklo               (abs)        0000
___wmul                  text3        055E
___wmul@multiplicand     cstackCOMMON 0072
___wmul@multiplier       cstackCOMMON 0070
___wmul@product          cstackCOMMON 0074
__end_of_LCD_DisChar     text10       0690
__end_of_LCD_DisStr      text9        051F
__end_of_LCD_DisStrRC    text6        04D6
__end_of_LCD_GotoRC      text7        0501
__end_of_LCD_Init        text5        053D
__end_of_LCD_SendCMD     text8        06FF
__end_of_PWM1_Init       text4        04C4
__end_of_PWM1_Set_Duty   text2        05C8
__end_of___awmod         text1        0621
__end_of___wmul          text3        0583
__end_of__initialization cinit        07FC
__end_of_main            maintext     07E2
__initialization         cinit        07E2
__pbssBANK0              bssBANK0     0041
__pcstackBANK0           cstackBANK0  004D
__pcstackCOMMON          cstackCOMMON 0070
__pdataBANK0             dataBANK0    0020
__pidataBANK0            idataBANK0   053D
__pmaintext              maintext     06FF
__ptext1                 text1        05C8
__ptext10                text10       0621
__ptext2                 text2        0583
__ptext3                 text3        055E
__ptext4                 text4        04B5
__ptext5                 text5        051F
__ptext6                 text6        04C4
__ptext7                 text7        04E9
__ptext8                 text8        0690
__ptext9                 text9        0501
__size_of_LCD_DisChar    (abs)        0000
__size_of_LCD_DisStr     (abs)        0000
__size_of_LCD_DisStrRC   (abs)        0000
__size_of_LCD_GotoRC     (abs)        0000
__size_of_LCD_Init       (abs)        0000
__size_of_LCD_SendCMD    (abs)        0000
__size_of_PWM1_Init      (abs)        0000
__size_of_PWM1_Set_Duty  (abs)        0000
__size_of___awmod        (abs)        0000
__size_of___wmul         (abs)        0000
__size_of_main           (abs)        0000
_main                    maintext     06FF
_msg1                    dataBANK0    0031
btemp                    (abs)        007E
end_of_initialization    cinit        07FC
init_fetch0              inittext     04D6
init_ram0                inittext     04DA
intlevel0                functab      0000
intlevel1                functab      0000
intlevel2                functab      0000
intlevel3                functab      0000
intlevel4                functab      0000
intlevel5                functab      0000
main@Decrement_flag      cstackBANK0  004F
main@Increment_flag      cstackBANK0  0050
main@offset              cstackBANK0  0051
reset_vec                reset_vec    0000
start                    init         0000
start_initialization     cinit        07E2
wtemp0                   (abs)        007E


FUNCTION INFORMATION:

 *************** function _main *****************
 Defined at:
		line 19 in file "main.c"
 Parameters:    Size  Location     Type
		None
 Auto vars:     Size  Location     Type
  offset          1    4[BANK0 ] char 
  Increment_fl    1    3[BANK0 ] unsigned char 
  Decrement_fl    1    2[BANK0 ] unsigned char 
 Return value:  Size  Location     Type
                  1    wreg      void 
 Registers used:
		wreg, fsr0l, fsr0h, status,2, status,0, btemp+1, pclath, cstack
 Tracked objects:
		On entry : 
		On exit  : 
		Unchanged: 
 Data sizes:     COMMON   BANK0   BANK1   BANK3   BANK2
      Params:         0       0       0       0       0
      Locals:         0       3       0       0       0
      Temps:          0       2       0       0       0
      Totals:         0       5       0       0       0
Total ram usage:        5 bytes
 Hardware stack levels required when called:    3
 This function calls:
		_LCD_DisChar
		_LCD_DisStrRC
		_LCD_GotoRC
		_LCD_Init
		_PWM1_Init
		_PWM1_Set_Duty
		___awmod
 This function is called by:
		Startup code after reset
 This function uses a non-reentrant model


 *************** function ___awmod *****************
 Defined at:
		line 5 in file "C:\Program Files\Microchip\xc8\v2.20\pic\sources\c90\common\awmod.c"
 Parameters:    Size  Location     Type
  divisor         2    0[COMMON] int 
  dividend        2    2[COMMON] int 
 Auto vars:     Size  Location     Type
  sign            1    5[COMMON] unsigned char 
  counter         1    4[COMMON] unsigned char 
 Return value:  Size  Location     Type
                  2    0[COMMON] int 
 Registers used:
		wreg, status,2, status,0, btemp+1
 Tracked objects:
		On entry : 
		On exit  : 
		Unchanged: 
 Data sizes:     COMMON   BANK0   BANK1   BANK3   BANK2
      Params:         4       0       0       0       0
      Locals:         2       0       0       0       0
      Temps:          0       0       0       0       0
      Totals:         6       0       0       0       0
Total ram usage:        6 bytes
 Hardware stack levels used:    1
 This function calls:
		Nothing
 This function is called by:
		_main
 This function uses a non-reentrant model


 *************** function _PWM1_Set_Duty *****************
 Defined at:
		line 21 in file "PWM.c"
 Parameters:    Size  Location     Type
  DC              2    6[COMMON] unsigned int 
 Auto vars:     Size  Location     Type
  temp            1   10[COMMON] unsigned char 
  DutyCycle       2   11[COMMON] unsigned int 
 Return value:  Size  Location     Type
                  1    wreg      void 
 Registers used:
		wreg, status,2, status,0, btemp+1, pclath, cstack
 Tracked objects:
		On entry : 
		On exit  : 
		Unchanged: 
 Data sizes:     COMMON   BANK0   BANK1   BANK3   BANK2
      Params:         2       0       0       0       0
      Locals:         3       0       0       0       0
      Temps:          2       0       0       0       0
      Totals:         7       0       0       0       0
Total ram usage:        7 bytes
 Hardware stack levels used:    1
 Hardware stack levels required when called:    1
 This function calls:
		___wmul
 This function is called by:
		_main
 This function uses a non-reentrant model


 *************** function ___wmul *****************
 Defined at:
		line 15 in file "C:\Program Files\Microchip\xc8\v2.20\pic\sources\c90\common\Umul16.c"
 Parameters:    Size  Location     Type
  multiplier      2    0[COMMON] unsigned int 
  multiplicand    2    2[COMMON] unsigned int 
 Auto vars:     Size  Location     Type
  product         2    4[COMMON] unsigned int 
 Return value:  Size  Location     Type
                  2    0[COMMON] unsigned int 
 Registers used:
		wreg, status,2, status,0
 Tracked objects:
		On entry : 
		On exit  : 
		Unchanged: 
 Data sizes:     COMMON   BANK0   BANK1   BANK3   BANK2
      Params:         4       0       0       0       0
      Locals:         2       0       0       0       0
      Temps:          0       0       0       0       0
      Totals:         6       0       0       0       0
Total ram usage:        6 bytes
 Hardware stack levels used:    1
 This function calls:
		Nothing
 This function is called by:
		_PWM1_Set_Duty
 This function uses a non-reentrant model


 *************** function _PWM1_Init *****************
 Defined at:
		line 4 in file "PWM.c"
 Parameters:    Size  Location     Type
		None
 Auto vars:     Size  Location     Type
		None
 Return value:  Size  Location     Type
                  1    wreg      void 
 Registers used:
		wreg
 Tracked objects:
		On entry : 
		On exit  : 
		Unchanged: 
 Data sizes:     COMMON   BANK0   BANK1   BANK3   BANK2
      Params:         0       0       0       0       0
      Locals:         0       0       0       0       0
      Temps:          0       0       0       0       0
      Totals:         0       0       0       0       0
Total ram usage:        0 bytes
 Hardware stack levels used:    1
 This function calls:
		Nothing
 This function is called by:
		_main
 This function uses a non-reentrant model


 *************** function _LCD_Init *****************
 Defined at:
		line 6 in file "LCD.c"
 Parameters:    Size  Location     Type
		None
 Auto vars:     Size  Location     Type
		None
 Return value:  Size  Location     Type
                  1    wreg      void 
 Registers used:
		wreg, status,2, status,0, btemp+1, pclath, cstack
 Tracked objects:
		On entry : 
		On exit  : 
		Unchanged: 
 Data sizes:     COMMON   BANK0   BANK1   BANK3   BANK2
      Params:         0       0       0       0       0
      Locals:         0       0       0       0       0
      Temps:          0       0       0       0       0
      Totals:         0       0       0       0       0
Total ram usage:        0 bytes
 Hardware stack levels used:    1
 Hardware stack levels required when called:    1
 This function calls:
		_LCD_SendCMD
 This function is called by:
		_main
 This function uses a non-reentrant model


 *************** function _LCD_DisStrRC *****************
 Defined at:
		line 190 in file "LCD.c"
 Parameters:    Size  Location     Type
  str             1    wreg     PTR unsigned char 
		 -> LCD_Clear_Column_2@blank_array(17), msg1(16), 
  row             1    6[COMMON] unsigned char 
  column          1    7[COMMON] unsigned char 
 Auto vars:     Size  Location     Type
  str             1    8[COMMON] PTR unsigned char 
		 -> LCD_Clear_Column_2@blank_array(17), msg1(16), 
 Return value:  Size  Location     Type
                  1    wreg      void 
 Registers used:
		wreg, fsr0l, fsr0h, status,2, status,0, btemp+1, pclath, cstack
 Tracked objects:
		On entry : 
		On exit  : 
		Unchanged: 
 Data sizes:     COMMON   BANK0   BANK1   BANK3   BANK2
      Params:         2       0       0       0       0
      Locals:         1       0       0       0       0
      Temps:          0       0       0       0       0
      Totals:         3       0       0       0       0
Total ram usage:        3 bytes
 Hardware stack levels used:    1
 Hardware stack levels required when called:    2
 This function calls:
		_LCD_DisStr
		_LCD_GotoRC
 This function is called by:
		_main
		_LCD_Clear_Column_2
 This function uses a non-reentrant model


 *************** function _LCD_GotoRC *****************
 Defined at:
		line 179 in file "LCD.c"
 Parameters:    Size  Location     Type
  row             1    wreg     unsigned char 
  column          1    3[COMMON] unsigned char 
 Auto vars:     Size  Location     Type
  row             1    4[COMMON] unsigned char 
 Return value:  Size  Location     Type
                  1    wreg      void 
 Registers used:
		wreg, status,2, status,0, btemp+1, pclath, cstack
 Tracked objects:
		On entry : 
		On exit  : 
		Unchanged: 
 Data sizes:     COMMON   BANK0   BANK1   BANK3   BANK2
      Params:         1       0       0       0       0
      Locals:         1       0       0       0       0
      Temps:          0       0       0       0       0
      Totals:         2       0       0       0       0
Total ram usage:        2 bytes
 Hardware stack levels used:    1
 Hardware stack levels required when called:    1
 This function calls:
		_LCD_SendCMD
 This function is called by:
		_main
		_LCD_DisStrRC
 This function uses a non-reentrant model


 *************** function _LCD_SendCMD *****************
 Defined at:
		line 31 in file "LCD.c"
 Parameters:    Size  Location     Type
  COMMAND         1    wreg     unsigned char 
 Auto vars:     Size  Location     Type
  COMMAND         1    2[COMMON] unsigned char 
 Return value:  Size  Location     Type
                  1    wreg      void 
 Registers used:
		wreg, status,2, status,0, btemp+1
 Tracked objects:
		On entry : 
		On exit  : 
		Unchanged: 
 Data sizes:     COMMON   BANK0   BANK1   BANK3   BANK2
      Params:         0       0       0       0       0
      Locals:         1       0       0       0       0
      Temps:          2       0       0       0       0
      Totals:         3       0       0       0       0
Total ram usage:        3 bytes
 Hardware stack levels used:    1
 This function calls:
		Nothing
 This function is called by:
		_LCD_Init
		_LCD_GotoRC
 This function uses a non-reentrant model


 *************** function _LCD_DisStr *****************
 Defined at:
		line 120 in file "LCD.c"
 Parameters:    Size  Location     Type
  str             1    wreg     PTR unsigned char 
		 -> LCD_Clear_Column_2@blank_array(17), msg1(16), 
 Auto vars:     Size  Location     Type
  str             1    4[COMMON] PTR unsigned char 
		 -> LCD_Clear_Column_2@blank_array(17), msg1(16), 
  i               1    5[COMMON] unsigned char 
 Return value:  Size  Location     Type
                  1    wreg      void 
 Registers used:
		wreg, fsr0l, fsr0h, status,2, status,0, btemp+1, pclath, cstack
 Tracked objects:
		On entry : 
		On exit  : 
		Unchanged: 
 Data sizes:     COMMON   BANK0   BANK1   BANK3   BANK2
      Params:         0       0       0       0       0
      Locals:         2       0       0       0       0
      Temps:          1       0       0       0       0
      Totals:         3       0       0       0       0
Total ram usage:        3 bytes
 Hardware stack levels used:    1
 Hardware stack levels required when called:    1
 This function calls:
		_LCD_DisChar
 This function is called by:
		_LCD_DisStrRC
 This function uses a non-reentrant model


 *************** function _LCD_DisChar *****************
 Defined at:
		line 76 in file "LCD.c"
 Parameters:    Size  Location     Type
  DATA            1    wreg     unsigned char 
 Auto vars:     Size  Location     Type
  DATA            1    2[COMMON] unsigned char 
 Return value:  Size  Location     Type
                  1    wreg      void 
 Registers used:
		wreg, status,2, status,0, btemp+1
 Tracked objects:
		On entry : 
		On exit  : 
		Unchanged: 
 Data sizes:     COMMON   BANK0   BANK1   BANK3   BANK2
      Params:         0       0       0       0       0
      Locals:         1       0       0       0       0
      Temps:          2       0       0       0       0
      Totals:         3       0       0       0       0
Total ram usage:        3 bytes
 Hardware stack levels used:    1
 This function calls:
		Nothing
 This function is called by:
		_main
		_LCD_DisStr
 This function uses a non-reentrant model



MODULE INFORMATION

Module		Function		Class		Link	Load	Size
PWM.c
		_PWM1_Init     		CODE           	04B5	0000	16
		_PWM1_Set_Duty 		CODE           	0583	0000	70

PWM.c estimated size: 86

C:\Program Files\Microchip\xc8\v2.20\pic\sources\c90\common\awmod.c
		___awmod       		CODE           	05C8	0000	90

C:\Program Files\Microchip\xc8\v2.20\pic\sources\c90\common\awmod.c estimated size: 90

shared
		__initialization		CODE           	07E2	0000	27

shared estimated size: 27

C:\Program Files\Microchip\xc8\v2.20\pic\sources\c90\common\Umul16.c
		___wmul        		CODE           	055E	0000	38

C:\Program Files\Microchip\xc8\v2.20\pic\sources\c90\common\Umul16.c estimated size: 38

main.c
		_main          		CODE           	06FF	0000	228

main.c estimated size: 228

LCD.c
		_LCD_Init      		CODE           	051F	0000	31
		_LCD_SendCMD   		CODE           	0690	0000	112
		_LCD_DisStr    		CODE           	0501	0000	31
		_LCD_DisChar   		CODE           	0621	0000	112
		_LCD_DisStrRC  		CODE           	04C4	0000	19
		_LCD_GotoRC    		CODE           	04E9	0000	25

LCD.c estimated size: 330

